Archive member included because of file (symbol)

u:/installedapps/atmel/atmel toolchain/arm gcc/native/4.7.3.1029/arm-gnu-toolchain/bin/../lib/gcc/arm-none-eabi/4.7.3/armv7-m\libgcc.a(_arm_addsubdf3.o)
                              src/PID.o (__aeabi_dsub)
u:/installedapps/atmel/atmel toolchain/arm gcc/native/4.7.3.1029/arm-gnu-toolchain/bin/../lib/gcc/arm-none-eabi/4.7.3/armv7-m\libgcc.a(_arm_muldivdf3.o)
                              src/PID.o (__aeabi_dmul)
u:/installedapps/atmel/atmel toolchain/arm gcc/native/4.7.3.1029/arm-gnu-toolchain/bin/../lib/gcc/arm-none-eabi/4.7.3/armv7-m\libgcc.a(_arm_cmpdf2.o)
                              src/PID.o (__aeabi_dcmpeq)
u:/installedapps/atmel/atmel toolchain/arm gcc/native/4.7.3.1029/arm-gnu-toolchain/bin/../lib/gcc/arm-none-eabi/4.7.3/armv7-m\libgcc.a(_arm_fixdfsi.o)
                              src/matlabcomm.o (__aeabi_d2iz)
u:/installedapps/atmel/atmel toolchain/arm gcc/native/4.7.3.1029/arm-gnu-toolchain/bin/../lib/gcc/arm-none-eabi/4.7.3/armv7-m\libgcc.a(_arm_fixunsdfsi.o)
                              src/matlabcomm.o (__aeabi_d2uiz)
u:/installedapps/atmel/atmel toolchain/arm gcc/native/4.7.3.1029/arm-gnu-toolchain/bin/../lib/gcc/arm-none-eabi/4.7.3/../../../../arm-none-eabi/lib/armv7-m\libc.a(lib_a-__atexit.o)
                              u:/installedapps/atmel/atmel toolchain/arm gcc/native/4.7.3.1029/arm-gnu-toolchain/bin/../lib/gcc/arm-none-eabi/4.7.3/../../../../arm-none-eabi/lib/armv7-m/crt0.o (__register_exitproc)
u:/installedapps/atmel/atmel toolchain/arm gcc/native/4.7.3.1029/arm-gnu-toolchain/bin/../lib/gcc/arm-none-eabi/4.7.3/../../../../arm-none-eabi/lib/armv7-m\libc.a(lib_a-exit.o)
                              u:/installedapps/atmel/atmel toolchain/arm gcc/native/4.7.3.1029/arm-gnu-toolchain/bin/../lib/gcc/arm-none-eabi/4.7.3/../../../../arm-none-eabi/lib/armv7-m/crt0.o (exit)
u:/installedapps/atmel/atmel toolchain/arm gcc/native/4.7.3.1029/arm-gnu-toolchain/bin/../lib/gcc/arm-none-eabi/4.7.3/../../../../arm-none-eabi/lib/armv7-m\libc.a(lib_a-fini.o)
                              u:/installedapps/atmel/atmel toolchain/arm gcc/native/4.7.3.1029/arm-gnu-toolchain/bin/../lib/gcc/arm-none-eabi/4.7.3/../../../../arm-none-eabi/lib/armv7-m/crt0.o (__libc_fini_array)
u:/installedapps/atmel/atmel toolchain/arm gcc/native/4.7.3.1029/arm-gnu-toolchain/bin/../lib/gcc/arm-none-eabi/4.7.3/../../../../arm-none-eabi/lib/armv7-m\libc.a(lib_a-impure.o)
                              u:/installedapps/atmel/atmel toolchain/arm gcc/native/4.7.3.1029/arm-gnu-toolchain/bin/../lib/gcc/arm-none-eabi/4.7.3/../../../../arm-none-eabi/lib/armv7-m\libc.a(lib_a-__atexit.o) (_global_impure_ptr)
u:/installedapps/atmel/atmel toolchain/arm gcc/native/4.7.3.1029/arm-gnu-toolchain/bin/../lib/gcc/arm-none-eabi/4.7.3/../../../../arm-none-eabi/lib/armv7-m\libc.a(lib_a-init.o)
                              u:/installedapps/atmel/atmel toolchain/arm gcc/native/4.7.3.1029/arm-gnu-toolchain/bin/../lib/gcc/arm-none-eabi/4.7.3/../../../../arm-none-eabi/lib/armv7-m/crt0.o (__libc_init_array)
u:/installedapps/atmel/atmel toolchain/arm gcc/native/4.7.3.1029/arm-gnu-toolchain/bin/../lib/gcc/arm-none-eabi/4.7.3/../../../../arm-none-eabi/lib/armv7-m\libc.a(lib_a-iprintf.o)
                              src/matlabcomm.o (iprintf)
u:/installedapps/atmel/atmel toolchain/arm gcc/native/4.7.3.1029/arm-gnu-toolchain/bin/../lib/gcc/arm-none-eabi/4.7.3/../../../../arm-none-eabi/lib/armv7-m\libc.a(lib_a-memcpy.o)
                              src/ASF/thirdparty/freertos/freertos-7.3.0/source/queue.o (memcpy)
u:/installedapps/atmel/atmel toolchain/arm gcc/native/4.7.3.1029/arm-gnu-toolchain/bin/../lib/gcc/arm-none-eabi/4.7.3/../../../../arm-none-eabi/lib/armv7-m\libc.a(lib_a-memset.o)
                              u:/installedapps/atmel/atmel toolchain/arm gcc/native/4.7.3.1029/arm-gnu-toolchain/bin/../lib/gcc/arm-none-eabi/4.7.3/../../../../arm-none-eabi/lib/armv7-m/crt0.o (memset)
u:/installedapps/atmel/atmel toolchain/arm gcc/native/4.7.3.1029/arm-gnu-toolchain/bin/../lib/gcc/arm-none-eabi/4.7.3/../../../../arm-none-eabi/lib/armv7-m\libc.a(lib_a-puts.o)
                              src/ASF/sam/drivers/adc/adc.o (puts)
u:/installedapps/atmel/atmel toolchain/arm gcc/native/4.7.3.1029/arm-gnu-toolchain/bin/../lib/gcc/arm-none-eabi/4.7.3/../../../../arm-none-eabi/lib/armv7-m\libc.a(lib_a-setbuf.o)
                              src/main.o (setbuf)
u:/installedapps/atmel/atmel toolchain/arm gcc/native/4.7.3.1029/arm-gnu-toolchain/bin/../lib/gcc/arm-none-eabi/4.7.3/../../../../arm-none-eabi/lib/armv7-m\libc.a(lib_a-setvbuf.o)
                              u:/installedapps/atmel/atmel toolchain/arm gcc/native/4.7.3.1029/arm-gnu-toolchain/bin/../lib/gcc/arm-none-eabi/4.7.3/../../../../arm-none-eabi/lib/armv7-m\libc.a(lib_a-setbuf.o) (setvbuf)
[...]
Memory Configuration

Name             Origin             Length             Attributes
rom              0x00080000         0x00080000         xr
sram0            0x20000000         0x00010000         xrw
sram1            0x20080000         0x00008000         xrw
ram              0x20070000         0x00018000         xrw
*default*        0x00000000         0xffffffff

Linker script and memory map

LOAD u:/installedapps/atmel/atmel toolchain/arm gcc/native/4.7.3.1029/arm-gnu-toolchain/bin/../lib/gcc/arm-none-eabi/4.7.3/armv7-m/crti.o
LOAD u:/installedapps/atmel/atmel toolchain/arm gcc/native/4.7.3.1029/arm-gnu-toolchain/bin/../lib/gcc/arm-none-eabi/4.7.3/armv7-m/crtbegin.o
LOAD u:/installedapps/atmel/atmel toolchain/arm gcc/native/4.7.3.1029/arm-gnu-toolchain/bin/../lib/gcc/arm-none-eabi/4.7.3/../../../../arm-none-eabi/lib/armv7-m/crt0.o
LOAD src/ASF/sam/drivers/dacc/dacc.o
LOAD src/global_variables.o
LOAD src/matlabcomm.o
LOAD src/timer_delay.o
LOAD src/ASF/common/services/serial/usart_serial.o
LOAD src/ASF/common/utils/stdio/read.o
LOAD src/ASF/common/utils/stdio/write.o
LOAD src/ASF/sam/drivers/adc/adc.o
LOAD src/ASF/sam/drivers/adc/adc_sam3u.o
LOAD src/ASF/sam/drivers/tc/tc.o
LOAD src/ASF/sam/drivers/uart/uart.o
LOAD src/ASF/sam/drivers/usart/usart.o
LOAD src/ASF/thirdparty/freertos/freertos-7.3.0/source/FreeRTOS_CLI.o
LOAD src/ASF/thirdparty/freertos/freertos-7.3.0/source/list.o
LOAD src/ASF/thirdparty/freertos/freertos-7.3.0/source/portable/gcc/arm_cm3/port.o
LOAD src/ASF/thirdparty/freertos/freertos-7.3.0/source/portable/memmang/heap_4.o
LOAD src/ASF/thirdparty/freertos/freertos-7.3.0/source/queue.o
LOAD src/ASF/thirdparty/freertos/freertos-7.3.0/source/tasks.o
LOAD src/ASF/thirdparty/freertos/freertos-7.3.0/source/timers.o
LOAD src/lcd_shield.o
LOAD src/main.o
LOAD src/ASF/common/services/clock/sam3x/sysclk.o
LOAD src/ASF/common/utils/interrupt/interrupt_sam_nvic.o
LOAD src/ASF/sam/boards/arduino_due_x/init.o
LOAD src/ASF/sam/drivers/pio/pio.o
LOAD src/ASF/sam/drivers/pio/pio_handler.o
LOAD src/ASF/sam/drivers/pmc/pmc.o
LOAD src/ASF/sam/drivers/pmc/sleep.o
LOAD src/ASF/sam/utils/cmsis/sam3x/source/templates/exceptions.o
LOAD src/ASF/sam/utils/cmsis/sam3x/source/templates/gcc/startup_sam3x.o
LOAD src/ASF/sam/utils/cmsis/sam3x/source/templates/system_sam3x.o
LOAD src/ASF/sam/utils/syscalls/gcc/syscalls.o
LOAD src/adc_and_dac.o
LOAD src/PID.o
LOAD src/HMI.o
START GROUP
LOAD ../src/ASF/thirdparty/CMSIS/Lib/GCC\libarm_cortexM3l_math.a
LOAD u:/installedapps/atmel/atmel toolchain/arm gcc/native/4.7.3.1029/arm-gnu-toolchain/bin/../lib/gcc/arm-none-eabi/4.7.3/../../../../arm-none-eabi/lib/armv7-m\libm.a
END GROUP
START GROUP
LOAD u:/installedapps/atmel/atmel toolchain/arm gcc/native/4.7.3.1029/arm-gnu-toolchain/bin/../lib/gcc/arm-none-eabi/4.7.3/armv7-m\libgcc.a
LOAD u:/installedapps/atmel/atmel toolchain/arm gcc/native/4.7.3.1029/arm-gnu-toolchain/bin/../lib/gcc/arm-none-eabi/4.7.3/../../../../arm-none-eabi/lib/armv7-m\libc.a
END GROUP
LOAD u:/installedapps/atmel/atmel toolchain/arm gcc/native/4.7.3.1029/arm-gnu-toolchain/bin/../lib/gcc/arm-none-eabi/4.7.3/armv7-m/crtend.o
LOAD u:/installedapps/atmel/atmel toolchain/arm gcc/native/4.7.3.1029/arm-gnu-toolchain/bin/../lib/gcc/arm-none-eabi/4.7.3/armv7-m/crtn.o
                [0x00002000]                __stack_size__ = DEFINED (__stack_size__)?__stack_size__:0x2000

.text           0x00080000     0x82a8
                0x00080000                . = ALIGN (0x4)
                0x00080000                _sfixed = .
 *(.vectors .vectors.*)
 .vectors       0x00080000       0xf4 src/ASF/sam/utils/cmsis/sam3x/source/templates/gcc/startup_sam3x.o
                0x00080000                exception_table
 *(.text .text.* .gnu.linkonce.t.*)
 .text          0x000800f4       0xb0 u:/installedapps/atmel/atmel toolchain/arm gcc/native/4.7.3.1029/arm-gnu-toolchain/bin/../lib/gcc/arm-none-eabi/4.7.3/armv7-m/crtbegin.o
 .text.dacc_reset
                0x000801a4        0x8 src/ASF/sam/drivers/dacc/dacc.o
                0x000801a4                dacc_reset
 .text.dacc_set_transfer_mode
                0x000801ac       0x1c src/ASF/sam/drivers/dacc/dacc.o
                0x000801ac                dacc_set_transfer_mode
 .text.dacc_write_conversion_data
                0x000801c8        0x4 src/ASF/sam/drivers/dacc/dacc.o
                0x000801c8                dacc_write_conversion_data
 .text.dacc_set_channel_selection
                0x000801cc       0x1c src/ASF/sam/drivers/dacc/dacc.o
                0x000801cc                dacc_set_channel_selection
 .text.dacc_set_timing
                0x000801e8       0x34 src/ASF/sam/drivers/dacc/dacc.o
                0x000801e8                dacc_set_timing
 .text.dacc_enable_channel
                0x0008021c       0x1c src/ASF/sam/drivers/dacc/dacc.o
                0x0008021c                dacc_enable_channel
 .text.communication
                0x00080238       0xb4 src/matlabcomm.o
                0x00080238                communication
 .text.delay_init
                0x000802ec       0x64 src/timer_delay.o
                0x000802ec                delay_init
 .text.delay    0x00080350       0x5c src/timer_delay.o
                0x00080350                delay
 .text._read    0x000803ac       0x88 src/ASF/common/utils/stdio/read.o
                0x000803ac                _read
 .text._write   0x00080434       0xa0 src/ASF/common/utils/stdio/write.o
                0x00080434                _write
 .text.adc_init
                0x000804d4       0x40 src/ASF/sam/drivers/adc/adc.o
                0x000804d4                adc_init
 .text.adc_set_resolution
                0x00080514       0x10 src/ASF/sam/drivers/adc/adc.o
                0x00080514                adc_set_resolution
 .text.adc_configure_trigger
                0x00080524       0x10 src/ASF/sam/drivers/adc/adc.o
                0x00080524                adc_configure_trigger
 .text.adc_configure_timing
                0x00080534       0x20 src/ASF/sam/drivers/adc/adc.o
                0x00080534                adc_configure_timing
 .text.adc_start
                0x00080554        0x8 src/ASF/sam/drivers/adc/adc.o
                0x00080554                adc_start
 .text.adc_get_channel_value
                0x0008055c       0x14 src/ASF/sam/drivers/adc/adc.o
                0x0008055c                adc_get_channel_value
 .text.adc_get_status
                0x00080570        0x4 src/ASF/sam/drivers/adc/adc.o
                0x00080570                adc_get_status
 .text.tc_init  0x00080574       0x1c src/ASF/sam/drivers/tc/tc.o
                0x00080574                tc_init
 .text.tc_set_block_mode
                0x00080590        0x8 src/ASF/sam/drivers/tc/tc.o
                0x00080590                tc_set_block_mode
 .text.tc_start
                0x00080598        0xc src/ASF/sam/drivers/tc/tc.o
                0x00080598                tc_start
 .text.tc_stop  0x000805a4        0xc src/ASF/sam/drivers/tc/tc.o
                0x000805a4                tc_stop
 .text.tc_read_cv
                0x000805b0        0x8 src/ASF/sam/drivers/tc/tc.o
                0x000805b0                tc_read_cv
 .text.uart_init
                0x000805b8       0x44 src/ASF/sam/drivers/uart/uart.o
                0x000805b8                uart_init
 .text.uart_write
                0x000805fc       0x18 src/ASF/sam/drivers/uart/uart.o
                0x000805fc                uart_write
 .text.uart_read
                0x00080614       0x18 src/ASF/sam/drivers/uart/uart.o
                0x00080614                uart_read
 .text.usart_write
                0x0008062c       0x20 src/ASF/sam/drivers/usart/usart.o
                0x0008062c                usart_write
 .text.usart_read
                0x0008064c       0x20 src/ASF/sam/drivers/usart/usart.o
                0x0008064c                usart_read
 .text.vListInitialise
                0x0008066c       0x18 src/ASF/thirdparty/freertos/freertos-7.3.0/source/list.o
                0x0008066c                vListInitialise
 .text.vListInitialiseItem
                0x00080684        0x8 src/ASF/thirdparty/freertos/freertos-7.3.0/source/list.o
                0x00080684                vListInitialiseItem
 .text.vListInsertEnd
                0x0008068c       0x20 src/ASF/thirdparty/freertos/freertos-7.3.0/source/list.o
                0x0008068c                vListInsertEnd
 .text.vListInsert
                0x000806ac       0x44 src/ASF/thirdparty/freertos/freertos-7.3.0/source/list.o
                0x000806ac                vListInsert
 .text.uxListRemove
                0x000806f0       0x2c src/ASF/thirdparty/freertos/freertos-7.3.0/source/list.o
                0x000806f0                uxListRemove
 .text.prvPortStartFirstTask
                0x0008071c       0x14 src/ASF/thirdparty/freertos/freertos-7.3.0/source/portable/gcc/arm_cm3/port.o
 .text.pxPortInitialiseStack
                0x00080730       0x20 src/ASF/thirdparty/freertos/freertos-7.3.0/source/portable/gcc/arm_cm3/port.o
                0x00080730                pxPortInitialiseStack
 .text.SVC_Handler
                0x00080750       0x20 src/ASF/thirdparty/freertos/freertos-7.3.0/source/portable/gcc/arm_cm3/port.o
                0x00080750                SVC_Handler
 .text.vPortYieldFromISR
                0x00080770       0x10 src/ASF/thirdparty/freertos/freertos-7.3.0/source/portable/gcc/arm_cm3/port.o
                0x00080770                vPortYieldFromISR
 .text.ulPortSetInterruptMask
                0x00080780       0x14 src/ASF/thirdparty/freertos/freertos-7.3.0/source/portable/gcc/arm_cm3/port.o
                0x00080780                ulPortSetInterruptMask
 .text.vPortEnterCritical
                0x00080794       0x20 src/ASF/thirdparty/freertos/freertos-7.3.0/source/portable/gcc/arm_cm3/port.o
                0x00080794                vPortEnterCritical
 .text.vPortClearInterruptMask
                0x000807b4        0x8 src/ASF/thirdparty/freertos/freertos-7.3.0/source/portable/gcc/arm_cm3/port.o
                0x000807b4                vPortClearInterruptMask
 .text.vPortExitCritical
                0x000807bc       0x24 src/ASF/thirdparty/freertos/freertos-7.3.0/source/portable/gcc/arm_cm3/port.o
                0x000807bc                vPortExitCritical
 .text.PendSV_Handler
                0x000807e0       0x3c src/ASF/thirdparty/freertos/freertos-7.3.0/source/portable/gcc/arm_cm3/port.o
                0x000807e0                PendSV_Handler
 .text.SysTick_Handler
                0x0008081c       0x34 src/ASF/thirdparty/freertos/freertos-7.3.0/source/portable/gcc/arm_cm3/port.o
                0x0008081c                SysTick_Handler
 .text.vPortSetupTimerInterrupt
                0x00080850       0x24 src/ASF/thirdparty/freertos/freertos-7.3.0/source/portable/gcc/arm_cm3/port.o
                0x00080850                vPortSetupTimerInterrupt
 .text.xPortStartScheduler
                0x00080874       0x40 src/ASF/thirdparty/freertos/freertos-7.3.0/source/portable/gcc/arm_cm3/port.o
                0x00080874                xPortStartScheduler
 .text.prvInsertBlockIntoFreeList
                0x000808b4       0x5c src/ASF/thirdparty/freertos/freertos-7.3.0/source/portable/memmang/heap_4.o
 .text.pvPortMalloc
                0x00080910       0xfc src/ASF/thirdparty/freertos/freertos-7.3.0/source/portable/memmang/heap_4.o
                0x00080910                pvPortMalloc
 .text.vPortFree
                0x00080a0c       0x3c src/ASF/thirdparty/freertos/freertos-7.3.0/source/portable/memmang/heap_4.o
                0x00080a0c                vPortFree
 .text.prvUnlockQueue
                0x00080a48       0xb4 src/ASF/thirdparty/freertos/freertos-7.3.0/source/queue.o
 .text.prvCopyDataFromQueue
                0x00080afc       0x28 src/ASF/thirdparty/freertos/freertos-7.3.0/source/queue.o
 .text.prvCopyDataToQueue
                0x00080b24       0x78 src/ASF/thirdparty/freertos/freertos-7.3.0/source/queue.o
 .text.xQueueGenericReset
                0x00080b9c       0x90 src/ASF/thirdparty/freertos/freertos-7.3.0/source/queue.o
                0x00080b9c                xQueueGenericReset
 .text.xQueueGenericCreate
                0x00080c2c       0x6c src/ASF/thirdparty/freertos/freertos-7.3.0/source/queue.o
                0x00080c2c                xQueueGenericCreate
 .text.xQueueGenericSend
                0x00080c98      0x180 src/ASF/thirdparty/freertos/freertos-7.3.0/source/queue.o
                0x00080c98                xQueueGenericSend
 .text.xQueueGenericSendFromISR
                0x00080e18       0xb0 src/ASF/thirdparty/freertos/freertos-7.3.0/source/queue.o
                0x00080e18                xQueueGenericSendFromISR
 .text.xQueueGenericReceive
                0x00080ec8      0x1d0 src/ASF/thirdparty/freertos/freertos-7.3.0/source/queue.o
                0x00080ec8                xQueueGenericReceive
 .text.vQueueWaitForMessageRestricted
                0x00081098       0x54 src/ASF/thirdparty/freertos/freertos-7.3.0/source/queue.o
                0x00081098                vQueueWaitForMessageRestricted
 .text.prvAddCurrentTaskToDelayedList
                0x000810ec       0x84 src/ASF/thirdparty/freertos/freertos-7.3.0/source/tasks.o
 .text.xTaskGenericCreate
                0x00081170      0x2bc src/ASF/thirdparty/freertos/freertos-7.3.0/source/tasks.o
                0x00081170                xTaskGenericCreate
 .text.vTaskStartScheduler
                0x0008142c       0x88 src/ASF/thirdparty/freertos/freertos-7.3.0/source/tasks.o
                0x0008142c                vTaskStartScheduler
 .text.vTaskSuspendAll
                0x000814b4       0x14 src/ASF/thirdparty/freertos/freertos-7.3.0/source/tasks.o
                0x000814b4                vTaskSuspendAll
 .text.xTaskGetTickCount
                0x000814c8       0x28 src/ASF/thirdparty/freertos/freertos-7.3.0/source/tasks.o
                0x000814c8                xTaskGetTickCount
 .text.vTaskIncrementTick
                0x000814f0      0x19c src/ASF/thirdparty/freertos/freertos-7.3.0/source/tasks.o
                0x000814f0                vTaskIncrementTick
 .text.xTaskResumeAll
                0x0008168c      0x14c src/ASF/thirdparty/freertos/freertos-7.3.0/source/tasks.o
                0x0008168c                xTaskResumeAll
 .text.prvIdleTask
                0x000817d8       0xa0 src/ASF/thirdparty/freertos/freertos-7.3.0/source/tasks.o
 .text.vTaskDelay
                0x00081878       0x5c src/ASF/thirdparty/freertos/freertos-7.3.0/source/tasks.o
                0x00081878                vTaskDelay
 .text.vTaskDelayUntil
                0x000818d4       0xbc src/ASF/thirdparty/freertos/freertos-7.3.0/source/tasks.o
                0x000818d4                vTaskDelayUntil
 .text.vTaskSwitchContext
                0x00081990       0xc0 src/ASF/thirdparty/freertos/freertos-7.3.0/source/tasks.o
                0x00081990                vTaskSwitchContext
 .text.vTaskPlaceOnEventList
                0x00081a50       0x78 src/ASF/thirdparty/freertos/freertos-7.3.0/source/tasks.o
                0x00081a50                vTaskPlaceOnEventList
 .text.vTaskPlaceOnEventListRestricted
                0x00081ac8       0x58 src/ASF/thirdparty/freertos/freertos-7.3.0/source/tasks.o
                0x00081ac8                vTaskPlaceOnEventListRestricted
 .text.xTaskRemoveFromEventList
                0x00081b20       0xa8 src/ASF/thirdparty/freertos/freertos-7.3.0/source/tasks.o
                0x00081b20                xTaskRemoveFromEventList
 .text.vTaskSetTimeOutState
                0x00081bc8       0x30 src/ASF/thirdparty/freertos/freertos-7.3.0/source/tasks.o
                0x00081bc8                vTaskSetTimeOutState
 .text.xTaskCheckForTimeOut
                0x00081bf8       0xb4 src/ASF/thirdparty/freertos/freertos-7.3.0/source/tasks.o
                0x00081bf8                xTaskCheckForTimeOut
 .text.vTaskMissedYield
                0x00081cac       0x10 src/ASF/thirdparty/freertos/freertos-7.3.0/source/tasks.o
                0x00081cac                vTaskMissedYield
 .text.xTaskGetCurrentTaskHandle
                0x00081cbc        0xc src/ASF/thirdparty/freertos/freertos-7.3.0/source/tasks.o
                0x00081cbc                xTaskGetCurrentTaskHandle
 .text.xTaskGetSchedulerState
                0x00081cc8       0x28 src/ASF/thirdparty/freertos/freertos-7.3.0/source/tasks.o
                0x00081cc8                xTaskGetSchedulerState
 .text.vTaskPriorityInherit
                0x00081cf0       0xa8 src/ASF/thirdparty/freertos/freertos-7.3.0/source/tasks.o
                0x00081cf0                vTaskPriorityInherit
 .text.vTaskPriorityDisinherit
                0x00081d98       0x60 src/ASF/thirdparty/freertos/freertos-7.3.0/source/tasks.o
                0x00081d98                vTaskPriorityDisinherit
 .text.prvCheckForValidListAndQueue
                0x00081df8       0x78 src/ASF/thirdparty/freertos/freertos-7.3.0/source/timers.o
 .text.prvInsertTimerInActiveList
                0x00081e70       0x68 src/ASF/thirdparty/freertos/freertos-7.3.0/source/timers.o
 .text.xTimerCreateTimerTask
                0x00081ed8       0x5c src/ASF/thirdparty/freertos/freertos-7.3.0/source/timers.o
                0x00081ed8                xTimerCreateTimerTask
 .text.xTimerGenericCommand
                0x00081f34       0x68 src/ASF/thirdparty/freertos/freertos-7.3.0/source/timers.o
                0x00081f34                xTimerGenericCommand
 .text.prvSampleTimeNow
                0x00081f9c       0xe4 src/ASF/thirdparty/freertos/freertos-7.3.0/source/timers.o
 .text.prvTimerTask
                0x00082080      0x1dc src/ASF/thirdparty/freertos/freertos-7.3.0/source/timers.o
 .text.lcd_delay
                0x0008225c       0x3c src/lcd_shield.o
 .text.lcd_init_write
                0x00082298       0xa8 src/lcd_shield.o
 .text.lcd_init
                0x00082340      0x118 src/lcd_shield.o
                0x00082340                lcd_init
 .text.lcd_write
                0x00082458       0xc4 src/lcd_shield.o
                0x00082458                lcd_write
 .text.lcd_put_cursor
                0x0008251c       0x30 src/lcd_shield.o
                0x0008251c                lcd_put_cursor
 .text.lcd_write_str
                0x0008254c       0x28 src/lcd_shield.o
                0x0008254c                lcd_write_str
 .text.lcd_write_int
                0x00082574       0x2c src/lcd_shield.o
                0x00082574                lcd_write_int
 .text.usart_serial_getchar
                0x000825a0       0xe8 src/main.o
 .text.usart_serial_putchar
                0x00082688       0xe8 src/main.o
 .text.display_program_text
                0x00082770       0x64 src/main.o
                0x00082770                display_program_text
 .text.configure_console
                0x000827d4       0xa4 src/main.o
                0x000827d4                configure_console
 .text.main     0x00082878      0x128 src/main.o
                0x00082878                main
 .text.sysclk_init
                0x000829a0       0x78 src/ASF/common/services/clock/sam3x/sysclk.o
                0x000829a0                sysclk_init
 .text.board_init
                0x00082a18       0xa4 src/ASF/sam/boards/arduino_due_x/init.o
                0x00082a18                board_init
 .text.pio_pull_up
                0x00082abc        0xc src/ASF/sam/drivers/pio/pio.o
                0x00082abc                pio_pull_up
 .text.pio_set_peripheral
                0x00082ac8       0x44 src/ASF/sam/drivers/pio/pio.o
                0x00082ac8                pio_set_peripheral
 .text.pio_disable_interrupt
                0x00082b0c        0x4 src/ASF/sam/drivers/pio/pio.o
                0x00082b0c                pio_disable_interrupt
 .text.pio_set_output
                0x00082b10       0x3c src/ASF/sam/drivers/pio/pio.o
                0x00082b10                pio_set_output
 .text.pio_set_input
                0x00082b4c       0x4c src/ASF/sam/drivers/pio/pio.o
                0x00082b4c                pio_set_input
 .text.pio_get_interrupt_status
                0x00082b98        0x4 src/ASF/sam/drivers/pio/pio.o
                0x00082b98                pio_get_interrupt_status
 .text.pio_get_interrupt_mask
                0x00082b9c        0x4 src/ASF/sam/drivers/pio/pio.o
                0x00082b9c                pio_get_interrupt_mask
 .text.pio_configure_pin
                0x00082ba0      0x100 src/ASF/sam/drivers/pio/pio.o
                0x00082ba0                pio_configure_pin
 .text.pio_configure_pin_group
                0x00082ca0       0xc8 src/ASF/sam/drivers/pio/pio.o
                0x00082ca0                pio_configure_pin_group
 .text.pio_handler_process
                0x00082d68       0x54 src/ASF/sam/drivers/pio/pio_handler.o
                0x00082d68                pio_handler_process
 .text.PIOA_Handler
                0x00082dbc       0x1c src/ASF/sam/drivers/pio/pio_handler.o
                0x00082dbc                PIOA_Handler
 .text.PIOB_Handler
                0x00082dd8       0x1c src/ASF/sam/drivers/pio/pio_handler.o
                0x00082dd8                PIOB_Handler
 .text.PIOC_Handler
                0x00082df4       0x1c src/ASF/sam/drivers/pio/pio_handler.o
                0x00082df4                PIOC_Handler
 .text.PIOD_Handler
                0x00082e10       0x1c src/ASF/sam/drivers/pio/pio_handler.o
                0x00082e10                PIOD_Handler
 .text.pmc_switch_mck_to_pllack
                0x00082e2c       0xa0 src/ASF/sam/drivers/pmc/pmc.o
                0x00082e2c                pmc_switch_mck_to_pllack
 .text.pmc_switch_mainck_to_xtal
                0x00082ecc       0x70 src/ASF/sam/drivers/pmc/pmc.o
                0x00082ecc                pmc_switch_mainck_to_xtal
 .text.pmc_osc_is_ready_mainck
                0x00082f3c       0x10 src/ASF/sam/drivers/pmc/pmc.o
                0x00082f3c                pmc_osc_is_ready_mainck
 .text.pmc_disable_pllack
                0x00082f4c       0x10 src/ASF/sam/drivers/pmc/pmc.o
                0x00082f4c                pmc_disable_pllack
 .text.pmc_is_locked_pllack
                0x00082f5c       0x10 src/ASF/sam/drivers/pmc/pmc.o
                0x00082f5c                pmc_is_locked_pllack
 .text.pmc_enable_periph_clk
                0x00082f6c       0x84 src/ASF/sam/drivers/pmc/pmc.o
                0x00082f6c                pmc_enable_periph_clk
 .text.Dummy_Handler
                0x00082ff0        0x4 src/ASF/sam/utils/cmsis/sam3x/source/templates/exceptions.o
                0x00082ff0                DACC_Handler
                0x00082ff0                DebugMon_Handler
                0x00082ff0                DMAC_Handler
                0x00082ff0                TRNG_Handler
                0x00082ff0                HardFault_Handler
                0x00082ff0                TC2_Handler
                0x00082ff0                USART3_Handler
                0x00082ff0                TWI1_Handler
                0x00082ff0                NMI_Handler
                0x00082ff0                TC7_Handler
                0x00082ff0                ADC_Handler
                0x00082ff0                SMC_Handler
                0x00082ff0                USART0_Handler
                0x00082ff0                RTT_Handler
                0x00082ff0                EFC1_Handler
                0x00082ff0                RTC_Handler
                0x00082ff0                UsageFault_Handler
                0x00082ff0                TC6_Handler
                0x00082ff0                WDT_Handler
                0x00082ff0                CAN0_Handler
                0x00082ff0                TC4_Handler
                0x00082ff0                TC1_Handler
                0x00082ff0                HSMCI_Handler
                0x00082ff0                TC3_Handler
                0x00082ff0                Dummy_Handler
                0x00082ff0                TWI0_Handler
                0x00082ff0                USART1_Handler
                0x00082ff0                SSC_Handler
                0x00082ff0                EFC0_Handler
                0x00082ff0                PMC_Handler
                0x00082ff0                PWM_Handler
                0x00082ff0                CAN1_Handler
                0x00082ff0                MemManage_Handler
                0x00082ff0                SUPC_Handler
                0x00082ff0                TC8_Handler
                0x00082ff0                USART2_Handler
                0x00082ff0                EMAC_Handler
                0x00082ff0                UART_Handler
                0x00082ff0                BusFault_Handler
                0x00082ff0                RSTC_Handler
                0x00082ff0                TC0_Handler
                0x00082ff0                TC5_Handler
                0x00082ff0                UOTGHS_Handler
                0x00082ff0                SPI0_Handler
 .text.Reset_Handler
                0x00082ff4      0x138 src/ASF/sam/utils/cmsis/sam3x/source/templates/gcc/startup_sam3x.o
                0x00082ff4                Reset_Handler
 .text.SystemCoreClockUpdate
                0x0008312c      0x1c8 src/ASF/sam/utils/cmsis/sam3x/source/templates/system_sam3x.o
                0x0008312c                SystemCoreClockUpdate
 .text.system_init_flash
                0x000832f4       0xc4 src/ASF/sam/utils/cmsis/sam3x/source/templates/system_sam3x.o
                0x000832f4                system_init_flash
 .text._sbrk    0x000833b8       0x30 src/ASF/sam/utils/syscalls/gcc/syscalls.o
                0x000833b8                _sbrk
 .text._close   0x000833e8        0x8 src/ASF/sam/utils/syscalls/gcc/syscalls.o
                0x000833e8                _close
 .text._fstat   0x000833f0        0xc src/ASF/sam/utils/syscalls/gcc/syscalls.o
                0x000833f0                _fstat
 .text._isatty  0x000833fc        0x8 src/ASF/sam/utils/syscalls/gcc/syscalls.o
                0x000833fc                _isatty
 .text._lseek   0x00083404        0x8 src/ASF/sam/utils/syscalls/gcc/syscalls.o
                0x00083404                _lseek
 .text.adc_setup
                0x0008340c       0x7c src/adc_and_dac.o
                0x0008340c                adc_setup
 .text.dacc_setup
                0x00083488       0x6c src/adc_and_dac.o
                0x00083488                dacc_setup
 *fill*         0x000834f4        0x4 00
 .text.PID_regulation
                0x000834f8      0x360 src/PID.o
                0x000834f8                PID_regulation
 .text.handle_input
                0x00083858      0x4f0 src/HMI.o
                0x00083858                handle_input
 .text.task2_LCD
                0x00083d48      0x164 src/HMI.o
                0x00083d48                task2_LCD
 .text.disp_buttons
                0x00083eac       0x5c src/HMI.o
                0x00083eac                disp_buttons
 .text          0x00083f08      0x370 u:/installedapps/atmel/atmel toolchain/arm gcc/native/4.7.3.1029/arm-gnu-toolchain/bin/../lib/gcc/arm-none-eabi/4.7.3/armv7-m\libgcc.a(_arm_addsubdf3.o)
                0x00083f08                __aeabi_drsub
                0x00083f10                __aeabi_dsub
                0x00083f10                __subdf3
                0x00083f14                __aeabi_dadd
                0x00083f14                __adddf3
                0x0008418c                __floatunsidf
                0x0008418c                __aeabi_ui2d
                0x000841ac                __floatsidf
                0x000841ac                __aeabi_i2d
                0x000841d0                __aeabi_f2d
                0x000841d0                __extendsfdf2
                0x0008420c                __floatundidf
                0x0008420c                __aeabi_ul2d
                0x0008421c                __floatdidf
                0x0008421c                __aeabi_l2d
 .text          0x00084278      0x424 u:/installedapps/atmel/atmel toolchain/arm gcc/native/4.7.3.1029/arm-gnu-toolchain/bin/../lib/gcc/arm-none-eabi/4.7.3/armv7-m\libgcc.a(_arm_muldivdf3.o)
                0x00084278                __aeabi_dmul
                0x00084278                __muldf3
                0x000844cc                __divdf3
                0x000844cc                __aeabi_ddiv
 .text          0x0008469c      0x110 u:/installedapps/atmel/atmel toolchain/arm gcc/native/4.7.3.1029/arm-gnu-toolchain/bin/../lib/gcc/arm-none-eabi/4.7.3/armv7-m\libgcc.a(_arm_cmpdf2.o)
                0x0008469c                __gtdf2
                0x0008469c                __gedf2
                0x000846a4                __ltdf2
                0x000846a4                __ledf2
                0x000846ac                __nedf2
                0x000846ac                __eqdf2
                0x000846ac                __cmpdf2
                0x00084728                __aeabi_cdrcmple
                0x00084738                __aeabi_cdcmpeq
                0x00084738                __aeabi_cdcmple
                0x00084748                __aeabi_dcmpeq
                0x0008475c                __aeabi_dcmplt
                0x00084770                __aeabi_dcmple
                0x00084784                __aeabi_dcmpge
                0x00084798                __aeabi_dcmpgt
 .text          0x000847ac       0x50 u:/installedapps/atmel/atmel toolchain/arm gcc/native/4.7.3.1029/arm-gnu-toolchain/bin/../lib/gcc/arm-none-eabi/4.7.3/armv7-m\libgcc.a(_arm_fixdfsi.o)
                0x000847ac                __aeabi_d2iz
                0x000847ac                __fixdfsi
 .text          0x000847fc       0x40 u:/installedapps/atmel/atmel toolchain/arm gcc/native/4.7.3.1029/arm-gnu-toolchain/bin/../lib/gcc/arm-none-eabi/4.7.3/armv7-m\libgcc.a(_arm_fixunsdfsi.o)
                0x000847fc                __aeabi_d2uiz
                0x000847fc                __fixunsdfsi
 .text          0x0008483c       0x9c u:/installedapps/atmel/atmel toolchain/arm gcc/native/4.7.3.1029/arm-gnu-toolchain/bin/../lib/gcc/arm-none-eabi/4.7.3/../../../../arm-none-eabi/lib/armv7-m\libc.a(lib_a-__atexit.o)
                0x0008483c                __register_exitproc
 .text          0x000848d8       0x2c u:/installedapps/atmel/atmel toolchain/arm gcc/native/4.7.3.1029/arm-gnu-toolchain/bin/../lib/gcc/arm-none-eabi/4.7.3/../../../../arm-none-eabi/lib/armv7-m\libc.a(lib_a-fini.o)
                0x000848d8                __libc_fini_array
 .text          0x00084904       0x4c u:/installedapps/atmel/atmel toolchain/arm gcc/native/4.7.3.1029/arm-gnu-toolchain/bin/../lib/gcc/arm-none-eabi/4.7.3/../../../../arm-none-eabi/lib/armv7-m\libc.a(lib_a-init.o)
                0x00084904                __libc_init_array
 .text          0x00084950       0x40 u:/installedapps/atmel/atmel toolchain/arm gcc/native/4.7.3.1029/arm-gnu-toolchain/bin/../lib/gcc/arm-none-eabi/4.7.3/../../../../arm-none-eabi/lib/armv7-m\libc.a(lib_a-iprintf.o)
                0x00084950                iprintf
                0x00084974                _iprintf_r
 .text          0x00084990       0x12 u:/installedapps/atmel/atmel toolchain/arm gcc/native/4.7.3.1029/arm-gnu-toolchain/bin/../lib/gcc/arm-none-eabi/4.7.3/../../../../arm-none-eabi/lib/armv7-m\libc.a(lib_a-memcpy.o)
                0x00084990                memcpy
 .text          0x000849a2       0x10 u:/installedapps/atmel/atmel toolchain/arm gcc/native/4.7.3.1029/arm-gnu-toolchain/bin/../lib/gcc/arm-none-eabi/4.7.3/../../../../arm-none-eabi/lib/armv7-m\libc.a(lib_a-memset.o)
                0x000849a2                memset
 .text          0x000849b2       0x10 u:/installedapps/atmel/atmel toolchain/arm gcc/native/4.7.3.1029/arm-gnu-toolchain/bin/../lib/gcc/arm-none-eabi/4.7.3/../../../../arm-none-eabi/lib/armv7-m\libc.a(lib_a-setbuf.o)
                0x000849b2                setbuf
 *fill*         0x000849c2        0x2 00
 .text          0x000849c4       0xec u:/installedapps/atmel/atmel toolchain/arm gcc/native/4.7.3.1029/arm-gnu-toolchain/bin/../lib/gcc/arm-none-eabi/4.7.3/../../../../arm-none-eabi/lib/armv7-m\libc.a(lib_a-setvbuf.o)
                0x000849c4                setvbuf
 .text          0x00084ab0       0x88 u:/installedapps/atmel/atmel toolchain/arm gcc/native/4.7.3.1029/arm-gnu-toolchain/bin/../lib/gcc/arm-none-eabi/4.7.3/../../../../arm-none-eabi/lib/armv7-m\libc.a(lib_a-sprintf.o)
                0x00084ab0                _sprintf_r
                0x00084af0                sprintf
 .text          0x00084b38       0x10 u:/installedapps/atmel/atmel toolchain/arm gcc/native/4.7.3.1029/arm-gnu-toolchain/bin/../lib/gcc/arm-none-eabi/4.7.3/../../../../arm-none-eabi/lib/armv7-m\libc.a(lib_a-strlen.o)
                0x00084b38                strlen
 .text          0x00084b48       0x2a u:/installedapps/atmel/atmel toolchain/arm gcc/native/4.7.3.1029/arm-gnu-toolchain/bin/../lib/gcc/arm-none-eabi/4.7.3/../../../../arm-none-eabi/lib/armv7-m\libc.a(lib_a-strncpy.o)
                0x00084b48                strncpy
 *fill*         0x00084b72        0x2 00
 .text          0x00084b74      0x7f8 u:/installedapps/atmel/atmel toolchain/arm gcc/native/4.7.3.1029/arm-gnu-toolchain/bin/../lib/gcc/arm-none-eabi/4.7.3/../../../../arm-none-eabi/lib/armv7-m\libc.a(lib_a-svfprintf.o)
                0x00084b74                _svfprintf_r
 .text          0x0008536c      0x914 u:/installedapps/atmel/atmel toolchain/arm gcc/native/4.7.3.1029/arm-gnu-toolchain/bin/../lib/gcc/arm-none-eabi/4.7.3/../../../../arm-none-eabi/lib/armv7-m\libc.a(lib_a-vfiprintf.o)
                0x0008536c                __sprint_r
                0x000853d4                _vfiprintf_r
                0x00085c62                vfiprintf
 .text          0x00085c80       0xb8 u:/installedapps/atmel/atmel toolchain/arm gcc/native/4.7.3.1029/arm-gnu-toolchain/bin/../lib/gcc/arm-none-eabi/4.7.3/../../../../arm-none-eabi/lib/armv7-m\libc.a(lib_a-wsetup.o)
                0x00085c80                __swsetup_r
 .text.startup  0x00085d38       0x14 u:/installedapps/atmel/atmel toolchain/arm gcc/native/4.7.3.1029/arm-gnu-toolchain/bin/../lib/gcc/arm-none-eabi/4.7.3/../../../../arm-none-eabi/lib/armv7-m\libc.a(lib_a-__call_atexit.o)
 .text          0x00085d4c        0xc u:/installedapps/atmel/atmel toolchain/arm gcc/native/4.7.3.1029/arm-gnu-toolchain/bin/../lib/gcc/arm-none-eabi/4.7.3/../../../../arm-none-eabi/lib/armv7-m\libc.a(lib_a-atexit.o)
                0x00085d4c                atexit
 .text          0x00085d58      0x150 u:/installedapps/atmel/atmel toolchain/arm gcc/native/4.7.3.1029/arm-gnu-toolchain/bin/../lib/gcc/arm-none-eabi/4.7.3/../../../../arm-none-eabi/lib/armv7-m\libc.a(lib_a-fflush.o)
                0x00085d58                _fflush_r
                0x00085e86                fflush
 .text          0x00085ea8      0x18c u:/installedapps/atmel/atmel toolchain/arm gcc/native/4.7.3.1029/arm-gnu-toolchain/bin/../lib/gcc/arm-none-eabi/4.7.3/../../../../arm-none-eabi/lib/armv7-m\libc.a(lib_a-findfp.o)
                0x00085eb0                _cleanup_r
                0x00085f04                __sfmoreglue
                0x00085f2e                _cleanup
                0x00085f3c                __sinit
                0x00085f88                __sfp
                0x00086004                __sfp_lock_acquire
                0x00086006                __sfp_lock_release
                0x00086008                __sinit_lock_acquire
                0x0008600a                __sinit_lock_release
                0x0008600c                __fp_lock_all
                0x00086020                __fp_unlock_all
 .text          0x00086034       0xe8 u:/installedapps/atmel/atmel toolchain/arm gcc/native/4.7.3.1029/arm-gnu-toolchain/bin/../lib/gcc/arm-none-eabi/4.7.3/../../../../arm-none-eabi/lib/armv7-m\libc.a(lib_a-fputwc.o)
                0x00086034                _fputwc_r
                0x000860f4                fputwc
 .text          0x0008611c      0x208 u:/installedapps/atmel/atmel toolchain/arm gcc/native/4.7.3.1029/arm-gnu-toolchain/bin/../lib/gcc/arm-none-eabi/4.7.3/../../../../arm-none-eabi/lib/armv7-m\libc.a(lib_a-freer.o)
                0x0008611c                _malloc_trim_r
                0x000861b8                _free_r
 .text          0x00086324      0x2b6 u:/installedapps/atmel/atmel toolchain/arm gcc/native/4.7.3.1029/arm-gnu-toolchain/bin/../lib/gcc/arm-none-eabi/4.7.3/../../../../arm-none-eabi/lib/armv7-m\libc.a(lib_a-fvwrite.o)
                0x00086324                __sfvwrite_r
 .text          0x000865da       0x86 u:/installedapps/atmel/atmel toolchain/arm gcc/native/4.7.3.1029/arm-gnu-toolchain/bin/../lib/gcc/arm-none-eabi/4.7.3/../../../../arm-none-eabi/lib/armv7-m\libc.a(lib_a-fwalk.o)
                0x000865da                _fwalk
                0x0008661c                _fwalk_reent
 .text          0x00086660       0x88 u:/installedapps/atmel/atmel toolchain/arm gcc/native/4.7.3.1029/arm-gnu-toolchain/bin/../lib/gcc/arm-none-eabi/4.7.3/../../../../arm-none-eabi/lib/armv7-m\libc.a(lib_a-locale.o)
                0x00086660                _setlocale_r
                0x000866a4                __locale_charset
                0x000866ac                __locale_mb_cur_max
                0x000866b8                __locale_msgcharset
                0x000866c0                __locale_cjk_lang
                0x000866c4                _localeconv_r
                0x000866cc                setlocale
                0x000866e0                localeconv
 .text          0x000866e8       0xd8 u:/installedapps/atmel/atmel toolchain/arm gcc/native/4.7.3.1029/arm-gnu-toolchain/bin/../lib/gcc/arm-none-eabi/4.7.3/../../../../arm-none-eabi/lib/armv7-m\libc.a(lib_a-makebuf.o)
                0x000866e8                __smakebuf_r
 .text          0x000867c0       0x20 u:/installedapps/atmel/atmel toolchain/arm gcc/native/4.7.3.1029/arm-gnu-toolchain/bin/../lib/gcc/arm-none-eabi/4.7.3/../../../../arm-none-eabi/lib/armv7-m\libc.a(lib_a-malloc.o)
                0x000867c0                malloc
                0x000867d0                free
 .text          0x000867e0      0x404 u:/installedapps/atmel/atmel toolchain/arm gcc/native/4.7.3.1029/arm-gnu-toolchain/bin/../lib/gcc/arm-none-eabi/4.7.3/../../../../arm-none-eabi/lib/armv7-m\libc.a(lib_a-mallocr.o)
                0x000867e0                _malloc_r
 .text          0x00086be4       0x1c u:/installedapps/atmel/atmel toolchain/arm gcc/native/4.7.3.1029/arm-gnu-toolchain/bin/../lib/gcc/arm-none-eabi/4.7.3/../../../../arm-none-eabi/lib/armv7-m\libc.a(lib_a-memchr.o)
                0x00086be4                memchr
 .text          0x00086c00       0x34 u:/installedapps/atmel/atmel toolchain/arm gcc/native/4.7.3.1029/arm-gnu-toolchain/bin/../lib/gcc/arm-none-eabi/4.7.3/../../../../arm-none-eabi/lib/armv7-m\libc.a(lib_a-memmove.o)
                0x00086c00                memmove
 .text          0x00086c34        0x4 u:/installedapps/atmel/atmel toolchain/arm gcc/native/4.7.3.1029/arm-gnu-toolchain/bin/../lib/gcc/arm-none-eabi/4.7.3/../../../../arm-none-eabi/lib/armv7-m\libc.a(lib_a-mlock.o)
                0x00086c34                __malloc_lock
                0x00086c36                __malloc_unlock
 .text          0x00086c38      0x2dc u:/installedapps/atmel/atmel toolchain/arm gcc/native/4.7.3.1029/arm-gnu-toolchain/bin/../lib/gcc/arm-none-eabi/4.7.3/../../../../arm-none-eabi/lib/armv7-m\libc.a(lib_a-reallocr.o)
                0x00086c38                _realloc_r
 .text          0x00086f14       0x20 u:/installedapps/atmel/atmel toolchain/arm gcc/native/4.7.3.1029/arm-gnu-toolchain/bin/../lib/gcc/arm-none-eabi/4.7.3/../../../../arm-none-eabi/lib/armv7-m\libc.a(lib_a-sbrkr.o)
                0x00086f14                _sbrk_r
 .text          0x00086f34       0x8e u:/installedapps/atmel/atmel toolchain/arm gcc/native/4.7.3.1029/arm-gnu-toolchain/bin/../lib/gcc/arm-none-eabi/4.7.3/../../../../arm-none-eabi/lib/armv7-m\libc.a(lib_a-stdio.o)
                0x00086f34                __sread
                0x00086f56                __seofread
                0x00086f5a                __swrite
                0x00086f96                __sseek
                0x00086fba                __sclose
 .text          0x00086fc2       0x16 u:/installedapps/atmel/atmel toolchain/arm gcc/native/4.7.3.1029/arm-gnu-toolchain/bin/../lib/gcc/arm-none-eabi/4.7.3/../../../../arm-none-eabi/lib/armv7-m\libc.a(lib_a-strcmp.o)
                0x00086fc2                strcmp
 .text          0x00086fd8      0x8f4 u:/installedapps/atmel/atmel toolchain/arm gcc/native/4.7.3.1029/arm-gnu-toolchain/bin/../lib/gcc/arm-none-eabi/4.7.3/../../../../arm-none-eabi/lib/armv7-m\libc.a(lib_a-svfiprintf.o)
                0x00086fd8                __ssprint_r
                0x000870d2                _svfiprintf_r
 .text          0x000878cc       0xb4 u:/installedapps/atmel/atmel toolchain/arm gcc/native/4.7.3.1029/arm-gnu-toolchain/bin/../lib/gcc/arm-none-eabi/4.7.3/../../../../arm-none-eabi/lib/armv7-m\libc.a(lib_a-wbuf.o)
                0x000878cc                __swbuf_r
                0x0008796e                __swbuf
 .text          0x00087980       0x68 u:/installedapps/atmel/atmel toolchain/arm gcc/native/4.7.3.1029/arm-gnu-toolchain/bin/../lib/gcc/arm-none-eabi/4.7.3/../../../../arm-none-eabi/lib/armv7-m\libc.a(lib_a-wcrtomb.o)
                0x00087980                _wcrtomb_r
                0x000879cc                wcrtomb
 .text          0x000879e8       0x44 u:/installedapps/atmel/atmel toolchain/arm gcc/native/4.7.3.1029/arm-gnu-toolchain/bin/../lib/gcc/arm-none-eabi/4.7.3/../../../../arm-none-eabi/lib/armv7-m\libc.a(lib_a-wctomb_r.o)
                0x000879e8                __ascii_wctomb
                0x00087a02                _wctomb_r
 .text          0x00087a2c       0x24 u:/installedapps/atmel/atmel toolchain/arm gcc/native/4.7.3.1029/arm-gnu-toolchain/bin/../lib/gcc/arm-none-eabi/4.7.3/../../../../arm-none-eabi/lib/armv7-m\libc.a(lib_a-writer.o)
                0x00087a2c                _write_r
 .text          0x00087a50       0x20 u:/installedapps/atmel/atmel toolchain/arm gcc/native/4.7.3.1029/arm-gnu-toolchain/bin/../lib/gcc/arm-none-eabi/4.7.3/../../../../arm-none-eabi/lib/armv7-m\libc.a(lib_a-closer.o)
                0x00087a50                _close_r
 .text          0x00087a70       0x94 u:/installedapps/atmel/atmel toolchain/arm gcc/native/4.7.3.1029/arm-gnu-toolchain/bin/../lib/gcc/arm-none-eabi/4.7.3/../../../../arm-none-eabi/lib/armv7-m\libc.a(lib_a-fclose.o)
                0x00087a70                _fclose_r
                0x00087af4                fclose
 .text          0x00087b04       0x24 u:/installedapps/atmel/atmel toolchain/arm gcc/native/4.7.3.1029/arm-gnu-toolchain/bin/../lib/gcc/arm-none-eabi/4.7.3/../../../../arm-none-eabi/lib/armv7-m\libc.a(lib_a-fstatr.o)
                0x00087b04                _fstat_r
 .text          0x00087b28       0x20 u:/installedapps/atmel/atmel toolchain/arm gcc/native/4.7.3.1029/arm-gnu-toolchain/bin/../lib/gcc/arm-none-eabi/4.7.3/../../../../arm-none-eabi/lib/armv7-m\libc.a(lib_a-isattyr.o)
                0x00087b28                _isatty_r
 .text          0x00087b48       0x24 u:/installedapps/atmel/atmel toolchain/arm gcc/native/4.7.3.1029/arm-gnu-toolchain/bin/../lib/gcc/arm-none-eabi/4.7.3/../../../../arm-none-eabi/lib/armv7-m\libc.a(lib_a-lseekr.o)
                0x00087b48                _lseek_r
 .text          0x00087b6c       0x24 u:/installedapps/atmel/atmel toolchain/arm gcc/native/4.7.3.1029/arm-gnu-toolchain/bin/../lib/gcc/arm-none-eabi/4.7.3/../../../../arm-none-eabi/lib/armv7-m\libc.a(lib_a-readr.o)
                0x00087b6c                _read_r
 .text          0x00087b90       0x2c u:/installedapps/atmel/atmel toolchain/arm gcc/native/4.7.3.1029/arm-gnu-toolchain/bin/../lib/gcc/arm-none-eabi/4.7.3/armv7-m\libgcc.a(_aeabi_uldivmod.o)
                0x00087b90                __aeabi_uldivmod
 .text          0x00087bbc       0x60 u:/installedapps/atmel/atmel toolchain/arm gcc/native/4.7.3.1029/arm-gnu-toolchain/bin/../lib/gcc/arm-none-eabi/4.7.3/armv7-m\libgcc.a(bpabi.o)
                0x00087bbc                __gnu_ldivmod_helper
                0x00087bec                __gnu_uldivmod_helper
 .text          0x00087c1c        0x4 u:/installedapps/atmel/atmel toolchain/arm gcc/native/4.7.3.1029/arm-gnu-toolchain/bin/../lib/gcc/arm-none-eabi/4.7.3/armv7-m\libgcc.a(_dvmd_tls.o)
                0x00087c1c                __aeabi_idiv0
                0x00087c1c                __aeabi_ldiv0
 .text          0x00087c20      0x2bc u:/installedapps/atmel/atmel toolchain/arm gcc/native/4.7.3.1029/arm-gnu-toolchain/bin/../lib/gcc/arm-none-eabi/4.7.3/armv7-m\libgcc.a(_divdi3.o)
                0x00087c20                __divdi3
 .text          0x00087edc      0x28c u:/installedapps/atmel/atmel toolchain/arm gcc/native/4.7.3.1029/arm-gnu-toolchain/bin/../lib/gcc/arm-none-eabi/4.7.3/armv7-m\libgcc.a(_udivdi3.o)
                0x00087edc                __udivdi3
 *(.glue_7t)
 .glue_7t       0x00000000        0x0 linker stubs
 *(.glue_7)
 .glue_7        0x00000000        0x0 linker stubs
 *(.rodata .rodata* .gnu.linkonce.r.*)
 .rodata.str1.4
                0x00088168        0x4 src/matlabcomm.o
 .rodata.TC_CLK
                0x0008816c        0xc src/timer_delay.o
 .rodata.TC_INS
                0x00088178        0xc src/timer_delay.o
 .rodata.str1.4
                0x00088184       0x1f src/ASF/thirdparty/freertos/freertos-7.3.0/source/tasks.o
                                 0x20 (size before relaxing)
 *fill*         0x000881a3        0x1 00
 .rodata.str1.4
                0x000881a4        0x8 src/ASF/thirdparty/freertos/freertos-7.3.0/source/timers.o
 .rodata        0x000881ac       0x10 src/lcd_shield.o
 .rodata.str1.4
                0x000881bc        0x3 src/lcd_shield.o
                                  0x4 (size before relaxing)
 *fill*         0x000881bf        0x1 00
 .rodata.str1.4
                0x000881c0       0x26 src/main.o
                                 0x28 (size before relaxing)
 *fill*         0x000881e6        0x2 00
 .rodata.str1.4
                0x000881e8        0xc src/HMI.o
 .rodata        0x000881f4        0x4 u:/installedapps/atmel/atmel toolchain/arm gcc/native/4.7.3.1029/arm-gnu-toolchain/bin/../lib/gcc/arm-none-eabi/4.7.3/../../../../arm-none-eabi/lib/armv7-m\libc.a(lib_a-impure.o)
                0x000881f4                _global_impure_ptr
 .rodata.str1.1
                0x000881f8        0x2 u:/installedapps/atmel/atmel toolchain/arm gcc/native/4.7.3.1029/arm-gnu-toolchain/bin/../lib/gcc/arm-none-eabi/4.7.3/../../../../arm-none-eabi/lib/armv7-m\libc.a(lib_a-impure.o)
 .rodata        0x000881fa       0x20 u:/installedapps/atmel/atmel toolchain/arm gcc/native/4.7.3.1029/arm-gnu-toolchain/bin/../lib/gcc/arm-none-eabi/4.7.3/../../../../arm-none-eabi/lib/armv7-m\libc.a(lib_a-svfprintf.o)
 .rodata.str1.1
                0x0008821a       0x22 u:/installedapps/atmel/atmel toolchain/arm gcc/native/4.7.3.1029/arm-gnu-toolchain/bin/../lib/gcc/arm-none-eabi/4.7.3/../../../../arm-none-eabi/lib/armv7-m\libc.a(lib_a-svfprintf.o)
 .rodata        0x0008823c       0x20 u:/installedapps/atmel/atmel toolchain/arm gcc/native/4.7.3.1029/arm-gnu-toolchain/bin/../lib/gcc/arm-none-eabi/4.7.3/../../../../arm-none-eabi/lib/armv7-m\libc.a(lib_a-vfiprintf.o)
 .rodata.str1.1
                0x00000000       0x22 u:/installedapps/atmel/atmel toolchain/arm gcc/native/4.7.3.1029/arm-gnu-toolchain/bin/../lib/gcc/arm-none-eabi/4.7.3/../../../../arm-none-eabi/lib/armv7-m\libc.a(lib_a-vfiprintf.o)
 .rodata.str1.1
                0x0008825c        0x8 u:/installedapps/atmel/atmel toolchain/arm gcc/native/4.7.3.1029/arm-gnu-toolchain/bin/../lib/gcc/arm-none-eabi/4.7.3/../../../../arm-none-eabi/lib/armv7-m\libc.a(lib_a-locale.o)
                                  0xb (size before relaxing)
 .rodata        0x00088264       0x20 u:/installedapps/atmel/atmel toolchain/arm gcc/native/4.7.3.1029/arm-gnu-toolchain/bin/../lib/gcc/arm-none-eabi/4.7.3/../../../../arm-none-eabi/lib/armv7-m\libc.a(lib_a-svfiprintf.o)
 .rodata.str1.1
                0x00000000       0x22 u:/installedapps/atmel/atmel toolchain/arm gcc/native/4.7.3.1029/arm-gnu-toolchain/bin/../lib/gcc/arm-none-eabi/4.7.3/../../../../arm-none-eabi/lib/armv7-m\libc.a(lib_a-svfiprintf.o)
 *(.ARM.extab* .gnu.linkonce.armextab.*)
                0x00088284                . = ALIGN (0x4)
 *(.init)
 .init          0x00088284        0x4 u:/installedapps/atmel/atmel toolchain/arm gcc/native/4.7.3.1029/arm-gnu-toolchain/bin/../lib/gcc/arm-none-eabi/4.7.3/armv7-m/crti.o
                0x00088284                _init
 .init          0x00088288        0x8 u:/installedapps/atmel/atmel toolchain/arm gcc/native/4.7.3.1029/arm-gnu-toolchain/bin/../lib/gcc/arm-none-eabi/4.7.3/armv7-m/crtn.o
                0x00088290                . = ALIGN (0x4)
                0x00088290                __preinit_array_start = .
 *(.preinit_array)
                0x00088290                __preinit_array_end = .
                0x00088290                . = ALIGN (0x4)
                0x00088290                __init_array_start = .
 *(SORT(.init_array.*))
 .init_array.00000
                0x00088290        0x4 u:/installedapps/atmel/atmel toolchain/arm gcc/native/4.7.3.1029/arm-gnu-toolchain/bin/../lib/gcc/arm-none-eabi/4.7.3/../../../../arm-none-eabi/lib/armv7-m\libc.a(lib_a-__call_atexit.o)
 *(.init_array)
 .init_array    0x00088294        0x4 u:/installedapps/atmel/atmel toolchain/arm gcc/native/4.7.3.1029/arm-gnu-toolchain/bin/../lib/gcc/arm-none-eabi/4.7.3/armv7-m/crtbegin.o
                0x00088298                __init_array_end = .
                0x00088298                . = ALIGN (0x4)
 *crtbegin.o(.ctors)
 *(EXCLUDE_FILE(*crtend.o) .ctors)
 *(SORT(.ctors.*))
 *crtend.o(.ctors)
                0x00088298                . = ALIGN (0x4)
 *(.fini)
 .fini          0x00088298        0x4 u:/installedapps/atmel/atmel toolchain/arm gcc/native/4.7.3.1029/arm-gnu-toolchain/bin/../lib/gcc/arm-none-eabi/4.7.3/armv7-m/crti.o
                0x00088298                _fini
 .fini          0x0008829c        0x8 u:/installedapps/atmel/atmel toolchain/arm gcc/native/4.7.3.1029/arm-gnu-toolchain/bin/../lib/gcc/arm-none-eabi/4.7.3/armv7-m/crtn.o
                0x000882a4                . = ALIGN (0x4)
                0x000882a4                __fini_array_start = .
 *(.fini_array)
 .fini_array    0x000882a4        0x4 u:/installedapps/atmel/atmel toolchain/arm gcc/native/4.7.3.1029/arm-gnu-toolchain/bin/../lib/gcc/arm-none-eabi/4.7.3/armv7-m/crtbegin.o
 *(SORT(.fini_array.*))
                0x000882a8                __fini_array_end = .
 *crtbegin.o(.dtors)
 *(EXCLUDE_FILE(*crtend.o) .dtors)
 *(SORT(.dtors.*))
 *crtend.o(.dtors)
                0x000882a8                . = ALIGN (0x4)
                0x000882a8                _efixed = .
                0x000882a8                PROVIDE (__exidx_start, .)

.vfp11_veneer   0x000882a8        0x0
 .vfp11_veneer  0x00000000        0x0 linker stubs

.v4_bx          0x000882a8        0x0
 .v4_bx         0x00000000        0x0 linker stubs

.iplt           0x000882a8        0x0
 .iplt          0x00000000        0x0 u:/installedapps/atmel/atmel toolchain/arm gcc/native/4.7.3.1029/arm-gnu-toolchain/bin/../lib/gcc/arm-none-eabi/4.7.3/armv7-m/crtbegin.o

.ARM.exidx      0x000882a8        0x8
 *(.ARM.exidx* .gnu.linkonce.armexidx.*)
 .ARM.exidx     0x000882a8        0x8 u:/installedapps/atmel/atmel toolchain/arm gcc/native/4.7.3.1029/arm-gnu-toolchain/bin/../lib/gcc/arm-none-eabi/4.7.3/armv7-m\libgcc.a(_divdi3.o)
 .ARM.exidx     0x000882b0        0x0 u:/installedapps/atmel/atmel toolchain/arm gcc/native/4.7.3.1029/arm-gnu-toolchain/bin/../lib/gcc/arm-none-eabi/4.7.3/armv7-m\libgcc.a(_udivdi3.o)
                                  0x8 (size before relaxing)
                0x000882b0                PROVIDE (__exidx_end, .)

.eh_frame       0x000882b0        0x0
 .eh_frame      0x000882b0        0x0 u:/installedapps/atmel/atmel toolchain/arm gcc/native/4.7.3.1029/arm-gnu-toolchain/bin/../lib/gcc/arm-none-eabi/4.7.3/armv7-m/crtbegin.o

.rel.dyn        0x000882b0        0x0
 .rel.iplt      0x00000000        0x0 u:/installedapps/atmel/atmel toolchain/arm gcc/native/4.7.3.1029/arm-gnu-toolchain/bin/../lib/gcc/arm-none-eabi/4.7.3/armv7-m/crtbegin.o

.jcr            0x000882b0        0x0
 .jcr           0x000882b0        0x0 u:/installedapps/atmel/atmel toolchain/arm gcc/native/4.7.3.1029/arm-gnu-toolchain/bin/../lib/gcc/arm-none-eabi/4.7.3/armv7-m/crtbegin.o

.tm_clone_table
                0x000882b0        0x0
 .tm_clone_table
                0x000882b0        0x0 u:/installedapps/atmel/atmel toolchain/arm gcc/native/4.7.3.1029/arm-gnu-toolchain/bin/../lib/gcc/arm-none-eabi/4.7.3/armv7-m/crtbegin.o
 .tm_clone_table
                0x000882b0        0x0 u:/installedapps/atmel/atmel toolchain/arm gcc/native/4.7.3.1029/arm-gnu-toolchain/bin/../lib/gcc/arm-none-eabi/4.7.3/armv7-m/crtend.o

.igot.plt       0x000882b0        0x0
 .igot.plt      0x00000000        0x0 u:/installedapps/atmel/atmel toolchain/arm gcc/native/4.7.3.1029/arm-gnu-toolchain/bin/../lib/gcc/arm-none-eabi/4.7.3/armv7-m/crtbegin.o
                0x000882b0                . = ALIGN (0x4)
                0x000882b0                _etext = .

.relocate       0x20070000      0x8d8 load address 0x000882b0
                0x20070000                . = ALIGN (0x4)
                0x20070000                _srelocate = .
 *(.ramfunc .ramfunc.*)
 *(.data .data.*)
 .data.uxCriticalNesting
                0x20070000        0x4 src/ASF/thirdparty/freertos/freertos-7.3.0/source/portable/gcc/arm_cm3/port.o
 .data.xFreeBytesRemaining
                0x20070004        0x4 src/ASF/thirdparty/freertos/freertos-7.3.0/source/portable/memmang/heap_4.o
 .data.xNextTaskUnblockTime
                0x20070008        0x2 src/ASF/thirdparty/freertos/freertos-7.3.0/source/tasks.o
 *fill*         0x2007000a        0x2 00
 .data.SystemCoreClock
                0x2007000c        0x4 src/ASF/sam/utils/cmsis/sam3x/source/templates/system_sam3x.o
                0x2007000c                SystemCoreClock
 .data.ASTERISK_VALUE.9270
                0x20070010        0x4 src/HMI.o
 *fill*         0x20070014        0x4 00
 .data          0x20070018      0x430 u:/installedapps/atmel/atmel toolchain/arm gcc/native/4.7.3.1029/arm-gnu-toolchain/bin/../lib/gcc/arm-none-eabi/4.7.3/../../../../arm-none-eabi/lib/armv7-m\libc.a(lib_a-impure.o)
                0x20070018                _impure_ptr
 .data          0x20070448       0x7c u:/installedapps/atmel/atmel toolchain/arm gcc/native/4.7.3.1029/arm-gnu-toolchain/bin/../lib/gcc/arm-none-eabi/4.7.3/../../../../arm-none-eabi/lib/armv7-m\libc.a(lib_a-locale.o)
                0x20070468                __mb_cur_max
 .data          0x200704c4      0x410 u:/installedapps/atmel/atmel toolchain/arm gcc/native/4.7.3.1029/arm-gnu-toolchain/bin/../lib/gcc/arm-none-eabi/4.7.3/../../../../arm-none-eabi/lib/armv7-m\libc.a(lib_a-mallocr.o)
                0x200704c4                __malloc_av_
                0x200708cc                __malloc_sbrk_base
                0x200708d0                __malloc_trim_threshold
 .data          0x200708d4        0x4 u:/installedapps/atmel/atmel toolchain/arm gcc/native/4.7.3.1029/arm-gnu-toolchain/bin/../lib/gcc/arm-none-eabi/4.7.3/../../../../arm-none-eabi/lib/armv7-m\libc.a(lib_a-wctomb_r.o)
                0x200708d4                __wctomb
                0x200708d8                . = ALIGN (0x4)
                0x200708d8                _erelocate = .

.bss            0x200708d8     0x82ec load address 0x00088b88
                0x200708d8                . = ALIGN (0x4)
                0x200708d8                _sbss = .
                0x200708d8                _szero = .
 *(.bss .bss.*)
 .bss           0x200708d8       0x1c u:/installedapps/atmel/atmel toolchain/arm gcc/native/4.7.3.1029/arm-gnu-toolchain/bin/../lib/gcc/arm-none-eabi/4.7.3/armv7-m/crtbegin.o
 *fill*         0x200708f4        0x4 00
 .bss.user_I    0x200708f8        0x8 src/global_variables.o
                0x200708f8                user_I
 .bss.user_setpoint
                0x20070900        0x2 src/global_variables.o
                0x20070900                user_setpoint
 *fill*         0x20070902        0x2 00
 .bss.output_value
                0x20070904        0x4 src/global_variables.o
                0x20070904                output_value
 .bss.user_P    0x20070908        0x8 src/global_variables.o
                0x20070908                user_P
 .bss.error_value
                0x20070910        0x8 src/global_variables.o
                0x20070910                error_value
 .bss.tank1_value
                0x20070918        0x8 src/global_variables.o
                0x20070918                tank1_value
 .bss.user_D    0x20070920        0x8 src/global_variables.o
                0x20070920                user_D
 .bss.tank2_value
                0x20070928        0x8 src/global_variables.o
                0x20070928                tank2_value
 .bss.tc_ins_delay
                0x20070930        0x4 src/timer_delay.o
 *fill*         0x20070934        0x4 00
 .bss.xHeap     0x20070938     0x8000 src/ASF/thirdparty/freertos/freertos-7.3.0/source/portable/memmang/heap_4.o
 .bss.pxEnd     0x20078938        0x4 src/ASF/thirdparty/freertos/freertos-7.3.0/source/portable/memmang/heap_4.o
 .bss.xStart    0x2007893c        0x8 src/ASF/thirdparty/freertos/freertos-7.3.0/source/portable/memmang/heap_4.o
 .bss.uxMissedTicks
                0x20078944        0x4 src/ASF/thirdparty/freertos/freertos-7.3.0/source/tasks.o
 .bss.xSuspendedTaskList
                0x20078948       0x14 src/ASF/thirdparty/freertos/freertos-7.3.0/source/tasks.o
 .bss.pxDelayedTaskList
                0x2007895c        0x4 src/ASF/thirdparty/freertos/freertos-7.3.0/source/tasks.o
 .bss.xSchedulerRunning
                0x20078960        0x4 src/ASF/thirdparty/freertos/freertos-7.3.0/source/tasks.o
 .bss.uxTasksDeleted
                0x20078964        0x4 src/ASF/thirdparty/freertos/freertos-7.3.0/source/tasks.o
 .bss.xTasksWaitingTermination
                0x20078968       0x14 src/ASF/thirdparty/freertos/freertos-7.3.0/source/tasks.o
 .bss.xDelayedTaskList2
                0x2007897c       0x14 src/ASF/thirdparty/freertos/freertos-7.3.0/source/tasks.o
 .bss.uxTopReadyPriority
                0x20078990        0x4 src/ASF/thirdparty/freertos/freertos-7.3.0/source/tasks.o
 .bss.pxReadyTasksLists
                0x20078994       0xc8 src/ASF/thirdparty/freertos/freertos-7.3.0/source/tasks.o
 .bss.uxSchedulerSuspended
                0x20078a5c        0x4 src/ASF/thirdparty/freertos/freertos-7.3.0/source/tasks.o
 .bss.pxCurrentTCB
                0x20078a60        0x4 src/ASF/thirdparty/freertos/freertos-7.3.0/source/tasks.o
                0x20078a60                pxCurrentTCB
 .bss.xPendingReadyList
                0x20078a64       0x14 src/ASF/thirdparty/freertos/freertos-7.3.0/source/tasks.o
 .bss.xNumOfOverflows
                0x20078a78        0x4 src/ASF/thirdparty/freertos/freertos-7.3.0/source/tasks.o
 .bss.xTickCount
                0x20078a7c        0x2 src/ASF/thirdparty/freertos/freertos-7.3.0/source/tasks.o
 *fill*         0x20078a7e        0x2 00
 .bss.pxOverflowDelayedTaskList
                0x20078a80        0x4 src/ASF/thirdparty/freertos/freertos-7.3.0/source/tasks.o
 .bss.uxTaskNumber
                0x20078a84        0x4 src/ASF/thirdparty/freertos/freertos-7.3.0/source/tasks.o
 .bss.xDelayedTaskList1
                0x20078a88       0x14 src/ASF/thirdparty/freertos/freertos-7.3.0/source/tasks.o
 .bss.xMissedYield
                0x20078a9c        0x4 src/ASF/thirdparty/freertos/freertos-7.3.0/source/tasks.o
 .bss.uxCurrentNumberOfTasks
                0x20078aa0        0x4 src/ASF/thirdparty/freertos/freertos-7.3.0/source/tasks.o
 .bss.uxTopUsedPriority
                0x20078aa4        0x4 src/ASF/thirdparty/freertos/freertos-7.3.0/source/tasks.o
 .bss.pxCurrentTimerList
                0x20078aa8        0x4 src/ASF/thirdparty/freertos/freertos-7.3.0/source/timers.o
 .bss.xActiveTimerList1
                0x20078aac       0x14 src/ASF/thirdparty/freertos/freertos-7.3.0/source/timers.o
 .bss.xActiveTimerList2
                0x20078ac0       0x14 src/ASF/thirdparty/freertos/freertos-7.3.0/source/timers.o
 .bss.xLastTime.4460
                0x20078ad4        0x2 src/ASF/thirdparty/freertos/freertos-7.3.0/source/timers.o
 *fill*         0x20078ad6        0x2 00
 .bss.xTimerQueue
                0x20078ad8        0x4 src/ASF/thirdparty/freertos/freertos-7.3.0/source/timers.o
 .bss.pxOverflowTimerList
                0x20078adc        0x4 src/ASF/thirdparty/freertos/freertos-7.3.0/source/timers.o
 .bss.semafor_signal
                0x20078ae0        0x4 src/main.o
                0x20078ae0                semafor_signal
 .bss.gs_interrupt_sources
                0x20078ae4       0x70 src/ASF/sam/drivers/pio/pio_handler.o
 .bss.heap.5084
                0x20078b54        0x4 src/ASF/sam/utils/syscalls/gcc/syscalls.o
 .bss.current_sample.9084
                0x20078b58        0x2 src/PID.o
 *fill*         0x20078b5a        0x6 00
 .bss.old_error_value.9076
                0x20078b60        0x8 src/PID.o
 .bss.regulation
                0x20078b68       0x18 src/HMI.o
 .bss           0x20078b80       0x34 u:/installedapps/atmel/atmel toolchain/arm gcc/native/4.7.3.1029/arm-gnu-toolchain/bin/../lib/gcc/arm-none-eabi/4.7.3/../../../../arm-none-eabi/lib/armv7-m\libc.a(lib_a-mallocr.o)
                0x20078b80                __malloc_top_pad
                0x20078b84                __malloc_current_mallinfo
                0x20078bac                __malloc_max_sbrked_mem
                0x20078bb0                __malloc_max_total_mem
 *(COMMON)
 COMMON         0x20078bb4        0x4 src/ASF/common/utils/stdio/read.o
                0x20078bb4                ptr_get
 COMMON         0x20078bb8        0x8 src/ASF/common/utils/stdio/write.o
                0x20078bb8                ptr_put
                0x20078bbc                stdio_base
 COMMON         0x20078bc0        0x4 u:/installedapps/atmel/atmel toolchain/arm gcc/native/4.7.3.1029/arm-gnu-toolchain/bin/../lib/gcc/arm-none-eabi/4.7.3/../../../../arm-none-eabi/lib/armv7-m\libc.a(lib_a-reent.o)
                0x20078bc0                errno
                0x20078bc4                . = ALIGN (0x4)
                0x20078bc4                _ebss = .
                0x20078bc4                _ezero = .

.stack          0x20078bc4     0x2004 load address 0x00090e74
                0x20078bc8                . = ALIGN (0x8)
 *fill*         0x20078bc4        0x4 00
                0x20078bc8                _sstack = .
                0x2007abc8                . = (. + __stack_size__)
 *fill*         0x20078bc8     0x2000 00
                0x2007abc8                . = ALIGN (0x8)
                0x2007abc8                _estack = .
                0x2007abc8                . = ALIGN (0x4)
                0x2007abc8                _end = .
OUTPUT(examinationsprojekt1.elf elf32-littlearm)

.ARM.attributes
                0x00000000       0x29
 .ARM.attributes
                0x00000000       0x1d u:/installedapps/atmel/atmel toolchain/arm gcc/native/4.7.3.1029/arm-gnu-toolchain/bin/../lib/gcc/arm-none-eabi/4.7.3/armv7-m/crti.o
 .ARM.attributes
                0x0000001d       0x2d u:/installedapps/atmel/atmel toolchain/arm gcc/native/4.7.3.1029/arm-gnu-toolchain/bin/../lib/gcc/arm-none-eabi/4.7.3/armv7-m/crtbegin.o
 .ARM.attributes
                0x0000004a       0x33 src/ASF/sam/drivers/dacc/dacc.o
 .ARM.attributes
                0x0000007d       0x33 src/global_variables.o
 .ARM.attributes
                0x000000b0       0x33 src/matlabcomm.o
 .ARM.attributes
                0x000000e3       0x33 src/timer_delay.o
 .ARM.attributes
                0x00000116       0x33 src/ASF/common/utils/stdio/read.o
 .ARM.attributes
                0x00000149       0x33 src/ASF/common/utils/stdio/write.o
 .ARM.attributes
                0x0000017c       0x33 src/ASF/sam/drivers/adc/adc.o
 .ARM.attributes
                0x000001af       0x33 src/ASF/sam/drivers/tc/tc.o
 .ARM.attributes
                0x000001e2       0x33 src/ASF/sam/drivers/uart/uart.o
 .ARM.attributes
                0x00000215       0x33 src/ASF/sam/drivers/usart/usart.o
 .ARM.attributes
                0x00000248       0x33 src/ASF/thirdparty/freertos/freertos-7.3.0/source/list.o
 .ARM.attributes
                0x0000027b       0x33 src/ASF/thirdparty/freertos/freertos-7.3.0/source/portable/gcc/arm_cm3/port.o
 .ARM.attributes
                0x000002ae       0x33 src/ASF/thirdparty/freertos/freertos-7.3.0/source/portable/memmang/heap_4.o
 .ARM.attributes
                0x000002e1       0x33 src/ASF/thirdparty/freertos/freertos-7.3.0/source/queue.o
 .ARM.attributes
                0x00000314       0x33 src/ASF/thirdparty/freertos/freertos-7.3.0/source/tasks.o
 .ARM.attributes
                0x00000347       0x33 src/ASF/thirdparty/freertos/freertos-7.3.0/source/timers.o
 .ARM.attributes
                0x0000037a       0x33 src/lcd_shield.o
 .ARM.attributes
                0x000003ad       0x33 src/main.o
 .ARM.attributes
                0x000003e0       0x33 src/ASF/common/services/clock/sam3x/sysclk.o
 .ARM.attributes
                0x00000413       0x33 src/ASF/sam/boards/arduino_due_x/init.o
 .ARM.attributes
                0x00000446       0x33 src/ASF/sam/drivers/pio/pio.o
 .ARM.attributes
                0x00000479       0x33 src/ASF/sam/drivers/pio/pio_handler.o
 .ARM.attributes
                0x000004ac       0x33 src/ASF/sam/drivers/pmc/pmc.o
 .ARM.attributes
                0x000004df       0x33 src/ASF/sam/utils/cmsis/sam3x/source/templates/exceptions.o
 .ARM.attributes
                0x00000512       0x33 src/ASF/sam/utils/cmsis/sam3x/source/templates/gcc/startup_sam3x.o
 .ARM.attributes
                0x00000545       0x33 src/ASF/sam/utils/cmsis/sam3x/source/templates/system_sam3x.o
 .ARM.attributes
                0x00000578       0x33 src/ASF/sam/utils/syscalls/gcc/syscalls.o
 .ARM.attributes
                0x000005ab       0x33 src/adc_and_dac.o
 .ARM.attributes
                0x000005de       0x33 src/PID.o
 .ARM.attributes
                0x00000611       0x33 src/HMI.o
 .ARM.attributes
                0x00000644       0x1d u:/installedapps/atmel/atmel toolchain/arm gcc/native/4.7.3.1029/arm-gnu-toolchain/bin/../lib/gcc/arm-none-eabi/4.7.3/armv7-m\libgcc.a(_arm_addsubdf3.o)
 .ARM.attributes
                0x00000661       0x1d u:/installedapps/atmel/atmel toolchain/arm gcc/native/4.7.3.1029/arm-gnu-toolchain/bin/../lib/gcc/arm-none-eabi/4.7.3/armv7-m\libgcc.a(_arm_muldivdf3.o)
 .ARM.attributes
                0x0000067e       0x1d u:/installedapps/atmel/atmel toolchain/arm gcc/native/4.7.3.1029/arm-gnu-toolchain/bin/../lib/gcc/arm-none-eabi/4.7.3/armv7-m\libgcc.a(_arm_cmpdf2.o)
 .ARM.attributes
                0x0000069b       0x1d u:/installedapps/atmel/atmel toolchain/arm gcc/native/4.7.3.1029/arm-gnu-toolchain/bin/../lib/gcc/arm-none-eabi/4.7.3/armv7-m\libgcc.a(_arm_fixdfsi.o)
 .ARM.attributes
                0x000006b8       0x1d u:/installedapps/atmel/atmel toolchain/arm gcc/native/4.7.3.1029/arm-gnu-toolchain/bin/../lib/gcc/arm-none-eabi/4.7.3/armv7-m\libgcc.a(_arm_fixunsdfsi.o)
 .ARM.attributes
                0x000006d5       0x2d u:/installedapps/atmel/atmel toolchain/arm gcc/native/4.7.3.1029/arm-gnu-toolchain/bin/../lib/gcc/arm-none-eabi/4.7.3/../../../../arm-none-eabi/lib/armv7-m\libc.a(lib_a-__atexit.o)
 .ARM.attributes
                0x00000702       0x2d u:/installedapps/atmel/atmel toolchain/arm gcc/native/4.7.3.1029/arm-gnu-toolchain/bin/../lib/gcc/arm-none-eabi/4.7.3/../../../../arm-none-eabi/lib/armv7-m\libc.a(lib_a-fini.o)
 .ARM.attributes
                0x0000072f       0x2d u:/installedapps/atmel/atmel toolchain/arm gcc/native/4.7.3.1029/arm-gnu-toolchain/bin/../lib/gcc/arm-none-eabi/4.7.3/../../../../arm-none-eabi/lib/armv7-m\libc.a(lib_a-impure.o)
 .ARM.attributes
                0x0000075c       0x2d u:/installedapps/atmel/atmel toolchain/arm gcc/native/4.7.3.1029/arm-gnu-toolchain/bin/../lib/gcc/arm-none-eabi/4.7.3/../../../../arm-none-eabi/lib/armv7-m\libc.a(lib_a-init.o)
 .ARM.attributes
                0x00000789       0x2d u:/installedapps/atmel/atmel toolchain/arm gcc/native/4.7.3.1029/arm-gnu-toolchain/bin/../lib/gcc/arm-none-eabi/4.7.3/../../../../arm-none-eabi/lib/armv7-m\libc.a(lib_a-iprintf.o)
 .ARM.attributes
                0x000007b6       0x2d u:/installedapps/atmel/atmel toolchain/arm gcc/native/4.7.3.1029/arm-gnu-toolchain/bin/../lib/gcc/arm-none-eabi/4.7.3/../../../../arm-none-eabi/lib/armv7-m\libc.a(lib_a-memcpy.o)
 .ARM.attributes
                0x000007e3       0x2d u:/installedapps/atmel/atmel toolchain/arm gcc/native/4.7.3.1029/arm-gnu-toolchain/bin/../lib/gcc/arm-none-eabi/4.7.3/../../../../arm-none-eabi/lib/armv7-m\libc.a(lib_a-memset.o)
 .ARM.attributes
                0x00000810       0x2d u:/installedapps/atmel/atmel toolchain/arm gcc/native/4.7.3.1029/arm-gnu-toolchain/bin/../lib/gcc/arm-none-eabi/4.7.3/../../../../arm-none-eabi/lib/armv7-m\libc.a(lib_a-setbuf.o)
 .ARM.attributes
                0x0000083d       0x2d u:/installedapps/atmel/atmel toolchain/arm gcc/native/4.7.3.1029/arm-gnu-toolchain/bin/../lib/gcc/arm-none-eabi/4.7.3/../../../../arm-none-eabi/lib/armv7-m\libc.a(lib_a-setvbuf.o)
 .ARM.attributes
                0x0000086a       0x2d u:/installedapps/atmel/atmel toolchain/arm gcc/native/4.7.3.1029/arm-gnu-toolchain/bin/../lib/gcc/arm-none-eabi/4.7.3/../../../../arm-none-eabi/lib/armv7-m\libc.a(lib_a-sprintf.o)
 .ARM.attributes
                0x00000897       0x2d u:/installedapps/atmel/atmel toolchain/arm gcc/native/4.7.3.1029/arm-gnu-toolchain/bin/../lib/gcc/arm-none-eabi/4.7.3/../../../../arm-none-eabi/lib/armv7-m\libc.a(lib_a-strlen.o)
 .ARM.attributes
                0x000008c4       0x2d u:/installedapps/atmel/atmel toolchain/arm gcc/native/4.7.3.1029/arm-gnu-toolchain/bin/../lib/gcc/arm-none-eabi/4.7.3/../../../../arm-none-eabi/lib/armv7-m\libc.a(lib_a-strncpy.o)
 .ARM.attributes
                0x000008f1       0x2d u:/installedapps/atmel/atmel toolchain/arm gcc/native/4.7.3.1029/arm-gnu-toolchain/bin/../lib/gcc/arm-none-eabi/4.7.3/../../../../arm-none-eabi/lib/armv7-m\libc.a(lib_a-svfprintf.o)
 .ARM.attributes
                0x0000091e       0x2d u:/installedapps/atmel/atmel toolchain/arm gcc/native/4.7.3.1029/arm-gnu-toolchain/bin/../lib/gcc/arm-none-eabi/4.7.3/../../../../arm-none-eabi/lib/armv7-m\libc.a(lib_a-vfiprintf.o)
 .ARM.attributes
                0x0000094b       0x2d u:/installedapps/atmel/atmel toolchain/arm gcc/native/4.7.3.1029/arm-gnu-toolchain/bin/../lib/gcc/arm-none-eabi/4.7.3/../../../../arm-none-eabi/lib/armv7-m\libc.a(lib_a-wsetup.o)
 .ARM.attributes
                0x00000978       0x2d u:/installedapps/atmel/atmel toolchain/arm gcc/native/4.7.3.1029/arm-gnu-toolchain/bin/../lib/gcc/arm-none-eabi/4.7.3/../../../../arm-none-eabi/lib/armv7-m\libc.a(lib_a-__call_atexit.o)
 .ARM.attributes
                0x000009a5       0x2d u:/installedapps/atmel/atmel toolchain/arm gcc/native/4.7.3.1029/arm-gnu-toolchain/bin/../lib/gcc/arm-none-eabi/4.7.3/../../../../arm-none-eabi/lib/armv7-m\libc.a(lib_a-atexit.o)
 .ARM.attributes
                0x000009d2       0x2d u:/installedapps/atmel/atmel toolchain/arm gcc/native/4.7.3.1029/arm-gnu-toolchain/bin/../lib/gcc/arm-none-eabi/4.7.3/../../../../arm-none-eabi/lib/armv7-m\libc.a(lib_a-fflush.o)
 .ARM.attributes
                0x000009ff       0x2d u:/installedapps/atmel/atmel toolchain/arm gcc/native/4.7.3.1029/arm-gnu-toolchain/bin/../lib/gcc/arm-none-eabi/4.7.3/../../../../arm-none-eabi/lib/armv7-m\libc.a(lib_a-findfp.o)
 .ARM.attributes
                0x00000a2c       0x2d u:/installedapps/atmel/atmel toolchain/arm gcc/native/4.7.3.1029/arm-gnu-toolchain/bin/../lib/gcc/arm-none-eabi/4.7.3/../../../../arm-none-eabi/lib/armv7-m\libc.a(lib_a-fputwc.o)
 .ARM.attributes
                0x00000a59       0x2d u:/installedapps/atmel/atmel toolchain/arm gcc/native/4.7.3.1029/arm-gnu-toolchain/bin/../lib/gcc/arm-none-eabi/4.7.3/../../../../arm-none-eabi/lib/armv7-m\libc.a(lib_a-freer.o)
 .ARM.attributes
                0x00000a86       0x2d u:/installedapps/atmel/atmel toolchain/arm gcc/native/4.7.3.1029/arm-gnu-toolchain/bin/../lib/gcc/arm-none-eabi/4.7.3/../../../../arm-none-eabi/lib/armv7-m\libc.a(lib_a-fvwrite.o)
 .ARM.attributes
                0x00000ab3       0x2d u:/installedapps/atmel/atmel toolchain/arm gcc/native/4.7.3.1029/arm-gnu-toolchain/bin/../lib/gcc/arm-none-eabi/4.7.3/../../../../arm-none-eabi/lib/armv7-m\libc.a(lib_a-fwalk.o)
 .ARM.attributes
                0x00000ae0       0x2d u:/installedapps/atmel/atmel toolchain/arm gcc/native/4.7.3.1029/arm-gnu-toolchain/bin/../lib/gcc/arm-none-eabi/4.7.3/../../../../arm-none-eabi/lib/armv7-m\libc.a(lib_a-locale.o)
 .ARM.attributes
                0x00000b0d       0x2d u:/installedapps/atmel/atmel toolchain/arm gcc/native/4.7.3.1029/arm-gnu-toolchain/bin/../lib/gcc/arm-none-eabi/4.7.3/../../../../arm-none-eabi/lib/armv7-m\libc.a(lib_a-makebuf.o)
 .ARM.attributes
                0x00000b3a       0x2d u:/installedapps/atmel/atmel toolchain/arm gcc/native/4.7.3.1029/arm-gnu-toolchain/bin/../lib/gcc/arm-none-eabi/4.7.3/../../../../arm-none-eabi/lib/armv7-m\libc.a(lib_a-malloc.o)
 .ARM.attributes
                0x00000b67       0x2d u:/installedapps/atmel/atmel toolchain/arm gcc/native/4.7.3.1029/arm-gnu-toolchain/bin/../lib/gcc/arm-none-eabi/4.7.3/../../../../arm-none-eabi/lib/armv7-m\libc.a(lib_a-mallocr.o)
 .ARM.attributes
                0x00000b94       0x2d u:/installedapps/atmel/atmel toolchain/arm gcc/native/4.7.3.1029/arm-gnu-toolchain/bin/../lib/gcc/arm-none-eabi/4.7.3/../../../../arm-none-eabi/lib/armv7-m\libc.a(lib_a-memchr.o)
 .ARM.attributes
                0x00000bc1       0x2d u:/installedapps/atmel/atmel toolchain/arm gcc/native/4.7.3.1029/arm-gnu-toolchain/bin/../lib/gcc/arm-none-eabi/4.7.3/../../../../arm-none-eabi/lib/armv7-m\libc.a(lib_a-memmove.o)
 .ARM.attributes
                0x00000bee       0x2d u:/installedapps/atmel/atmel toolchain/arm gcc/native/4.7.3.1029/arm-gnu-toolchain/bin/../lib/gcc/arm-none-eabi/4.7.3/../../../../arm-none-eabi/lib/armv7-m\libc.a(lib_a-mlock.o)
 .ARM.attributes
                0x00000c1b       0x2d u:/installedapps/atmel/atmel toolchain/arm gcc/native/4.7.3.1029/arm-gnu-toolchain/bin/../lib/gcc/arm-none-eabi/4.7.3/../../../../arm-none-eabi/lib/armv7-m\libc.a(lib_a-reallocr.o)
 .ARM.attributes
                0x00000c48       0x2d u:/installedapps/atmel/atmel toolchain/arm gcc/native/4.7.3.1029/arm-gnu-toolchain/bin/../lib/gcc/arm-none-eabi/4.7.3/../../../../arm-none-eabi/lib/armv7-m\libc.a(lib_a-sbrkr.o)
 .ARM.attributes
                0x00000c75       0x2d u:/installedapps/atmel/atmel toolchain/arm gcc/native/4.7.3.1029/arm-gnu-toolchain/bin/../lib/gcc/arm-none-eabi/4.7.3/../../../../arm-none-eabi/lib/armv7-m\libc.a(lib_a-stdio.o)
 .ARM.attributes
                0x00000ca2       0x2d u:/installedapps/atmel/atmel toolchain/arm gcc/native/4.7.3.1029/arm-gnu-toolchain/bin/../lib/gcc/arm-none-eabi/4.7.3/../../../../arm-none-eabi/lib/armv7-m\libc.a(lib_a-strcmp.o)
 .ARM.attributes
                0x00000ccf       0x2d u:/installedapps/atmel/atmel toolchain/arm gcc/native/4.7.3.1029/arm-gnu-toolchain/bin/../lib/gcc/arm-none-eabi/4.7.3/../../../../arm-none-eabi/lib/armv7-m\libc.a(lib_a-svfiprintf.o)
 .ARM.attributes
                0x00000cfc       0x2d u:/installedapps/atmel/atmel toolchain/arm gcc/native/4.7.3.1029/arm-gnu-toolchain/bin/../lib/gcc/arm-none-eabi/4.7.3/../../../../arm-none-eabi/lib/armv7-m\libc.a(lib_a-wbuf.o)
 .ARM.attributes
                0x00000d29       0x2d u:/installedapps/atmel/atmel toolchain/arm gcc/native/4.7.3.1029/arm-gnu-toolchain/bin/../lib/gcc/arm-none-eabi/4.7.3/../../../../arm-none-eabi/lib/armv7-m\libc.a(lib_a-wcrtomb.o)
 .ARM.attributes
                0x00000d56       0x2d u:/installedapps/atmel/atmel toolchain/arm gcc/native/4.7.3.1029/arm-gnu-toolchain/bin/../lib/gcc/arm-none-eabi/4.7.3/../../../../arm-none-eabi/lib/armv7-m\libc.a(lib_a-wctomb_r.o)
 .ARM.attributes
                0x00000d83       0x2d u:/installedapps/atmel/atmel toolchain/arm gcc/native/4.7.3.1029/arm-gnu-toolchain/bin/../lib/gcc/arm-none-eabi/4.7.3/../../../../arm-none-eabi/lib/armv7-m\libc.a(lib_a-writer.o)
 .ARM.attributes
                0x00000db0       0x2d u:/installedapps/atmel/atmel toolchain/arm gcc/native/4.7.3.1029/arm-gnu-toolchain/bin/../lib/gcc/arm-none-eabi/4.7.3/../../../../arm-none-eabi/lib/armv7-m\libc.a(lib_a-closer.o)
 .ARM.attributes
                0x00000ddd       0x2d u:/installedapps/atmel/atmel toolchain/arm gcc/native/4.7.3.1029/arm-gnu-toolchain/bin/../lib/gcc/arm-none-eabi/4.7.3/../../../../arm-none-eabi/lib/armv7-m\libc.a(lib_a-fclose.o)
 .ARM.attributes
                0x00000e0a       0x2d u:/installedapps/atmel/atmel toolchain/arm gcc/native/4.7.3.1029/arm-gnu-toolchain/bin/../lib/gcc/arm-none-eabi/4.7.3/../../../../arm-none-eabi/lib/armv7-m\libc.a(lib_a-fstatr.o)
 .ARM.attributes
                0x00000e37       0x2d u:/installedapps/atmel/atmel toolchain/arm gcc/native/4.7.3.1029/arm-gnu-toolchain/bin/../lib/gcc/arm-none-eabi/4.7.3/../../../../arm-none-eabi/lib/armv7-m\libc.a(lib_a-isattyr.o)
 .ARM.attributes
                0x00000e64       0x2d u:/installedapps/atmel/atmel toolchain/arm gcc/native/4.7.3.1029/arm-gnu-toolchain/bin/../lib/gcc/arm-none-eabi/4.7.3/../../../../arm-none-eabi/lib/armv7-m\libc.a(lib_a-lseekr.o)
 .ARM.attributes
                0x00000e91       0x2d u:/installedapps/atmel/atmel toolchain/arm gcc/native/4.7.3.1029/arm-gnu-toolchain/bin/../lib/gcc/arm-none-eabi/4.7.3/../../../../arm-none-eabi/lib/armv7-m\libc.a(lib_a-readr.o)
 .ARM.attributes
                0x00000ebe       0x2d u:/installedapps/atmel/atmel toolchain/arm gcc/native/4.7.3.1029/arm-gnu-toolchain/bin/../lib/gcc/arm-none-eabi/4.7.3/../../../../arm-none-eabi/lib/armv7-m\libc.a(lib_a-reent.o)
 .ARM.attributes
                0x00000eeb       0x1d u:/installedapps/atmel/atmel toolchain/arm gcc/native/4.7.3.1029/arm-gnu-toolchain/bin/../lib/gcc/arm-none-eabi/4.7.3/armv7-m\libgcc.a(_aeabi_uldivmod.o)
 .ARM.attributes
                0x00000f08       0x2d u:/installedapps/atmel/atmel toolchain/arm gcc/native/4.7.3.1029/arm-gnu-toolchain/bin/../lib/gcc/arm-none-eabi/4.7.3/armv7-m\libgcc.a(bpabi.o)
 .ARM.attributes
                0x00000f35       0x1d u:/installedapps/atmel/atmel toolchain/arm gcc/native/4.7.3.1029/arm-gnu-toolchain/bin/../lib/gcc/arm-none-eabi/4.7.3/armv7-m\libgcc.a(_dvmd_tls.o)
 .ARM.attributes
                0x00000f52       0x2d u:/installedapps/atmel/atmel toolchain/arm gcc/native/4.7.3.1029/arm-gnu-toolchain/bin/../lib/gcc/arm-none-eabi/4.7.3/armv7-m\libgcc.a(_divdi3.o)
 .ARM.attributes
                0x00000f7f       0x2d u:/installedapps/atmel/atmel toolchain/arm gcc/native/4.7.3.1029/arm-gnu-toolchain/bin/../lib/gcc/arm-none-eabi/4.7.3/armv7-m\libgcc.a(_udivdi3.o)
 .ARM.attributes
                0x00000fac       0x2d u:/installedapps/atmel/atmel toolchain/arm gcc/native/4.7.3.1029/arm-gnu-toolchain/bin/../lib/gcc/arm-none-eabi/4.7.3/armv7-m/crtend.o
 .ARM.attributes
                0x00000fd9       0x1d u:/installedapps/atmel/atmel toolchain/arm gcc/native/4.7.3.1029/arm-gnu-toolchain/bin/../lib/gcc/arm-none-eabi/4.7.3/armv7-m/crtn.o

.comment        0x00000000       0x71
 .comment       0x00000000       0x71 u:/installedapps/atmel/atmel toolchain/arm gcc/native/4.7.3.1029/arm-gnu-toolchain/bin/../lib/gcc/arm-none-eabi/4.7.3/armv7-m/crtbegin.o
                                 0x72 (size before relaxing)
 .comment       0x00000000       0x72 src/ASF/sam/drivers/dacc/dacc.o
 .comment       0x00000000       0x72 src/global_variables.o
 .comment       0x00000000       0x72 src/matlabcomm.o
 .comment       0x00000000       0x72 src/timer_delay.o
 .comment       0x00000000       0x72 src/ASF/common/utils/stdio/read.o
 .comment       0x00000000       0x72 src/ASF/common/utils/stdio/write.o
 .comment       0x00000000       0x72 src/ASF/sam/drivers/adc/adc.o
 .comment       0x00000000       0x72 src/ASF/sam/drivers/tc/tc.o
 .comment       0x00000000       0x72 src/ASF/sam/drivers/uart/uart.o
 .comment       0x00000000       0x72 src/ASF/sam/drivers/usart/usart.o
 .comment       0x00000000       0x72 src/ASF/thirdparty/freertos/freertos-7.3.0/source/list.o
 .comment       0x00000000       0x72 src/ASF/thirdparty/freertos/freertos-7.3.0/source/portable/gcc/arm_cm3/port.o
 .comment       0x00000000       0x72 src/ASF/thirdparty/freertos/freertos-7.3.0/source/portable/memmang/heap_4.o
 .comment       0x00000000       0x72 src/ASF/thirdparty/freertos/freertos-7.3.0/source/queue.o
 .comment       0x00000000       0x72 src/ASF/thirdparty/freertos/freertos-7.3.0/source/tasks.o
 .comment       0x00000000       0x72 src/ASF/thirdparty/freertos/freertos-7.3.0/source/timers.o
 .comment       0x00000000       0x72 src/lcd_shield.o
 .comment       0x00000000       0x72 src/main.o
 .comment       0x00000000       0x72 src/ASF/common/services/clock/sam3x/sysclk.o
 .comment       0x00000000       0x72 src/ASF/sam/boards/arduino_due_x/init.o
 .comment       0x00000000       0x72 src/ASF/sam/drivers/pio/pio.o
 .comment       0x00000000       0x72 src/ASF/sam/drivers/pio/pio_handler.o
 .comment       0x00000000       0x72 src/ASF/sam/drivers/pmc/pmc.o
 .comment       0x00000000       0x72 src/ASF/sam/utils/cmsis/sam3x/source/templates/exceptions.o
 .comment       0x00000000       0x72 src/ASF/sam/utils/cmsis/sam3x/source/templates/gcc/startup_sam3x.o
 .comment       0x00000000       0x72 src/ASF/sam/utils/cmsis/sam3x/source/templates/system_sam3x.o
 .comment       0x00000000       0x72 src/ASF/sam/utils/syscalls/gcc/syscalls.o
 .comment       0x00000000       0x72 src/adc_and_dac.o
 .comment       0x00000000       0x72 src/PID.o
 .comment       0x00000000       0x72 src/HMI.o
 .comment       0x00000000       0x72 u:/installedapps/atmel/atmel toolchain/arm gcc/native/4.7.3.1029/arm-gnu-toolchain/bin/../lib/gcc/arm-none-eabi/4.7.3/../../../../arm-none-eabi/lib/armv7-m\libc.a(lib_a-__atexit.o)
 .comment       0x00000000       0x72 u:/installedapps/atmel/atmel toolchain/arm gcc/native/4.7.3.1029/arm-gnu-toolchain/bin/../lib/gcc/arm-none-eabi/4.7.3/../../../../arm-none-eabi/lib/armv7-m\libc.a(lib_a-fini.o)
 .comment       0x00000000       0x72 u:/installedapps/atmel/atmel toolchain/arm gcc/native/4.7.3.1029/arm-gnu-toolchain/bin/../lib/gcc/arm-none-eabi/4.7.3/../../../../arm-none-eabi/lib/armv7-m\libc.a(lib_a-impure.o)
 .comment       0x00000000       0x72 u:/installedapps/atmel/atmel toolchain/arm gcc/native/4.7.3.1029/arm-gnu-toolchain/bin/../lib/gcc/arm-none-eabi/4.7.3/../../../../arm-none-eabi/lib/armv7-m\libc.a(lib_a-init.o)
 .comment       0x00000000       0x72 u:/installedapps/atmel/atmel toolchain/arm gcc/native/4.7.3.1029/arm-gnu-toolchain/bin/../lib/gcc/arm-none-eabi/4.7.3/../../../../arm-none-eabi/lib/armv7-m\libc.a(lib_a-iprintf.o)
 .comment       0x00000000       0x72 u:/installedapps/atmel/atmel toolchain/arm gcc/native/4.7.3.1029/arm-gnu-toolchain/bin/../lib/gcc/arm-none-eabi/4.7.3/../../../../arm-none-eabi/lib/armv7-m\libc.a(lib_a-memcpy.o)
 .comment       0x00000000       0x72 u:/installedapps/atmel/atmel toolchain/arm gcc/native/4.7.3.1029/arm-gnu-toolchain/bin/../lib/gcc/arm-none-eabi/4.7.3/../../../../arm-none-eabi/lib/armv7-m\libc.a(lib_a-memset.o)
 .comment       0x00000000       0x72 u:/installedapps/atmel/atmel toolchain/arm gcc/native/4.7.3.1029/arm-gnu-toolchain/bin/../lib/gcc/arm-none-eabi/4.7.3/../../../../arm-none-eabi/lib/armv7-m\libc.a(lib_a-setbuf.o)
 .comment       0x00000000       0x72 u:/installedapps/atmel/atmel toolchain/arm gcc/native/4.7.3.1029/arm-gnu-toolchain/bin/../lib/gcc/arm-none-eabi/4.7.3/../../../../arm-none-eabi/lib/armv7-m\libc.a(lib_a-setvbuf.o)
 .comment       0x00000000       0x72 u:/installedapps/atmel/atmel toolchain/arm gcc/native/4.7.3.1029/arm-gnu-toolchain/bin/../lib/gcc/arm-none-eabi/4.7.3/../../../../arm-none-eabi/lib/armv7-m\libc.a(lib_a-sprintf.o)
 .comment       0x00000000       0x72 u:/installedapps/atmel/atmel toolchain/arm gcc/native/4.7.3.1029/arm-gnu-toolchain/bin/../lib/gcc/arm-none-eabi/4.7.3/../../../../arm-none-eabi/lib/armv7-m\libc.a(lib_a-strlen.o)
 .comment       0x00000000       0x72 u:/installedapps/atmel/atmel toolchain/arm gcc/native/4.7.3.1029/arm-gnu-toolchain/bin/../lib/gcc/arm-none-eabi/4.7.3/../../../../arm-none-eabi/lib/armv7-m\libc.a(lib_a-strncpy.o)
 .comment       0x00000000       0x72 u:/installedapps/atmel/atmel toolchain/arm gcc/native/4.7.3.1029/arm-gnu-toolchain/bin/../lib/gcc/arm-none-eabi/4.7.3/../../../../arm-none-eabi/lib/armv7-m\libc.a(lib_a-svfprintf.o)
 .comment       0x00000000       0x72 u:/installedapps/atmel/atmel toolchain/arm gcc/native/4.7.3.1029/arm-gnu-toolchain/bin/../lib/gcc/arm-none-eabi/4.7.3/../../../../arm-none-eabi/lib/armv7-m\libc.a(lib_a-vfiprintf.o)
 .comment       0x00000000       0x72 u:/installedapps/atmel/atmel toolchain/arm gcc/native/4.7.3.1029/arm-gnu-toolchain/bin/../lib/gcc/arm-none-eabi/4.7.3/../../../../arm-none-eabi/lib/armv7-m\libc.a(lib_a-wsetup.o)
 .comment       0x00000000       0x72 u:/installedapps/atmel/atmel toolchain/arm gcc/native/4.7.3.1029/arm-gnu-toolchain/bin/../lib/gcc/arm-none-eabi/4.7.3/../../../../arm-none-eabi/lib/armv7-m\libc.a(lib_a-__call_atexit.o)
 .comment       0x00000000       0x72 u:/installedapps/atmel/atmel toolchain/arm gcc/native/4.7.3.1029/arm-gnu-toolchain/bin/../lib/gcc/arm-none-eabi/4.7.3/../../../../arm-none-eabi/lib/armv7-m\libc.a(lib_a-atexit.o)
 .comment       0x00000000       0x72 u:/installedapps/atmel/atmel toolchain/arm gcc/native/4.7.3.1029/arm-gnu-toolchain/bin/../lib/gcc/arm-none-eabi/4.7.3/../../../../arm-none-eabi/lib/armv7-m\libc.a(lib_a-fflush.o)
 .comment       0x00000000       0x72 u:/installedapps/atmel/atmel toolchain/arm gcc/native/4.7.3.1029/arm-gnu-toolchain/bin/../lib/gcc/arm-none-eabi/4.7.3/../../../../arm-none-eabi/lib/armv7-m\libc.a(lib_a-findfp.o)
 .comment       0x00000000       0x72 u:/installedapps/atmel/atmel toolchain/arm gcc/native/4.7.3.1029/arm-gnu-toolchain/bin/../lib/gcc/arm-none-eabi/4.7.3/../../../../arm-none-eabi/lib/armv7-m\libc.a(lib_a-fputwc.o)
 .comment       0x00000000       0x72 u:/installedapps/atmel/atmel toolchain/arm gcc/native/4.7.3.1029/arm-gnu-toolchain/bin/../lib/gcc/arm-none-eabi/4.7.3/../../../../arm-none-eabi/lib/armv7-m\libc.a(lib_a-freer.o)
 .comment       0x00000000       0x72 u:/installedapps/atmel/atmel toolchain/arm gcc/native/4.7.3.1029/arm-gnu-toolchain/bin/../lib/gcc/arm-none-eabi/4.7.3/../../../../arm-none-eabi/lib/armv7-m\libc.a(lib_a-fvwrite.o)
 .comment       0x00000000       0x72 u:/installedapps/atmel/atmel toolchain/arm gcc/native/4.7.3.1029/arm-gnu-toolchain/bin/../lib/gcc/arm-none-eabi/4.7.3/../../../../arm-none-eabi/lib/armv7-m\libc.a(lib_a-fwalk.o)
 .comment       0x00000000       0x72 u:/installedapps/atmel/atmel toolchain/arm gcc/native/4.7.3.1029/arm-gnu-toolchain/bin/../lib/gcc/arm-none-eabi/4.7.3/../../../../arm-none-eabi/lib/armv7-m\libc.a(lib_a-locale.o)
 .comment       0x00000000       0x72 u:/installedapps/atmel/atmel toolchain/arm gcc/native/4.7.3.1029/arm-gnu-toolchain/bin/../lib/gcc/arm-none-eabi/4.7.3/../../../../arm-none-eabi/lib/armv7-m\libc.a(lib_a-makebuf.o)
 .comment       0x00000000       0x72 u:/installedapps/atmel/atmel toolchain/arm gcc/native/4.7.3.1029/arm-gnu-toolchain/bin/../lib/gcc/arm-none-eabi/4.7.3/../../../../arm-none-eabi/lib/armv7-m\libc.a(lib_a-malloc.o)
 .comment       0x00000000       0x72 u:/installedapps/atmel/atmel toolchain/arm gcc/native/4.7.3.1029/arm-gnu-toolchain/bin/../lib/gcc/arm-none-eabi/4.7.3/../../../../arm-none-eabi/lib/armv7-m\libc.a(lib_a-mallocr.o)
 .comment       0x00000000       0x72 u:/installedapps/atmel/atmel toolchain/arm gcc/native/4.7.3.1029/arm-gnu-toolchain/bin/../lib/gcc/arm-none-eabi/4.7.3/../../../../arm-none-eabi/lib/armv7-m\libc.a(lib_a-memchr.o)
 .comment       0x00000000       0x72 u:/installedapps/atmel/atmel toolchain/arm gcc/native/4.7.3.1029/arm-gnu-toolchain/bin/../lib/gcc/arm-none-eabi/4.7.3/../../../../arm-none-eabi/lib/armv7-m\libc.a(lib_a-memmove.o)
 .comment       0x00000000       0x72 u:/installedapps/atmel/atmel toolchain/arm gcc/native/4.7.3.1029/arm-gnu-toolchain/bin/../lib/gcc/arm-none-eabi/4.7.3/../../../../arm-none-eabi/lib/armv7-m\libc.a(lib_a-mlock.o)
 .comment       0x00000000       0x72 u:/installedapps/atmel/atmel toolchain/arm gcc/native/4.7.3.1029/arm-gnu-toolchain/bin/../lib/gcc/arm-none-eabi/4.7.3/../../../../arm-none-eabi/lib/armv7-m\libc.a(lib_a-reallocr.o)
 .comment       0x00000000       0x72 u:/installedapps/atmel/atmel toolchain/arm gcc/native/4.7.3.1029/arm-gnu-toolchain/bin/../lib/gcc/arm-none-eabi/4.7.3/../../../../arm-none-eabi/lib/armv7-m\libc.a(lib_a-sbrkr.o)
 .comment       0x00000000       0x72 u:/installedapps/atmel/atmel toolchain/arm gcc/native/4.7.3.1029/arm-gnu-toolchain/bin/../lib/gcc/arm-none-eabi/4.7.3/../../../../arm-none-eabi/lib/armv7-m\libc.a(lib_a-stdio.o)
 .comment       0x00000000       0x72 u:/installedapps/atmel/atmel toolchain/arm gcc/native/4.7.3.1029/arm-gnu-toolchain/bin/../lib/gcc/arm-none-eabi/4.7.3/../../../../arm-none-eabi/lib/armv7-m\libc.a(lib_a-strcmp.o)
 .comment       0x00000000       0x72 u:/installedapps/atmel/atmel toolchain/arm gcc/native/4.7.3.1029/arm-gnu-toolchain/bin/../lib/gcc/arm-none-eabi/4.7.3/../../../../arm-none-eabi/lib/armv7-m\libc.a(lib_a-svfiprintf.o)
 .comment       0x00000000       0x72 u:/installedapps/atmel/atmel toolchain/arm gcc/native/4.7.3.1029/arm-gnu-toolchain/bin/../lib/gcc/arm-none-eabi/4.7.3/../../../../arm-none-eabi/lib/armv7-m\libc.a(lib_a-wbuf.o)
 .comment       0x00000000       0x72 u:/installedapps/atmel/atmel toolchain/arm gcc/native/4.7.3.1029/arm-gnu-toolchain/bin/../lib/gcc/arm-none-eabi/4.7.3/../../../../arm-none-eabi/lib/armv7-m\libc.a(lib_a-wcrtomb.o)
 .comment       0x00000000       0x72 u:/installedapps/atmel/atmel toolchain/arm gcc/native/4.7.3.1029/arm-gnu-toolchain/bin/../lib/gcc/arm-none-eabi/4.7.3/../../../../arm-none-eabi/lib/armv7-m\libc.a(lib_a-wctomb_r.o)
 .comment       0x00000000       0x72 u:/installedapps/atmel/atmel toolchain/arm gcc/native/4.7.3.1029/arm-gnu-toolchain/bin/../lib/gcc/arm-none-eabi/4.7.3/../../../../arm-none-eabi/lib/armv7-m\libc.a(lib_a-writer.o)
 .comment       0x00000000       0x72 u:/installedapps/atmel/atmel toolchain/arm gcc/native/4.7.3.1029/arm-gnu-toolchain/bin/../lib/gcc/arm-none-eabi/4.7.3/../../../../arm-none-eabi/lib/armv7-m\libc.a(lib_a-closer.o)
 .comment       0x00000000       0x72 u:/installedapps/atmel/atmel toolchain/arm gcc/native/4.7.3.1029/arm-gnu-toolchain/bin/../lib/gcc/arm-none-eabi/4.7.3/../../../../arm-none-eabi/lib/armv7-m\libc.a(lib_a-fclose.o)
 .comment       0x00000000       0x72 u:/installedapps/atmel/atmel toolchain/arm gcc/native/4.7.3.1029/arm-gnu-toolchain/bin/../lib/gcc/arm-none-eabi/4.7.3/../../../../arm-none-eabi/lib/armv7-m\libc.a(lib_a-fstatr.o)
 .comment       0x00000000       0x72 u:/installedapps/atmel/atmel toolchain/arm gcc/native/4.7.3.1029/arm-gnu-toolchain/bin/../lib/gcc/arm-none-eabi/4.7.3/../../../../arm-none-eabi/lib/armv7-m\libc.a(lib_a-isattyr.o)
 .comment       0x00000000       0x72 u:/installedapps/atmel/atmel toolchain/arm gcc/native/4.7.3.1029/arm-gnu-toolchain/bin/../lib/gcc/arm-none-eabi/4.7.3/../../../../arm-none-eabi/lib/armv7-m\libc.a(lib_a-lseekr.o)
 .comment       0x00000000       0x72 u:/installedapps/atmel/atmel toolchain/arm gcc/native/4.7.3.1029/arm-gnu-toolchain/bin/../lib/gcc/arm-none-eabi/4.7.3/../../../../arm-none-eabi/lib/armv7-m\libc.a(lib_a-readr.o)
 .comment       0x00000000       0x72 u:/installedapps/atmel/atmel toolchain/arm gcc/native/4.7.3.1029/arm-gnu-toolchain/bin/../lib/gcc/arm-none-eabi/4.7.3/../../../../arm-none-eabi/lib/armv7-m\libc.a(lib_a-reent.o)
 .comment       0x00000000       0x72 u:/installedapps/atmel/atmel toolchain/arm gcc/native/4.7.3.1029/arm-gnu-toolchain/bin/../lib/gcc/arm-none-eabi/4.7.3/armv7-m\libgcc.a(bpabi.o)
 .comment       0x00000000       0x72 u:/installedapps/atmel/atmel toolchain/arm gcc/native/4.7.3.1029/arm-gnu-toolchain/bin/../lib/gcc/arm-none-eabi/4.7.3/armv7-m\libgcc.a(_divdi3.o)
 .comment       0x00000000       0x72 u:/installedapps/atmel/atmel toolchain/arm gcc/native/4.7.3.1029/arm-gnu-toolchain/bin/../lib/gcc/arm-none-eabi/4.7.3/armv7-m\libgcc.a(_udivdi3.o)
 .comment       0x00000000       0x72 u:/installedapps/atmel/atmel toolchain/arm gcc/native/4.7.3.1029/arm-gnu-toolchain/bin/../lib/gcc/arm-none-eabi/4.7.3/armv7-m/crtend.o

.debug_info     0x00000000    0x3271c
 .debug_info    0x00000000      0x89e src/ASF/sam/drivers/dacc/dacc.o
 .debug_info    0x0000089e      0xab2 src/global_variables.o
 .debug_info    0x00001350      0xb51 src/matlabcomm.o
 .debug_info    0x00001ea1     0x1194 src/timer_delay.o
 .debug_info    0x00003035      0x1d8 src/ASF/common/utils/stdio/read.o
 .debug_info    0x0000320d      0x1aa src/ASF/common/utils/stdio/write.o
 .debug_info    0x000033b7     0x1114 src/ASF/sam/drivers/adc/adc.o
 .debug_info    0x000044cb      0x932 src/ASF/sam/drivers/tc/tc.o
 .debug_info    0x00004dfd      0x802 src/ASF/sam/drivers/uart/uart.o
 .debug_info    0x000055ff     0x1b26 src/ASF/sam/drivers/usart/usart.o
 .debug_info    0x00007125      0x2b9 src/ASF/thirdparty/freertos/freertos-7.3.0/source/list.o
 .debug_info    0x000073de      0x38c src/ASF/thirdparty/freertos/freertos-7.3.0/source/portable/gcc/arm_cm3/port.o
 .debug_info    0x0000776a      0x38d src/ASF/thirdparty/freertos/freertos-7.3.0/source/portable/memmang/heap_4.o
 .debug_info    0x00007af7      0xeb6 src/ASF/thirdparty/freertos/freertos-7.3.0/source/queue.o
 .debug_info    0x000089ad     0x18ee src/ASF/thirdparty/freertos/freertos-7.3.0/source/tasks.o
 .debug_info    0x0000a29b      0xb56 src/ASF/thirdparty/freertos/freertos-7.3.0/source/timers.o
 .debug_info    0x0000adf1     0x23d8 src/lcd_shield.o
 .debug_info    0x0000d1c9     0x15c0 src/main.o
 .debug_info    0x0000e789      0x74e src/ASF/common/services/clock/sam3x/sysclk.o
 .debug_info    0x0000eed7      0x729 src/ASF/sam/boards/arduino_due_x/init.o
 .debug_info    0x0000f600     0x11ab src/ASF/sam/drivers/pio/pio.o