Archive member included because of file (symbol)

u:/installedapps/atmel/atmel toolchain/arm gcc/native/4.7.3.1029/arm-gnu-toolchain/bin/../lib/gcc/arm-none-eabi/4.7.3/armv7-m\libgcc.a(_arm_addsubdf3.o)
                              src/HMI.o (__aeabi_dsub)
u:/installedapps/atmel/atmel toolchain/arm gcc/native/4.7.3.1029/arm-gnu-toolchain/bin/../lib/gcc/arm-none-eabi/4.7.3/armv7-m\libgcc.a(_arm_muldivdf3.o)
                              src/PID.o (__aeabi_dmul)
u:/installedapps/atmel/atmel toolchain/arm gcc/native/4.7.3.1029/arm-gnu-toolchain/bin/../lib/gcc/arm-none-eabi/4.7.3/armv7-m\libgcc.a(_arm_cmpdf2.o)
                              src/PID.o (__aeabi_dcmpeq)
u:/installedapps/atmel/atmel toolchain/arm gcc/native/4.7.3.1029/arm-gnu-toolchain/bin/../lib/gcc/arm-none-eabi/4.7.3/armv7-m\libgcc.a(_arm_fixdfsi.o)
                              src/HMI.o (__aeabi_d2iz)
u:/installedapps/atmel/atmel toolchain/arm gcc/native/4.7.3.1029/arm-gnu-toolchain/bin/../lib/gcc/arm-none-eabi/4.7.3/armv7-m\libgcc.a(_arm_fixunsdfsi.o)
                              src/PID.o (__aeabi_d2uiz)
u:/installedapps/atmel/atmel toolchain/arm gcc/native/4.7.3.1029/arm-gnu-toolchain/bin/../lib/gcc/arm-none-eabi/4.7.3/../../../../arm-none-eabi/lib/armv7-m\libc.a(lib_a-__atexit.o)
                              u:/installedapps/atmel/atmel toolchain/arm gcc/native/4.7.3.1029/arm-gnu-toolchain/bin/../lib/gcc/arm-none-eabi/4.7.3/../../../../arm-none-eabi/lib/armv7-m/crt0.o (__register_exitproc)
u:/installedapps/atmel/atmel toolchain/arm gcc/native/4.7.3.1029/arm-gnu-toolchain/bin/../lib/gcc/arm-none-eabi/4.7.3/../../../../arm-none-eabi/lib/armv7-m\libc.a(lib_a-exit.o)
                              u:/installedapps/atmel/atmel toolchain/arm gcc/native/4.7.3.1029/arm-gnu-toolchain/bin/../lib/gcc/arm-none-eabi/4.7.3/../../../../arm-none-eabi/lib/armv7-m/crt0.o (exit)
u:/installedapps/atmel/atmel toolchain/arm gcc/native/4.7.3.1029/arm-gnu-toolchain/bin/../lib/gcc/arm-none-eabi/4.7.3/../../../../arm-none-eabi/lib/armv7-m\libc.a(lib_a-fini.o)
                              u:/installedapps/atmel/atmel toolchain/arm gcc/native/4.7.3.1029/arm-gnu-toolchain/bin/../lib/gcc/arm-none-eabi/4.7.3/../../../../arm-none-eabi/lib/armv7-m/crt0.o (__libc_fini_array)
u:/installedapps/atmel/atmel toolchain/arm gcc/native/4.7.3.1029/arm-gnu-toolchain/bin/../lib/gcc/arm-none-eabi/4.7.3/../../../../arm-none-eabi/lib/armv7-m\libc.a(lib_a-impure.o)
                              u:/installedapps/atmel/atmel toolchain/arm gcc/native/4.7.3.1029/arm-gnu-toolchain/bin/../lib/gcc/arm-none-eabi/4.7.3/../../../../arm-none-eabi/lib/armv7-m\libc.a(lib_a-__atexit.o) (_global_impure_ptr)
u:/installedapps/atmel/atmel toolchain/arm gcc/native/4.7.3.1029/arm-gnu-toolchain/bin/../lib/gcc/arm-none-eabi/4.7.3/../../../../arm-none-eabi/lib/armv7-m\libc.a(lib_a-init.o)
                              u:/installedapps/atmel/atmel toolchain/arm gcc/native/4.7.3.1029/arm-gnu-toolchain/bin/../lib/gcc/arm-none-eabi/4.7.3/../../../../arm-none-eabi/lib/armv7-m/crt0.o (__libc_init_array)
u:/installedapps/atmel/atmel toolchain/arm gcc/native/4.7.3.1029/arm-gnu-toolchain/bin/../lib/gcc/arm-none-eabi/4.7.3/../../../../arm-none-eabi/lib/armv7-m\libc.a(lib_a-iprintf.o)
                              src/matlabcomm.o (iprintf)
u:/installedapps/atmel/atmel toolchain/arm gcc/native/4.7.3.1029/arm-gnu-toolchain/bin/../lib/gcc/arm-none-eabi/4.7.3/../../../../arm-none-eabi/lib/armv7-m\libc.a(lib_a-memcpy.o)
                              src/ASF/thirdparty/freertos/freertos-7.3.0/source/queue.o (memcpy)
u:/installedapps/atmel/atmel toolchain/arm gcc/native/4.7.3.1029/arm-gnu-toolchain/bin/../lib/gcc/arm-none-eabi/4.7.3/../../../../arm-none-eabi/lib/armv7-m\libc.a(lib_a-memset.o)
                              u:/installedapps/atmel/atmel toolchain/arm gcc/native/4.7.3.1029/arm-gnu-toolchain/bin/../lib/gcc/arm-none-eabi/4.7.3/../../../../arm-none-eabi/lib/armv7-m/crt0.o (memset)
u:/installedapps/atmel/atmel toolchain/arm gcc/native/4.7.3.1029/arm-gnu-toolchain/bin/../lib/gcc/arm-none-eabi/4.7.3/../../../../arm-none-eabi/lib/armv7-m\libc.a(lib_a-puts.o)
                              src/ASF/sam/drivers/adc/adc.o (puts)
u:/installedapps/atmel/atmel toolchain/arm gcc/native/4.7.3.1029/arm-gnu-toolchain/bin/../lib/gcc/arm-none-eabi/4.7.3/../../../../arm-none-eabi/lib/armv7-m\libc.a(lib_a-setbuf.o)
                              src/main.o (setbuf)
u:/installedapps/atmel/atmel toolchain/arm gcc/native/4.7.3.1029/arm-gnu-toolchain/bin/../lib/gcc/arm-none-eabi/4.7.3/../../../../arm-none-eabi/lib/armv7-m\libc.a(lib_a-setvbuf.o)
                              u:/installedapps/atmel/atmel toolchain/arm gcc/native/4.7.3.1029/arm-gnu-toolchain/bin/../lib/gcc/arm-none-eabi/4.7.3/../../../../arm-none-eabi/lib/armv7-m\libc.a(lib_a-setbuf.o) (setvbuf)
u:/installedapps/atmel/atmel toolchain/arm gcc/native/4.7.3.1029/arm-gnu-toolchain/bin/../lib/gcc/arm-none-eabi/4.7.3/../../../../arm-none-eabi/lib/armv7-m\libc.a(lib_a-sprintf.o)
[...]
Memory Configuration

Name             Origin             Length             Attributes
rom              0x00080000         0x00080000         xr
sram0            0x20000000         0x00010000         xrw
sram1            0x20080000         0x00008000         xrw
ram              0x20070000         0x00018000         xrw
*default*        0x00000000         0xffffffff

Linker script and memory map

LOAD u:/installedapps/atmel/atmel toolchain/arm gcc/native/4.7.3.1029/arm-gnu-toolchain/bin/../lib/gcc/arm-none-eabi/4.7.3/armv7-m/crti.o
LOAD u:/installedapps/atmel/atmel toolchain/arm gcc/native/4.7.3.1029/arm-gnu-toolchain/bin/../lib/gcc/arm-none-eabi/4.7.3/armv7-m/crtbegin.o
LOAD u:/installedapps/atmel/atmel toolchain/arm gcc/native/4.7.3.1029/arm-gnu-toolchain/bin/../lib/gcc/arm-none-eabi/4.7.3/../../../../arm-none-eabi/lib/armv7-m/crt0.o
LOAD src/ASF/sam/drivers/dacc/dacc.o
LOAD src/global_variables.o
LOAD src/matlabcomm.o
LOAD src/timer_delay.o
LOAD src/ASF/common/services/serial/usart_serial.o
LOAD src/ASF/common/utils/stdio/read.o
LOAD src/ASF/common/utils/stdio/write.o
LOAD src/ASF/sam/drivers/adc/adc.o
LOAD src/ASF/sam/drivers/adc/adc_sam3u.o
LOAD src/ASF/sam/drivers/tc/tc.o
LOAD src/ASF/sam/drivers/uart/uart.o
LOAD src/ASF/sam/drivers/usart/usart.o
LOAD src/ASF/thirdparty/freertos/freertos-7.3.0/source/FreeRTOS_CLI.o
LOAD src/ASF/thirdparty/freertos/freertos-7.3.0/source/list.o
LOAD src/ASF/thirdparty/freertos/freertos-7.3.0/source/portable/gcc/arm_cm3/port.o
LOAD src/ASF/thirdparty/freertos/freertos-7.3.0/source/portable/memmang/heap_4.o
LOAD src/ASF/thirdparty/freertos/freertos-7.3.0/source/queue.o
LOAD src/ASF/thirdparty/freertos/freertos-7.3.0/source/tasks.o
LOAD src/ASF/thirdparty/freertos/freertos-7.3.0/source/timers.o
LOAD src/lcd_shield.o
LOAD src/main.o
LOAD src/ASF/common/services/clock/sam3x/sysclk.o
LOAD src/ASF/common/utils/interrupt/interrupt_sam_nvic.o
LOAD src/ASF/sam/boards/arduino_due_x/init.o
LOAD src/ASF/sam/drivers/pio/pio.o
LOAD src/ASF/sam/drivers/pio/pio_handler.o
LOAD src/ASF/sam/drivers/pmc/pmc.o
LOAD src/ASF/sam/drivers/pmc/sleep.o
LOAD src/ASF/sam/utils/cmsis/sam3x/source/templates/exceptions.o
LOAD src/ASF/sam/utils/cmsis/sam3x/source/templates/gcc/startup_sam3x.o
LOAD src/ASF/sam/utils/cmsis/sam3x/source/templates/system_sam3x.o
LOAD src/ASF/sam/utils/syscalls/gcc/syscalls.o
LOAD src/my_adc.o
LOAD src/PID.o
LOAD src/HMI.o
START GROUP
LOAD ../src/ASF/thirdparty/CMSIS/Lib/GCC\libarm_cortexM3l_math.a
LOAD u:/installedapps/atmel/atmel toolchain/arm gcc/native/4.7.3.1029/arm-gnu-toolchain/bin/../lib/gcc/arm-none-eabi/4.7.3/../../../../arm-none-eabi/lib/armv7-m\libm.a
END GROUP
START GROUP
LOAD u:/installedapps/atmel/atmel toolchain/arm gcc/native/4.7.3.1029/arm-gnu-toolchain/bin/../lib/gcc/arm-none-eabi/4.7.3/armv7-m\libgcc.a
LOAD u:/installedapps/atmel/atmel toolchain/arm gcc/native/4.7.3.1029/arm-gnu-toolchain/bin/../lib/gcc/arm-none-eabi/4.7.3/../../../../arm-none-eabi/lib/armv7-m\libc.a
END GROUP
LOAD u:/installedapps/atmel/atmel toolchain/arm gcc/native/4.7.3.1029/arm-gnu-toolchain/bin/../lib/gcc/arm-none-eabi/4.7.3/armv7-m/crtend.o
LOAD u:/installedapps/atmel/atmel toolchain/arm gcc/native/4.7.3.1029/arm-gnu-toolchain/bin/../lib/gcc/arm-none-eabi/4.7.3/armv7-m/crtn.o
                [0x00002000]                __stack_size__ = DEFINED (__stack_size__)?__stack_size__:0x2000

.text           0x00080000     0x80f0
                0x00080000                . = ALIGN (0x4)
                0x00080000                _sfixed = .
 *(.vectors .vectors.*)
 .vectors       0x00080000       0xf4 src/ASF/sam/utils/cmsis/sam3x/source/templates/gcc/startup_sam3x.o
                0x00080000                exception_table
 *(.text .text.* .gnu.linkonce.t.*)
 .text          0x000800f4       0xb0 u:/installedapps/atmel/atmel toolchain/arm gcc/native/4.7.3.1029/arm-gnu-toolchain/bin/../lib/gcc/arm-none-eabi/4.7.3/armv7-m/crtbegin.o
 .text.dacc_reset
                0x000801a4        0x8 src/ASF/sam/drivers/dacc/dacc.o
                0x000801a4                dacc_reset
 .text.dacc_set_transfer_mode
                0x000801ac       0x1c src/ASF/sam/drivers/dacc/dacc.o
                0x000801ac                dacc_set_transfer_mode
 .text.dacc_write_conversion_data
                0x000801c8        0x4 src/ASF/sam/drivers/dacc/dacc.o
                0x000801c8                dacc_write_conversion_data
 .text.dacc_set_channel_selection
                0x000801cc       0x1c src/ASF/sam/drivers/dacc/dacc.o
                0x000801cc                dacc_set_channel_selection
 .text.dacc_set_timing
                0x000801e8       0x34 src/ASF/sam/drivers/dacc/dacc.o
                0x000801e8                dacc_set_timing
 .text.dacc_enable_channel
                0x0008021c       0x1c src/ASF/sam/drivers/dacc/dacc.o
                0x0008021c                dacc_enable_channel
 .text.delay_init
                0x00080238       0x64 src/timer_delay.o
                0x00080238                delay_init
 .text.delay    0x0008029c       0x5c src/timer_delay.o
                0x0008029c                delay
 .text._read    0x000802f8       0x88 src/ASF/common/utils/stdio/read.o
                0x000802f8                _read
 .text._write   0x00080380       0xa0 src/ASF/common/utils/stdio/write.o
                0x00080380                _write
 .text.adc_init
                0x00080420       0x40 src/ASF/sam/drivers/adc/adc.o
                0x00080420                adc_init
 .text.adc_set_resolution
                0x00080460       0x10 src/ASF/sam/drivers/adc/adc.o
                0x00080460                adc_set_resolution
 .text.adc_configure_trigger
                0x00080470       0x10 src/ASF/sam/drivers/adc/adc.o
                0x00080470                adc_configure_trigger
 .text.adc_configure_timing
                0x00080480       0x20 src/ASF/sam/drivers/adc/adc.o
                0x00080480                adc_configure_timing
 .text.adc_start
                0x000804a0        0x8 src/ASF/sam/drivers/adc/adc.o
                0x000804a0                adc_start
 .text.adc_get_channel_value
                0x000804a8       0x14 src/ASF/sam/drivers/adc/adc.o
                0x000804a8                adc_get_channel_value
 .text.adc_get_status
                0x000804bc        0x4 src/ASF/sam/drivers/adc/adc.o
                0x000804bc                adc_get_status
 .text.tc_init  0x000804c0       0x1c src/ASF/sam/drivers/tc/tc.o
                0x000804c0                tc_init
 .text.tc_set_block_mode
                0x000804dc        0x8 src/ASF/sam/drivers/tc/tc.o
                0x000804dc                tc_set_block_mode
 .text.tc_start
                0x000804e4        0xc src/ASF/sam/drivers/tc/tc.o
                0x000804e4                tc_start
 .text.tc_stop  0x000804f0        0xc src/ASF/sam/drivers/tc/tc.o
                0x000804f0                tc_stop
 .text.tc_read_cv
                0x000804fc        0x8 src/ASF/sam/drivers/tc/tc.o
                0x000804fc                tc_read_cv
 .text.uart_init
                0x00080504       0x44 src/ASF/sam/drivers/uart/uart.o
                0x00080504                uart_init
 .text.uart_write
                0x00080548       0x18 src/ASF/sam/drivers/uart/uart.o
                0x00080548                uart_write
 .text.uart_read
                0x00080560       0x18 src/ASF/sam/drivers/uart/uart.o
                0x00080560                uart_read
 .text.usart_write
                0x00080578       0x20 src/ASF/sam/drivers/usart/usart.o
                0x00080578                usart_write
 .text.usart_read
                0x00080598       0x20 src/ASF/sam/drivers/usart/usart.o
                0x00080598                usart_read
 .text.vListInitialise
                0x000805b8       0x18 src/ASF/thirdparty/freertos/freertos-7.3.0/source/list.o
                0x000805b8                vListInitialise
 .text.vListInitialiseItem
                0x000805d0        0x8 src/ASF/thirdparty/freertos/freertos-7.3.0/source/list.o
                0x000805d0                vListInitialiseItem
 .text.vListInsertEnd
                0x000805d8       0x20 src/ASF/thirdparty/freertos/freertos-7.3.0/source/list.o
                0x000805d8                vListInsertEnd
 .text.vListInsert
                0x000805f8       0x44 src/ASF/thirdparty/freertos/freertos-7.3.0/source/list.o
                0x000805f8                vListInsert
 .text.uxListRemove
                0x0008063c       0x2c src/ASF/thirdparty/freertos/freertos-7.3.0/source/list.o
                0x0008063c                uxListRemove
 .text.prvPortStartFirstTask
                0x00080668       0x14 src/ASF/thirdparty/freertos/freertos-7.3.0/source/portable/gcc/arm_cm3/port.o
 .text.pxPortInitialiseStack
                0x0008067c       0x20 src/ASF/thirdparty/freertos/freertos-7.3.0/source/portable/gcc/arm_cm3/port.o
                0x0008067c                pxPortInitialiseStack
 .text.SVC_Handler
                0x0008069c       0x20 src/ASF/thirdparty/freertos/freertos-7.3.0/source/portable/gcc/arm_cm3/port.o
                0x0008069c                SVC_Handler
 .text.vPortYieldFromISR
                0x000806bc       0x10 src/ASF/thirdparty/freertos/freertos-7.3.0/source/portable/gcc/arm_cm3/port.o
                0x000806bc                vPortYieldFromISR
 .text.ulPortSetInterruptMask
                0x000806cc       0x14 src/ASF/thirdparty/freertos/freertos-7.3.0/source/portable/gcc/arm_cm3/port.o
                0x000806cc                ulPortSetInterruptMask
 .text.vPortEnterCritical
                0x000806e0       0x20 src/ASF/thirdparty/freertos/freertos-7.3.0/source/portable/gcc/arm_cm3/port.o
                0x000806e0                vPortEnterCritical
 .text.vPortClearInterruptMask
                0x00080700        0x8 src/ASF/thirdparty/freertos/freertos-7.3.0/source/portable/gcc/arm_cm3/port.o
                0x00080700                vPortClearInterruptMask
 .text.vPortExitCritical
                0x00080708       0x24 src/ASF/thirdparty/freertos/freertos-7.3.0/source/portable/gcc/arm_cm3/port.o
                0x00080708                vPortExitCritical
 .text.PendSV_Handler
                0x0008072c       0x3c src/ASF/thirdparty/freertos/freertos-7.3.0/source/portable/gcc/arm_cm3/port.o
                0x0008072c                PendSV_Handler
 .text.SysTick_Handler
                0x00080768       0x34 src/ASF/thirdparty/freertos/freertos-7.3.0/source/portable/gcc/arm_cm3/port.o
                0x00080768                SysTick_Handler
 .text.vPortSetupTimerInterrupt
                0x0008079c       0x24 src/ASF/thirdparty/freertos/freertos-7.3.0/source/portable/gcc/arm_cm3/port.o
                0x0008079c                vPortSetupTimerInterrupt
 .text.xPortStartScheduler
                0x000807c0       0x40 src/ASF/thirdparty/freertos/freertos-7.3.0/source/portable/gcc/arm_cm3/port.o
                0x000807c0                xPortStartScheduler
 .text.prvInsertBlockIntoFreeList
                0x00080800       0x5c src/ASF/thirdparty/freertos/freertos-7.3.0/source/portable/memmang/heap_4.o
 .text.pvPortMalloc
                0x0008085c       0xfc src/ASF/thirdparty/freertos/freertos-7.3.0/source/portable/memmang/heap_4.o
                0x0008085c                pvPortMalloc
 .text.vPortFree
                0x00080958       0x3c src/ASF/thirdparty/freertos/freertos-7.3.0/source/portable/memmang/heap_4.o
                0x00080958                vPortFree
 .text.prvUnlockQueue
                0x00080994       0xb4 src/ASF/thirdparty/freertos/freertos-7.3.0/source/queue.o
 .text.prvCopyDataFromQueue
                0x00080a48       0x28 src/ASF/thirdparty/freertos/freertos-7.3.0/source/queue.o
 .text.prvCopyDataToQueue
                0x00080a70       0x78 src/ASF/thirdparty/freertos/freertos-7.3.0/source/queue.o
 .text.xQueueGenericReset
                0x00080ae8       0x90 src/ASF/thirdparty/freertos/freertos-7.3.0/source/queue.o
                0x00080ae8                xQueueGenericReset
 .text.xQueueGenericCreate
                0x00080b78       0x6c src/ASF/thirdparty/freertos/freertos-7.3.0/source/queue.o
                0x00080b78                xQueueGenericCreate
 .text.xQueueGenericSend
                0x00080be4      0x180 src/ASF/thirdparty/freertos/freertos-7.3.0/source/queue.o
                0x00080be4                xQueueGenericSend
 .text.xQueueGenericSendFromISR
                0x00080d64       0xb0 src/ASF/thirdparty/freertos/freertos-7.3.0/source/queue.o
                0x00080d64                xQueueGenericSendFromISR
 .text.xQueueGenericReceive
                0x00080e14      0x1d0 src/ASF/thirdparty/freertos/freertos-7.3.0/source/queue.o
                0x00080e14                xQueueGenericReceive
 .text.vQueueWaitForMessageRestricted
                0x00080fe4       0x54 src/ASF/thirdparty/freertos/freertos-7.3.0/source/queue.o
                0x00080fe4                vQueueWaitForMessageRestricted
 .text.prvAddCurrentTaskToDelayedList
                0x00081038       0x84 src/ASF/thirdparty/freertos/freertos-7.3.0/source/tasks.o
 .text.xTaskGenericCreate
                0x000810bc      0x2bc src/ASF/thirdparty/freertos/freertos-7.3.0/source/tasks.o
                0x000810bc                xTaskGenericCreate
 .text.vTaskStartScheduler
                0x00081378       0x88 src/ASF/thirdparty/freertos/freertos-7.3.0/source/tasks.o
                0x00081378                vTaskStartScheduler
 .text.vTaskSuspendAll
                0x00081400       0x14 src/ASF/thirdparty/freertos/freertos-7.3.0/source/tasks.o
                0x00081400                vTaskSuspendAll
 .text.xTaskGetTickCount
                0x00081414       0x28 src/ASF/thirdparty/freertos/freertos-7.3.0/source/tasks.o
                0x00081414                xTaskGetTickCount
 .text.vTaskIncrementTick
                0x0008143c      0x19c src/ASF/thirdparty/freertos/freertos-7.3.0/source/tasks.o
                0x0008143c                vTaskIncrementTick
 .text.xTaskResumeAll
                0x000815d8      0x14c src/ASF/thirdparty/freertos/freertos-7.3.0/source/tasks.o
                0x000815d8                xTaskResumeAll
 .text.prvIdleTask
                0x00081724       0xa0 src/ASF/thirdparty/freertos/freertos-7.3.0/source/tasks.o
 .text.vTaskDelay
                0x000817c4       0x5c src/ASF/thirdparty/freertos/freertos-7.3.0/source/tasks.o
                0x000817c4                vTaskDelay
 .text.vTaskDelayUntil
                0x00081820       0xbc src/ASF/thirdparty/freertos/freertos-7.3.0/source/tasks.o
                0x00081820                vTaskDelayUntil
 .text.vTaskSwitchContext
                0x000818dc       0xc0 src/ASF/thirdparty/freertos/freertos-7.3.0/source/tasks.o
                0x000818dc                vTaskSwitchContext
 .text.vTaskPlaceOnEventList
                0x0008199c       0x78 src/ASF/thirdparty/freertos/freertos-7.3.0/source/tasks.o
                0x0008199c                vTaskPlaceOnEventList
 .text.vTaskPlaceOnEventListRestricted
                0x00081a14       0x58 src/ASF/thirdparty/freertos/freertos-7.3.0/source/tasks.o
                0x00081a14                vTaskPlaceOnEventListRestricted
 .text.xTaskRemoveFromEventList
                0x00081a6c       0xa8 src/ASF/thirdparty/freertos/freertos-7.3.0/source/tasks.o
                0x00081a6c                xTaskRemoveFromEventList
 .text.vTaskSetTimeOutState
                0x00081b14       0x30 src/ASF/thirdparty/freertos/freertos-7.3.0/source/tasks.o
                0x00081b14                vTaskSetTimeOutState
 .text.xTaskCheckForTimeOut
                0x00081b44       0xb4 src/ASF/thirdparty/freertos/freertos-7.3.0/source/tasks.o
                0x00081b44                xTaskCheckForTimeOut
 .text.vTaskMissedYield
                0x00081bf8       0x10 src/ASF/thirdparty/freertos/freertos-7.3.0/source/tasks.o
                0x00081bf8                vTaskMissedYield
 .text.xTaskGetCurrentTaskHandle
                0x00081c08        0xc src/ASF/thirdparty/freertos/freertos-7.3.0/source/tasks.o
                0x00081c08                xTaskGetCurrentTaskHandle
 .text.xTaskGetSchedulerState
                0x00081c14       0x28 src/ASF/thirdparty/freertos/freertos-7.3.0/source/tasks.o
                0x00081c14                xTaskGetSchedulerState
 .text.vTaskPriorityInherit
                0x00081c3c       0xa8 src/ASF/thirdparty/freertos/freertos-7.3.0/source/tasks.o
                0x00081c3c                vTaskPriorityInherit
 .text.vTaskPriorityDisinherit
                0x00081ce4       0x60 src/ASF/thirdparty/freertos/freertos-7.3.0/source/tasks.o
                0x00081ce4                vTaskPriorityDisinherit
 .text.prvCheckForValidListAndQueue
                0x00081d44       0x78 src/ASF/thirdparty/freertos/freertos-7.3.0/source/timers.o
 .text.prvInsertTimerInActiveList
                0x00081dbc       0x68 src/ASF/thirdparty/freertos/freertos-7.3.0/source/timers.o
 .text.xTimerCreateTimerTask
                0x00081e24       0x5c src/ASF/thirdparty/freertos/freertos-7.3.0/source/timers.o
                0x00081e24                xTimerCreateTimerTask
 .text.xTimerGenericCommand
                0x00081e80       0x68 src/ASF/thirdparty/freertos/freertos-7.3.0/source/timers.o
                0x00081e80                xTimerGenericCommand
 .text.prvSampleTimeNow
                0x00081ee8       0xe4 src/ASF/thirdparty/freertos/freertos-7.3.0/source/timers.o
 .text.prvTimerTask
                0x00081fcc      0x1dc src/ASF/thirdparty/freertos/freertos-7.3.0/source/timers.o
 .text.lcd_write
                0x000821a8       0xc4 src/lcd_shield.o
                0x000821a8                lcd_write
 .text.lcd_put_cursor
                0x0008226c       0x30 src/lcd_shield.o
                0x0008226c                lcd_put_cursor
 .text.lcd_set_cursor
                0x0008229c       0x1c src/lcd_shield.o
                0x0008229c                lcd_set_cursor
 .text.lcd_clear
                0x000822b8       0x28 src/lcd_shield.o
                0x000822b8                lcd_clear
 .text.lcd_init
                0x000822e0      0x11c src/lcd_shield.o
                0x000822e0                lcd_init
 .text.lcd_write_str
                0x000823fc       0x28 src/lcd_shield.o
                0x000823fc                lcd_write_str
 .text.lcd_write_int
                0x00082424       0x2c src/lcd_shield.o
                0x00082424                lcd_write_int
 .text.usart_serial_getchar
                0x00082450       0xe8 src/main.o
 .text.usart_serial_putchar
                0x00082538       0xe8 src/main.o
 .text.display_program_text
                0x00082620       0x64 src/main.o
                0x00082620                display_program_text
 .text.configure_console
                0x00082684       0xa4 src/main.o
                0x00082684                configure_console
 .text.main     0x00082728      0x194 src/main.o
                0x00082728                main
 .text.sysclk_init
                0x000828bc       0x78 src/ASF/common/services/clock/sam3x/sysclk.o
                0x000828bc                sysclk_init
 .text.board_init
                0x00082934       0xa4 src/ASF/sam/boards/arduino_due_x/init.o
                0x00082934                board_init
 .text.pio_pull_up
                0x000829d8        0xc src/ASF/sam/drivers/pio/pio.o
                0x000829d8                pio_pull_up
 .text.pio_set_peripheral
                0x000829e4       0x44 src/ASF/sam/drivers/pio/pio.o
                0x000829e4                pio_set_peripheral
 .text.pio_disable_interrupt
                0x00082a28        0x4 src/ASF/sam/drivers/pio/pio.o
                0x00082a28                pio_disable_interrupt
 .text.pio_set_output
                0x00082a2c       0x3c src/ASF/sam/drivers/pio/pio.o
                0x00082a2c                pio_set_output
 .text.pio_set_input
                0x00082a68       0x4c src/ASF/sam/drivers/pio/pio.o
                0x00082a68                pio_set_input
 .text.pio_get_interrupt_status
                0x00082ab4        0x4 src/ASF/sam/drivers/pio/pio.o
                0x00082ab4                pio_get_interrupt_status
 .text.pio_get_interrupt_mask
                0x00082ab8        0x4 src/ASF/sam/drivers/pio/pio.o
                0x00082ab8                pio_get_interrupt_mask
 .text.pio_configure_pin
                0x00082abc      0x100 src/ASF/sam/drivers/pio/pio.o
                0x00082abc                pio_configure_pin
 .text.pio_configure_pin_group
                0x00082bbc       0xc8 src/ASF/sam/drivers/pio/pio.o
                0x00082bbc                pio_configure_pin_group
 .text.pio_handler_process
                0x00082c84       0x54 src/ASF/sam/drivers/pio/pio_handler.o
                0x00082c84                pio_handler_process
 .text.PIOA_Handler
                0x00082cd8       0x1c src/ASF/sam/drivers/pio/pio_handler.o
                0x00082cd8                PIOA_Handler
 .text.PIOB_Handler
                0x00082cf4       0x1c src/ASF/sam/drivers/pio/pio_handler.o
                0x00082cf4                PIOB_Handler
 .text.PIOC_Handler
                0x00082d10       0x1c src/ASF/sam/drivers/pio/pio_handler.o
                0x00082d10                PIOC_Handler
 .text.PIOD_Handler
                0x00082d2c       0x1c src/ASF/sam/drivers/pio/pio_handler.o
                0x00082d2c                PIOD_Handler
 .text.pmc_switch_mck_to_pllack
                0x00082d48       0xa0 src/ASF/sam/drivers/pmc/pmc.o
                0x00082d48                pmc_switch_mck_to_pllack
 .text.pmc_switch_mainck_to_xtal
                0x00082de8       0x70 src/ASF/sam/drivers/pmc/pmc.o
                0x00082de8                pmc_switch_mainck_to_xtal
 .text.pmc_osc_is_ready_mainck
                0x00082e58       0x10 src/ASF/sam/drivers/pmc/pmc.o
                0x00082e58                pmc_osc_is_ready_mainck
 .text.pmc_disable_pllack
                0x00082e68       0x10 src/ASF/sam/drivers/pmc/pmc.o
                0x00082e68                pmc_disable_pllack
 .text.pmc_is_locked_pllack
                0x00082e78       0x10 src/ASF/sam/drivers/pmc/pmc.o
                0x00082e78                pmc_is_locked_pllack
 .text.pmc_enable_periph_clk
                0x00082e88       0x84 src/ASF/sam/drivers/pmc/pmc.o
                0x00082e88                pmc_enable_periph_clk
 .text.Dummy_Handler
                0x00082f0c        0x4 src/ASF/sam/utils/cmsis/sam3x/source/templates/exceptions.o
                0x00082f0c                DACC_Handler
                0x00082f0c                DebugMon_Handler
                0x00082f0c                DMAC_Handler
                0x00082f0c                TRNG_Handler
                0x00082f0c                HardFault_Handler
                0x00082f0c                TC2_Handler
                0x00082f0c                USART3_Handler
                0x00082f0c                TWI1_Handler
                0x00082f0c                NMI_Handler
                0x00082f0c                TC7_Handler
                0x00082f0c                ADC_Handler
                0x00082f0c                SMC_Handler
                0x00082f0c                USART0_Handler
                0x00082f0c                RTT_Handler
                0x00082f0c                EFC1_Handler
                0x00082f0c                RTC_Handler
                0x00082f0c                UsageFault_Handler
                0x00082f0c                TC6_Handler
                0x00082f0c                WDT_Handler
                0x00082f0c                CAN0_Handler
                0x00082f0c                TC4_Handler
                0x00082f0c                TC1_Handler
                0x00082f0c                HSMCI_Handler
                0x00082f0c                TC3_Handler
                0x00082f0c                Dummy_Handler
                0x00082f0c                TWI0_Handler
                0x00082f0c                USART1_Handler
                0x00082f0c                SSC_Handler
                0x00082f0c                EFC0_Handler
                0x00082f0c                PMC_Handler
                0x00082f0c                PWM_Handler
                0x00082f0c                CAN1_Handler
                0x00082f0c                MemManage_Handler
                0x00082f0c                SUPC_Handler
                0x00082f0c                TC8_Handler
                0x00082f0c                USART2_Handler
                0x00082f0c                EMAC_Handler
                0x00082f0c                UART_Handler
                0x00082f0c                BusFault_Handler
                0x00082f0c                RSTC_Handler
                0x00082f0c                TC0_Handler
                0x00082f0c                TC5_Handler
                0x00082f0c                UOTGHS_Handler
                0x00082f0c                SPI0_Handler
 .text.Reset_Handler
                0x00082f10      0x138 src/ASF/sam/utils/cmsis/sam3x/source/templates/gcc/startup_sam3x.o
                0x00082f10                Reset_Handler
 .text.SystemCoreClockUpdate
                0x00083048      0x1c8 src/ASF/sam/utils/cmsis/sam3x/source/templates/system_sam3x.o
                0x00083048                SystemCoreClockUpdate
 .text.system_init_flash
                0x00083210       0xc4 src/ASF/sam/utils/cmsis/sam3x/source/templates/system_sam3x.o
                0x00083210                system_init_flash
 .text._sbrk    0x000832d4       0x30 src/ASF/sam/utils/syscalls/gcc/syscalls.o
                0x000832d4                _sbrk
 .text._close   0x00083304        0x8 src/ASF/sam/utils/syscalls/gcc/syscalls.o
                0x00083304                _close
 .text._fstat   0x0008330c        0xc src/ASF/sam/utils/syscalls/gcc/syscalls.o
                0x0008330c                _fstat
 .text._isatty  0x00083318        0x8 src/ASF/sam/utils/syscalls/gcc/syscalls.o
                0x00083318                _isatty
 .text._lseek   0x00083320        0x8 src/ASF/sam/utils/syscalls/gcc/syscalls.o
                0x00083320                _lseek
 .text.adc_setup
                0x00083328       0x7c src/my_adc.o
                0x00083328                adc_setup
 .text.read_values
                0x000833a4       0xf4 src/PID.o
                0x000833a4                read_values
 .text.run_PID_algorithm
                0x00083498      0x160 src/PID.o
                0x00083498                run_PID_algorithm
 .text.write_to_dac
                0x000835f8       0xa0 src/PID.o
                0x000835f8                write_to_dac
 .text.PID_regulation
                0x00083698       0x48 src/PID.o
                0x00083698                PID_regulation
 .text.handle_input
                0x000836e0      0x500 src/HMI.o
                0x000836e0                handle_input
 .text.lcd_delay
                0x00083be0       0x3c src/HMI.o
                0x00083be0                lcd_delay
 .text.task2_LCD
                0x00083c1c       0xd4 src/HMI.o
                0x00083c1c                task2_LCD
 .text.disp_buttons
                0x00083cf0       0x38 src/HMI.o
                0x00083cf0                disp_buttons
 .text          0x00083d28      0x370 u:/installedapps/atmel/atmel toolchain/arm gcc/native/4.7.3.1029/arm-gnu-toolchain/bin/../lib/gcc/arm-none-eabi/4.7.3/armv7-m\libgcc.a(_arm_addsubdf3.o)
                0x00083d28                __aeabi_drsub
                0x00083d30                __aeabi_dsub
                0x00083d30                __subdf3
                0x00083d34                __aeabi_dadd
                0x00083d34                __adddf3
                0x00083fac                __floatunsidf
                0x00083fac                __aeabi_ui2d
                0x00083fcc                __floatsidf
                0x00083fcc                __aeabi_i2d
                0x00083ff0                __aeabi_f2d
                0x00083ff0                __extendsfdf2
                0x0008402c                __floatundidf
                0x0008402c                __aeabi_ul2d
                0x0008403c                __floatdidf
                0x0008403c                __aeabi_l2d
 .text          0x00084098      0x424 u:/installedapps/atmel/atmel toolchain/arm gcc/native/4.7.3.1029/arm-gnu-toolchain/bin/../lib/gcc/arm-none-eabi/4.7.3/armv7-m\libgcc.a(_arm_muldivdf3.o)
                0x00084098                __aeabi_dmul
                0x00084098                __muldf3
                0x000842ec                __divdf3
                0x000842ec                __aeabi_ddiv
 .text          0x000844bc      0x110 u:/installedapps/atmel/atmel toolchain/arm gcc/native/4.7.3.1029/arm-gnu-toolchain/bin/../lib/gcc/arm-none-eabi/4.7.3/armv7-m\libgcc.a(_arm_cmpdf2.o)
                0x000844bc                __gtdf2
                0x000844bc                __gedf2
                0x000844c4                __ltdf2
                0x000844c4                __ledf2
                0x000844cc                __nedf2
                0x000844cc                __eqdf2
                0x000844cc                __cmpdf2
                0x00084548                __aeabi_cdrcmple
                0x00084558                __aeabi_cdcmpeq
                0x00084558                __aeabi_cdcmple
                0x00084568                __aeabi_dcmpeq
                0x0008457c                __aeabi_dcmplt
                0x00084590                __aeabi_dcmple
                0x000845a4                __aeabi_dcmpge
                0x000845b8                __aeabi_dcmpgt
 .text          0x000845cc       0x50 u:/installedapps/atmel/atmel toolchain/arm gcc/native/4.7.3.1029/arm-gnu-toolchain/bin/../lib/gcc/arm-none-eabi/4.7.3/armv7-m\libgcc.a(_arm_fixdfsi.o)
                0x000845cc                __aeabi_d2iz
                0x000845cc                __fixdfsi
 .text          0x0008461c       0x40 u:/installedapps/atmel/atmel toolchain/arm gcc/native/4.7.3.1029/arm-gnu-toolchain/bin/../lib/gcc/arm-none-eabi/4.7.3/armv7-m\libgcc.a(_arm_fixunsdfsi.o)
                0x0008461c                __aeabi_d2uiz
                0x0008461c                __fixunsdfsi
 .text          0x0008465c       0x9c u:/installedapps/atmel/atmel toolchain/arm gcc/native/4.7.3.1029/arm-gnu-toolchain/bin/../lib/gcc/arm-none-eabi/4.7.3/../../../../arm-none-eabi/lib/armv7-m\libc.a(lib_a-__atexit.o)
                0x0008465c                __register_exitproc
 .text          0x000846f8       0x2c u:/installedapps/atmel/atmel toolchain/arm gcc/native/4.7.3.1029/arm-gnu-toolchain/bin/../lib/gcc/arm-none-eabi/4.7.3/../../../../arm-none-eabi/lib/armv7-m\libc.a(lib_a-fini.o)
                0x000846f8                __libc_fini_array
 .text          0x00084724       0x4c u:/installedapps/atmel/atmel toolchain/arm gcc/native/4.7.3.1029/arm-gnu-toolchain/bin/../lib/gcc/arm-none-eabi/4.7.3/../../../../arm-none-eabi/lib/armv7-m\libc.a(lib_a-init.o)
                0x00084724                __libc_init_array
 .text          0x00084770       0x40 u:/installedapps/atmel/atmel toolchain/arm gcc/native/4.7.3.1029/arm-gnu-toolchain/bin/../lib/gcc/arm-none-eabi/4.7.3/../../../../arm-none-eabi/lib/armv7-m\libc.a(lib_a-iprintf.o)
                0x00084770                iprintf
                0x00084794                _iprintf_r
 .text          0x000847b0       0x12 u:/installedapps/atmel/atmel toolchain/arm gcc/native/4.7.3.1029/arm-gnu-toolchain/bin/../lib/gcc/arm-none-eabi/4.7.3/../../../../arm-none-eabi/lib/armv7-m\libc.a(lib_a-memcpy.o)
                0x000847b0                memcpy
 .text          0x000847c2       0x10 u:/installedapps/atmel/atmel toolchain/arm gcc/native/4.7.3.1029/arm-gnu-toolchain/bin/../lib/gcc/arm-none-eabi/4.7.3/../../../../arm-none-eabi/lib/armv7-m\libc.a(lib_a-memset.o)
                0x000847c2                memset
 .text          0x000847d2       0x10 u:/installedapps/atmel/atmel toolchain/arm gcc/native/4.7.3.1029/arm-gnu-toolchain/bin/../lib/gcc/arm-none-eabi/4.7.3/../../../../arm-none-eabi/lib/armv7-m\libc.a(lib_a-setbuf.o)
                0x000847d2                setbuf
 *fill*         0x000847e2        0x2 00
 .text          0x000847e4       0xec u:/installedapps/atmel/atmel toolchain/arm gcc/native/4.7.3.1029/arm-gnu-toolchain/bin/../lib/gcc/arm-none-eabi/4.7.3/../../../../arm-none-eabi/lib/armv7-m\libc.a(lib_a-setvbuf.o)
                0x000847e4                setvbuf
 .text          0x000848d0       0x88 u:/installedapps/atmel/atmel toolchain/arm gcc/native/4.7.3.1029/arm-gnu-toolchain/bin/../lib/gcc/arm-none-eabi/4.7.3/../../../../arm-none-eabi/lib/armv7-m\libc.a(lib_a-sprintf.o)
                0x000848d0                _sprintf_r
                0x00084910                sprintf
 .text          0x00084958       0x10 u:/installedapps/atmel/atmel toolchain/arm gcc/native/4.7.3.1029/arm-gnu-toolchain/bin/../lib/gcc/arm-none-eabi/4.7.3/../../../../arm-none-eabi/lib/armv7-m\libc.a(lib_a-strlen.o)
                0x00084958                strlen
 .text          0x00084968       0x2a u:/installedapps/atmel/atmel toolchain/arm gcc/native/4.7.3.1029/arm-gnu-toolchain/bin/../lib/gcc/arm-none-eabi/4.7.3/../../../../arm-none-eabi/lib/armv7-m\libc.a(lib_a-strncpy.o)
                0x00084968                strncpy
 *fill*         0x00084992        0x2 00
 .text          0x00084994      0x7f8 u:/installedapps/atmel/atmel toolchain/arm gcc/native/4.7.3.1029/arm-gnu-toolchain/bin/../lib/gcc/arm-none-eabi/4.7.3/../../../../arm-none-eabi/lib/armv7-m\libc.a(lib_a-svfprintf.o)
                0x00084994                _svfprintf_r
 .text          0x0008518c      0x914 u:/installedapps/atmel/atmel toolchain/arm gcc/native/4.7.3.1029/arm-gnu-toolchain/bin/../lib/gcc/arm-none-eabi/4.7.3/../../../../arm-none-eabi/lib/armv7-m\libc.a(lib_a-vfiprintf.o)
                0x0008518c                __sprint_r
                0x000851f4                _vfiprintf_r
                0x00085a82                vfiprintf
 .text          0x00085aa0       0xb8 u:/installedapps/atmel/atmel toolchain/arm gcc/native/4.7.3.1029/arm-gnu-toolchain/bin/../lib/gcc/arm-none-eabi/4.7.3/../../../../arm-none-eabi/lib/armv7-m\libc.a(lib_a-wsetup.o)
                0x00085aa0                __swsetup_r
 .text.startup  0x00085b58       0x14 u:/installedapps/atmel/atmel toolchain/arm gcc/native/4.7.3.1029/arm-gnu-toolchain/bin/../lib/gcc/arm-none-eabi/4.7.3/../../../../arm-none-eabi/lib/armv7-m\libc.a(lib_a-__call_atexit.o)
 .text          0x00085b6c        0xc u:/installedapps/atmel/atmel toolchain/arm gcc/native/4.7.3.1029/arm-gnu-toolchain/bin/../lib/gcc/arm-none-eabi/4.7.3/../../../../arm-none-eabi/lib/armv7-m\libc.a(lib_a-atexit.o)
                0x00085b6c                atexit
 .text          0x00085b78      0x150 u:/installedapps/atmel/atmel toolchain/arm gcc/native/4.7.3.1029/arm-gnu-toolchain/bin/../lib/gcc/arm-none-eabi/4.7.3/../../../../arm-none-eabi/lib/armv7-m\libc.a(lib_a-fflush.o)
                0x00085b78                _fflush_r
                0x00085ca6                fflush
 .text          0x00085cc8      0x18c u:/installedapps/atmel/atmel toolchain/arm gcc/native/4.7.3.1029/arm-gnu-toolchain/bin/../lib/gcc/arm-none-eabi/4.7.3/../../../../arm-none-eabi/lib/armv7-m\libc.a(lib_a-findfp.o)
                0x00085cd0                _cleanup_r
                0x00085d24                __sfmoreglue
                0x00085d4e                _cleanup
                0x00085d5c                __sinit
                0x00085da8                __sfp
                0x00085e24                __sfp_lock_acquire
                0x00085e26                __sfp_lock_release
                0x00085e28                __sinit_lock_acquire
                0x00085e2a                __sinit_lock_release
                0x00085e2c                __fp_lock_all
                0x00085e40                __fp_unlock_all
 .text          0x00085e54       0xe8 u:/installedapps/atmel/atmel toolchain/arm gcc/native/4.7.3.1029/arm-gnu-toolchain/bin/../lib/gcc/arm-none-eabi/4.7.3/../../../../arm-none-eabi/lib/armv7-m\libc.a(lib_a-fputwc.o)
                0x00085e54                _fputwc_r
                0x00085f14                fputwc
 .text          0x00085f3c      0x208 u:/installedapps/atmel/atmel toolchain/arm gcc/native/4.7.3.1029/arm-gnu-toolchain/bin/../lib/gcc/arm-none-eabi/4.7.3/../../../../arm-none-eabi/lib/armv7-m\libc.a(lib_a-freer.o)
                0x00085f3c                _malloc_trim_r
                0x00085fd8                _free_r
 .text          0x00086144      0x2b6 u:/installedapps/atmel/atmel toolchain/arm gcc/native/4.7.3.1029/arm-gnu-toolchain/bin/../lib/gcc/arm-none-eabi/4.7.3/../../../../arm-none-eabi/lib/armv7-m\libc.a(lib_a-fvwrite.o)
                0x00086144                __sfvwrite_r
 .text          0x000863fa       0x86 u:/installedapps/atmel/atmel toolchain/arm gcc/native/4.7.3.1029/arm-gnu-toolchain/bin/../lib/gcc/arm-none-eabi/4.7.3/../../../../arm-none-eabi/lib/armv7-m\libc.a(lib_a-fwalk.o)
                0x000863fa                _fwalk
                0x0008643c                _fwalk_reent
 .text          0x00086480       0x88 u:/installedapps/atmel/atmel toolchain/arm gcc/native/4.7.3.1029/arm-gnu-toolchain/bin/../lib/gcc/arm-none-eabi/4.7.3/../../../../arm-none-eabi/lib/armv7-m\libc.a(lib_a-locale.o)
                0x00086480                _setlocale_r
                0x000864c4                __locale_charset
                0x000864cc                __locale_mb_cur_max
                0x000864d8                __locale_msgcharset
                0x000864e0                __locale_cjk_lang
                0x000864e4                _localeconv_r
                0x000864ec                setlocale
                0x00086500                localeconv
 .text          0x00086508       0xd8 u:/installedapps/atmel/atmel toolchain/arm gcc/native/4.7.3.1029/arm-gnu-toolchain/bin/../lib/gcc/arm-none-eabi/4.7.3/../../../../arm-none-eabi/lib/armv7-m\libc.a(lib_a-makebuf.o)
                0x00086508                __smakebuf_r
 .text          0x000865e0       0x20 u:/installedapps/atmel/atmel toolchain/arm gcc/native/4.7.3.1029/arm-gnu-toolchain/bin/../lib/gcc/arm-none-eabi/4.7.3/../../../../arm-none-eabi/lib/armv7-m\libc.a(lib_a-malloc.o)
                0x000865e0                malloc
                0x000865f0                free
 .text          0x00086600      0x404 u:/installedapps/atmel/atmel toolchain/arm gcc/native/4.7.3.1029/arm-gnu-toolchain/bin/../lib/gcc/arm-none-eabi/4.7.3/../../../../arm-none-eabi/lib/armv7-m\libc.a(lib_a-mallocr.o)
                0x00086600                _malloc_r
 .text          0x00086a04       0x1c u:/installedapps/atmel/atmel toolchain/arm gcc/native/4.7.3.1029/arm-gnu-toolchain/bin/../lib/gcc/arm-none-eabi/4.7.3/../../../../arm-none-eabi/lib/armv7-m\libc.a(lib_a-memchr.o)
                0x00086a04                memchr
 .text          0x00086a20       0x34 u:/installedapps/atmel/atmel toolchain/arm gcc/native/4.7.3.1029/arm-gnu-toolchain/bin/../lib/gcc/arm-none-eabi/4.7.3/../../../../arm-none-eabi/lib/armv7-m\libc.a(lib_a-memmove.o)
                0x00086a20                memmove
 .text          0x00086a54        0x4 u:/installedapps/atmel/atmel toolchain/arm gcc/native/4.7.3.1029/arm-gnu-toolchain/bin/../lib/gcc/arm-none-eabi/4.7.3/../../../../arm-none-eabi/lib/armv7-m\libc.a(lib_a-mlock.o)
                0x00086a54                __malloc_lock
                0x00086a56                __malloc_unlock
 .text          0x00086a58      0x2dc u:/installedapps/atmel/atmel toolchain/arm gcc/native/4.7.3.1029/arm-gnu-toolchain/bin/../lib/gcc/arm-none-eabi/4.7.3/../../../../arm-none-eabi/lib/armv7-m\libc.a(lib_a-reallocr.o)
                0x00086a58                _realloc_r
 .text          0x00086d34       0x20 u:/installedapps/atmel/atmel toolchain/arm gcc/native/4.7.3.1029/arm-gnu-toolchain/bin/../lib/gcc/arm-none-eabi/4.7.3/../../../../arm-none-eabi/lib/armv7-m\libc.a(lib_a-sbrkr.o)
                0x00086d34                _sbrk_r
 .text          0x00086d54       0x8e u:/installedapps/atmel/atmel toolchain/arm gcc/native/4.7.3.1029/arm-gnu-toolchain/bin/../lib/gcc/arm-none-eabi/4.7.3/../../../../arm-none-eabi/lib/armv7-m\libc.a(lib_a-stdio.o)
                0x00086d54                __sread
                0x00086d76                __seofread
                0x00086d7a                __swrite
                0x00086db6                __sseek
                0x00086dda                __sclose
 .text          0x00086de2       0x16 u:/installedapps/atmel/atmel toolchain/arm gcc/native/4.7.3.1029/arm-gnu-toolchain/bin/../lib/gcc/arm-none-eabi/4.7.3/../../../../arm-none-eabi/lib/armv7-m\libc.a(lib_a-strcmp.o)
                0x00086de2                strcmp
 .text          0x00086df8      0x8f4 u:/installedapps/atmel/atmel toolchain/arm gcc/native/4.7.3.1029/arm-gnu-toolchain/bin/../lib/gcc/arm-none-eabi/4.7.3/../../../../arm-none-eabi/lib/armv7-m\libc.a(lib_a-svfiprintf.o)
                0x00086df8                __ssprint_r
                0x00086ef2                _svfiprintf_r
 .text          0x000876ec       0xb4 u:/installedapps/atmel/atmel toolchain/arm gcc/native/4.7.3.1029/arm-gnu-toolchain/bin/../lib/gcc/arm-none-eabi/4.7.3/../../../../arm-none-eabi/lib/armv7-m\libc.a(lib_a-wbuf.o)
                0x000876ec                __swbuf_r
                0x0008778e                __swbuf
 .text          0x000877a0       0x68 u:/installedapps/atmel/atmel toolchain/arm gcc/native/4.7.3.1029/arm-gnu-toolchain/bin/../lib/gcc/arm-none-eabi/4.7.3/../../../../arm-none-eabi/lib/armv7-m\libc.a(lib_a-wcrtomb.o)
                0x000877a0                _wcrtomb_r
                0x000877ec                wcrtomb
 .text          0x00087808       0x44 u:/installedapps/atmel/atmel toolchain/arm gcc/native/4.7.3.1029/arm-gnu-toolchain/bin/../lib/gcc/arm-none-eabi/4.7.3/../../../../arm-none-eabi/lib/armv7-m\libc.a(lib_a-wctomb_r.o)
                0x00087808                __ascii_wctomb
                0x00087822                _wctomb_r
 .text          0x0008784c       0x24 u:/installedapps/atmel/atmel toolchain/arm gcc/native/4.7.3.1029/arm-gnu-toolchain/bin/../lib/gcc/arm-none-eabi/4.7.3/../../../../arm-none-eabi/lib/armv7-m\libc.a(lib_a-writer.o)
                0x0008784c                _write_r
 .text          0x00087870       0x20 u:/installedapps/atmel/atmel toolchain/arm gcc/native/4.7.3.1029/arm-gnu-toolchain/bin/../lib/gcc/arm-none-eabi/4.7.3/../../../../arm-none-eabi/lib/armv7-m\libc.a(lib_a-closer.o)
                0x00087870                _close_r
 .text          0x00087890       0x94 u:/installedapps/atmel/atmel toolchain/arm gcc/native/4.7.3.1029/arm-gnu-toolchain/bin/../lib/gcc/arm-none-eabi/4.7.3/../../../../arm-none-eabi/lib/armv7-m\libc.a(lib_a-fclose.o)
                0x00087890                _fclose_r
                0x00087914                fclose
 .text          0x00087924       0x24 u:/installedapps/atmel/atmel toolchain/arm gcc/native/4.7.3.1029/arm-gnu-toolchain/bin/../lib/gcc/arm-none-eabi/4.7.3/../../../../arm-none-eabi/lib/armv7-m\libc.a(lib_a-fstatr.o)
                0x00087924                _fstat_r
 .text          0x00087948       0x20 u:/installedapps/atmel/atmel toolchain/arm gcc/native/4.7.3.1029/arm-gnu-toolchain/bin/../lib/gcc/arm-none-eabi/4.7.3/../../../../arm-none-eabi/lib/armv7-m\libc.a(lib_a-isattyr.o)
                0x00087948                _isatty_r
 .text          0x00087968       0x24 u:/installedapps/atmel/atmel toolchain/arm gcc/native/4.7.3.1029/arm-gnu-toolchain/bin/../lib/gcc/arm-none-eabi/4.7.3/../../../../arm-none-eabi/lib/armv7-m\libc.a(lib_a-lseekr.o)
                0x00087968                _lseek_r
 .text          0x0008798c       0x24 u:/installedapps/atmel/atmel toolchain/arm gcc/native/4.7.3.1029/arm-gnu-toolchain/bin/../lib/gcc/arm-none-eabi/4.7.3/../../../../arm-none-eabi/lib/armv7-m\libc.a(lib_a-readr.o)
                0x0008798c                _read_r
 .text          0x000879b0       0x2c u:/installedapps/atmel/atmel toolchain/arm gcc/native/4.7.3.1029/arm-gnu-toolchain/bin/../lib/gcc/arm-none-eabi/4.7.3/armv7-m\libgcc.a(_aeabi_uldivmod.o)
                0x000879b0                __aeabi_uldivmod
 .text          0x000879dc       0x60 u:/installedapps/atmel/atmel toolchain/arm gcc/native/4.7.3.1029/arm-gnu-toolchain/bin/../lib/gcc/arm-none-eabi/4.7.3/armv7-m\libgcc.a(bpabi.o)
                0x000879dc                __gnu_ldivmod_helper
                0x00087a0c                __gnu_uldivmod_helper
 .text          0x00087a3c        0x4 u:/installedapps/atmel/atmel toolchain/arm gcc/native/4.7.3.1029/arm-gnu-toolchain/bin/../lib/gcc/arm-none-eabi/4.7.3/armv7-m\libgcc.a(_dvmd_tls.o)
                0x00087a3c                __aeabi_idiv0
                0x00087a3c                __aeabi_ldiv0
 .text          0x00087a40      0x2bc u:/installedapps/atmel/atmel toolchain/arm gcc/native/4.7.3.1029/arm-gnu-toolchain/bin/../lib/gcc/arm-none-eabi/4.7.3/armv7-m\libgcc.a(_divdi3.o)
                0x00087a40                __divdi3
 .text          0x00087cfc      0x28c u:/installedapps/atmel/atmel toolchain/arm gcc/native/4.7.3.1029/arm-gnu-toolchain/bin/../lib/gcc/arm-none-eabi/4.7.3/armv7-m\libgcc.a(_udivdi3.o)
                0x00087cfc                __udivdi3
 *(.glue_7t)
 .glue_7t       0x00000000        0x0 linker stubs
 *(.glue_7)
 .glue_7        0x00000000        0x0 linker stubs
 *(.rodata .rodata* .gnu.linkonce.r.*)
 .rodata.TC_CLK
                0x00087f88        0xc src/timer_delay.o
 .rodata.TC_INS
                0x00087f94        0xc src/timer_delay.o
 .rodata.str1.4
                0x00087fa0       0x1f src/ASF/thirdparty/freertos/freertos-7.3.0/source/tasks.o
                                 0x20 (size before relaxing)
 *fill*         0x00087fbf        0x1 00
 .rodata.str1.4
                0x00087fc0        0x8 src/ASF/thirdparty/freertos/freertos-7.3.0/source/timers.o
 .rodata        0x00087fc8       0x10 src/lcd_shield.o
 .rodata.str1.4
                0x00087fd8        0x3 src/lcd_shield.o
                                  0x4 (size before relaxing)
 *fill*         0x00087fdb        0x1 00
 .rodata.str1.4
                0x00087fdc       0x1e src/main.o
                                 0x20 (size before relaxing)
 *fill*         0x00087ffa        0x2 00
 .rodata.str1.4
                0x00087ffc       0x40 src/HMI.o
 .rodata        0x0008803c        0x4 u:/installedapps/atmel/atmel toolchain/arm gcc/native/4.7.3.1029/arm-gnu-toolchain/bin/../lib/gcc/arm-none-eabi/4.7.3/../../../../arm-none-eabi/lib/armv7-m\libc.a(lib_a-impure.o)
                0x0008803c                _global_impure_ptr
 .rodata.str1.1
                0x00088040        0x2 u:/installedapps/atmel/atmel toolchain/arm gcc/native/4.7.3.1029/arm-gnu-toolchain/bin/../lib/gcc/arm-none-eabi/4.7.3/../../../../arm-none-eabi/lib/armv7-m\libc.a(lib_a-impure.o)
 .rodata        0x00088042       0x20 u:/installedapps/atmel/atmel toolchain/arm gcc/native/4.7.3.1029/arm-gnu-toolchain/bin/../lib/gcc/arm-none-eabi/4.7.3/../../../../arm-none-eabi/lib/armv7-m\libc.a(lib_a-svfprintf.o)
 .rodata.str1.1
                0x00088062       0x22 u:/installedapps/atmel/atmel toolchain/arm gcc/native/4.7.3.1029/arm-gnu-toolchain/bin/../lib/gcc/arm-none-eabi/4.7.3/../../../../arm-none-eabi/lib/armv7-m\libc.a(lib_a-svfprintf.o)
 .rodata        0x00088084       0x20 u:/installedapps/atmel/atmel toolchain/arm gcc/native/4.7.3.1029/arm-gnu-toolchain/bin/../lib/gcc/arm-none-eabi/4.7.3/../../../../arm-none-eabi/lib/armv7-m\libc.a(lib_a-vfiprintf.o)
 .rodata.str1.1
                0x00000000       0x22 u:/installedapps/atmel/atmel toolchain/arm gcc/native/4.7.3.1029/arm-gnu-toolchain/bin/../lib/gcc/arm-none-eabi/4.7.3/../../../../arm-none-eabi/lib/armv7-m\libc.a(lib_a-vfiprintf.o)
 .rodata.str1.1
                0x000880a4        0x8 u:/installedapps/atmel/atmel toolchain/arm gcc/native/4.7.3.1029/arm-gnu-toolchain/bin/../lib/gcc/arm-none-eabi/4.7.3/../../../../arm-none-eabi/lib/armv7-m\libc.a(lib_a-locale.o)
                                  0xb (size before relaxing)
 .rodata        0x000880ac       0x20 u:/installedapps/atmel/atmel toolchain/arm gcc/native/4.7.3.1029/arm-gnu-toolchain/bin/../lib/gcc/arm-none-eabi/4.7.3/../../../../arm-none-eabi/lib/armv7-m\libc.a(lib_a-svfiprintf.o)
 .rodata.str1.1
                0x00000000       0x22 u:/installedapps/atmel/atmel toolchain/arm gcc/native/4.7.3.1029/arm-gnu-toolchain/bin/../lib/gcc/arm-none-eabi/4.7.3/../../../../arm-none-eabi/lib/armv7-m\libc.a(lib_a-svfiprintf.o)
 *(.ARM.extab* .gnu.linkonce.armextab.*)
                0x000880cc                . = ALIGN (0x4)
 *(.init)
 .init          0x000880cc        0x4 u:/installedapps/atmel/atmel toolchain/arm gcc/native/4.7.3.1029/arm-gnu-toolchain/bin/../lib/gcc/arm-none-eabi/4.7.3/armv7-m/crti.o
                0x000880cc                _init
 .init          0x000880d0        0x8 u:/installedapps/atmel/atmel toolchain/arm gcc/native/4.7.3.1029/arm-gnu-toolchain/bin/../lib/gcc/arm-none-eabi/4.7.3/armv7-m/crtn.o
                0x000880d8                . = ALIGN (0x4)
                0x000880d8                __preinit_array_start = .
 *(.preinit_array)
                0x000880d8                __preinit_array_end = .
                0x000880d8                . = ALIGN (0x4)
                0x000880d8                __init_array_start = .
 *(SORT(.init_array.*))
 .init_array.00000
                0x000880d8        0x4 u:/installedapps/atmel/atmel toolchain/arm gcc/native/4.7.3.1029/arm-gnu-toolchain/bin/../lib/gcc/arm-none-eabi/4.7.3/../../../../arm-none-eabi/lib/armv7-m\libc.a(lib_a-__call_atexit.o)
 *(.init_array)
 .init_array    0x000880dc        0x4 u:/installedapps/atmel/atmel toolchain/arm gcc/native/4.7.3.1029/arm-gnu-toolchain/bin/../lib/gcc/arm-none-eabi/4.7.3/armv7-m/crtbegin.o
                0x000880e0                __init_array_end = .
                0x000880e0                . = ALIGN (0x4)
 *crtbegin.o(.ctors)
 *(EXCLUDE_FILE(*crtend.o) .ctors)
 *(SORT(.ctors.*))
 *crtend.o(.ctors)
                0x000880e0                . = ALIGN (0x4)
 *(.fini)
 .fini          0x000880e0        0x4 u:/installedapps/atmel/atmel toolchain/arm gcc/native/4.7.3.1029/arm-gnu-toolchain/bin/../lib/gcc/arm-none-eabi/4.7.3/armv7-m/crti.o
                0x000880e0                _fini
 .fini          0x000880e4        0x8 u:/installedapps/atmel/atmel toolchain/arm gcc/native/4.7.3.1029/arm-gnu-toolchain/bin/../lib/gcc/arm-none-eabi/4.7.3/armv7-m/crtn.o
                0x000880ec                . = ALIGN (0x4)
                0x000880ec                __fini_array_start = .
 *(.fini_array)
 .fini_array    0x000880ec        0x4 u:/installedapps/atmel/atmel toolchain/arm gcc/native/4.7.3.1029/arm-gnu-toolchain/bin/../lib/gcc/arm-none-eabi/4.7.3/armv7-m/crtbegin.o
 *(SORT(.fini_array.*))
                0x000880f0                __fini_array_end = .
 *crtbegin.o(.dtors)
 *(EXCLUDE_FILE(*crtend.o) .dtors)
 *(SORT(.dtors.*))
 *crtend.o(.dtors)
                0x000880f0                . = ALIGN (0x4)
                0x000880f0                _efixed = .
                0x000880f0                PROVIDE (__exidx_start, .)

.vfp11_veneer   0x000880f0        0x0
 .vfp11_veneer  0x00000000        0x0 linker stubs

.v4_bx          0x000880f0        0x0
 .v4_bx         0x00000000        0x0 linker stubs

.iplt           0x000880f0        0x0
 .iplt          0x00000000        0x0 u:/installedapps/atmel/atmel toolchain/arm gcc/native/4.7.3.1029/arm-gnu-toolchain/bin/../lib/gcc/arm-none-eabi/4.7.3/armv7-m/crtbegin.o

.ARM.exidx      0x000880f0        0x8
 *(.ARM.exidx* .gnu.linkonce.armexidx.*)
 .ARM.exidx     0x000880f0        0x8 u:/installedapps/atmel/atmel toolchain/arm gcc/native/4.7.3.1029/arm-gnu-toolchain/bin/../lib/gcc/arm-none-eabi/4.7.3/armv7-m\libgcc.a(_divdi3.o)
 .ARM.exidx     0x000880f8        0x0 u:/installedapps/atmel/atmel toolchain/arm gcc/native/4.7.3.1029/arm-gnu-toolchain/bin/../lib/gcc/arm-none-eabi/4.7.3/armv7-m\libgcc.a(_udivdi3.o)
                                  0x8 (size before relaxing)
                0x000880f8                PROVIDE (__exidx_end, .)

.eh_frame       0x000880f8        0x0
 .eh_frame      0x000880f8        0x0 u:/installedapps/atmel/atmel toolchain/arm gcc/native/4.7.3.1029/arm-gnu-toolchain/bin/../lib/gcc/arm-none-eabi/4.7.3/armv7-m/crtbegin.o

.rel.dyn        0x000880f8        0x0
 .rel.iplt      0x00000000        0x0 u:/installedapps/atmel/atmel toolchain/arm gcc/native/4.7.3.1029/arm-gnu-toolchain/bin/../lib/gcc/arm-none-eabi/4.7.3/armv7-m/crtbegin.o

.jcr            0x000880f8        0x0
 .jcr           0x000880f8        0x0 u:/installedapps/atmel/atmel toolchain/arm gcc/native/4.7.3.1029/arm-gnu-toolchain/bin/../lib/gcc/arm-none-eabi/4.7.3/armv7-m/crtbegin.o

.tm_clone_table
                0x000880f8        0x0
 .tm_clone_table
                0x000880f8        0x0 u:/installedapps/atmel/atmel toolchain/arm gcc/native/4.7.3.1029/arm-gnu-toolchain/bin/../lib/gcc/arm-none-eabi/4.7.3/armv7-m/crtbegin.o
 .tm_clone_table
                0x000880f8        0x0 u:/installedapps/atmel/atmel toolchain/arm gcc/native/4.7.3.1029/arm-gnu-toolchain/bin/../lib/gcc/arm-none-eabi/4.7.3/armv7-m/crtend.o

.igot.plt       0x000880f8        0x0
 .igot.plt      0x00000000        0x0 u:/installedapps/atmel/atmel toolchain/arm gcc/native/4.7.3.1029/arm-gnu-toolchain/bin/../lib/gcc/arm-none-eabi/4.7.3/armv7-m/crtbegin.o
                0x000880f8                . = ALIGN (0x4)
                0x000880f8                _etext = .

.relocate       0x20070000      0x8d8 load address 0x000880f8
                0x20070000                . = ALIGN (0x4)
                0x20070000                _srelocate = .
 *(.ramfunc .ramfunc.*)
 *(.data .data.*)
 .data.uxCriticalNesting
                0x20070000        0x4 src/ASF/thirdparty/freertos/freertos-7.3.0/source/portable/gcc/arm_cm3/port.o
 .data.xFreeBytesRemaining
                0x20070004        0x4 src/ASF/thirdparty/freertos/freertos-7.3.0/source/portable/memmang/heap_4.o
 .data.xNextTaskUnblockTime
                0x20070008        0x2 src/ASF/thirdparty/freertos/freertos-7.3.0/source/tasks.o
 *fill*         0x2007000a        0x2 00
 .data.SystemCoreClock
                0x2007000c        0x4 src/ASF/sam/utils/cmsis/sam3x/source/templates/system_sam3x.o
                0x2007000c                SystemCoreClock
 .data.ASTERIX_VALUE
                0x20070010        0x4 src/HMI.o
                0x20070010                ASTERIX_VALUE
 *fill*         0x20070014        0x4 00
 .data          0x20070018      0x430 u:/installedapps/atmel/atmel toolchain/arm gcc/native/4.7.3.1029/arm-gnu-toolchain/bin/../lib/gcc/arm-none-eabi/4.7.3/../../../../arm-none-eabi/lib/armv7-m\libc.a(lib_a-impure.o)
                0x20070018                _impure_ptr
 .data          0x20070448       0x7c u:/installedapps/atmel/atmel toolchain/arm gcc/native/4.7.3.1029/arm-gnu-toolchain/bin/../lib/gcc/arm-none-eabi/4.7.3/../../../../arm-none-eabi/lib/armv7-m\libc.a(lib_a-locale.o)
                0x20070468                __mb_cur_max
 .data          0x200704c4      0x410 u:/installedapps/atmel/atmel toolchain/arm gcc/native/4.7.3.1029/arm-gnu-toolchain/bin/../lib/gcc/arm-none-eabi/4.7.3/../../../../arm-none-eabi/lib/armv7-m\libc.a(lib_a-mallocr.o)
                0x200704c4                __malloc_av_
                0x200708cc                __malloc_sbrk_base
                0x200708d0                __malloc_trim_threshold
 .data          0x200708d4        0x4 u:/installedapps/atmel/atmel toolchain/arm gcc/native/4.7.3.1029/arm-gnu-toolchain/bin/../lib/gcc/arm-none-eabi/4.7.3/../../../../arm-none-eabi/lib/armv7-m\libc.a(lib_a-wctomb_r.o)
                0x200708d4                __wctomb
                0x200708d8                . = ALIGN (0x4)
                0x200708d8                _erelocate = .

.bss            0x200708d8     0x82ec load address 0x000889d0
                0x200708d8                . = ALIGN (0x4)
                0x200708d8                _sbss = .
                0x200708d8                _szero = .
 *(.bss .bss.*)
 .bss           0x200708d8       0x1c u:/installedapps/atmel/atmel toolchain/arm gcc/native/4.7.3.1029/arm-gnu-toolchain/bin/../lib/gcc/arm-none-eabi/4.7.3/armv7-m/crtbegin.o
 .bss.user_I    0x200708f4        0x2 src/global_variables.o
                0x200708f4                user_I
 .bss.user_setpoint
                0x200708f6        0x2 src/global_variables.o
                0x200708f6                user_setpoint
 .bss.output_value
                0x200708f8        0x4 src/global_variables.o
                0x200708f8                output_value
 *fill*         0x200708fc        0x4 00
 .bss.user_P    0x20070900        0x8 src/global_variables.o
                0x20070900                user_P
 .bss.error_value
                0x20070908        0x4 src/global_variables.o
                0x20070908                error_value
 .bss.tank1_value
                0x2007090c        0x2 src/global_variables.o
                0x2007090c                tank1_value
 *fill*         0x2007090e        0x2 00
 .bss.user_D    0x20070910        0x8 src/global_variables.o
                0x20070910                user_D
 .bss.tank2_value
                0x20070918        0x2 src/global_variables.o
                0x20070918                tank2_value
 *fill*         0x2007091a        0x2 00
 .bss.tc_ins_delay
                0x2007091c        0x4 src/timer_delay.o
 .bss.xHeap     0x20070920     0x8000 src/ASF/thirdparty/freertos/freertos-7.3.0/source/portable/memmang/heap_4.o
 .bss.pxEnd     0x20078920        0x4 src/ASF/thirdparty/freertos/freertos-7.3.0/source/portable/memmang/heap_4.o
 .bss.xStart    0x20078924        0x8 src/ASF/thirdparty/freertos/freertos-7.3.0/source/portable/memmang/heap_4.o
 .bss.uxMissedTicks
                0x2007892c        0x4 src/ASF/thirdparty/freertos/freertos-7.3.0/source/tasks.o
 .bss.xSuspendedTaskList
                0x20078930       0x14 src/ASF/thirdparty/freertos/freertos-7.3.0/source/tasks.o
 .bss.pxDelayedTaskList
                0x20078944        0x4 src/ASF/thirdparty/freertos/freertos-7.3.0/source/tasks.o
 .bss.xSchedulerRunning
                0x20078948        0x4 src/ASF/thirdparty/freertos/freertos-7.3.0/source/tasks.o
 .bss.uxTasksDeleted
                0x2007894c        0x4 src/ASF/thirdparty/freertos/freertos-7.3.0/source/tasks.o
 .bss.xTasksWaitingTermination
                0x20078950       0x14 src/ASF/thirdparty/freertos/freertos-7.3.0/source/tasks.o
 .bss.xDelayedTaskList2
                0x20078964       0x14 src/ASF/thirdparty/freertos/freertos-7.3.0/source/tasks.o
 .bss.uxTopReadyPriority
                0x20078978        0x4 src/ASF/thirdparty/freertos/freertos-7.3.0/source/tasks.o
 .bss.pxReadyTasksLists
                0x2007897c       0xc8 src/ASF/thirdparty/freertos/freertos-7.3.0/source/tasks.o
 .bss.uxSchedulerSuspended
                0x20078a44        0x4 src/ASF/thirdparty/freertos/freertos-7.3.0/source/tasks.o
 .bss.pxCurrentTCB
                0x20078a48        0x4 src/ASF/thirdparty/freertos/freertos-7.3.0/source/tasks.o
                0x20078a48                pxCurrentTCB
 .bss.xPendingReadyList
                0x20078a4c       0x14 src/ASF/thirdparty/freertos/freertos-7.3.0/source/tasks.o
 .bss.xNumOfOverflows
                0x20078a60        0x4 src/ASF/thirdparty/freertos/freertos-7.3.0/source/tasks.o
 .bss.xTickCount
                0x20078a64        0x2 src/ASF/thirdparty/freertos/freertos-7.3.0/source/tasks.o
 *fill*         0x20078a66        0x2 00
 .bss.pxOverflowDelayedTaskList
                0x20078a68        0x4 src/ASF/thirdparty/freertos/freertos-7.3.0/source/tasks.o
 .bss.uxTaskNumber
                0x20078a6c        0x4 src/ASF/thirdparty/freertos/freertos-7.3.0/source/tasks.o
 .bss.xDelayedTaskList1
                0x20078a70       0x14 src/ASF/thirdparty/freertos/freertos-7.3.0/source/tasks.o
 .bss.xMissedYield
                0x20078a84        0x4 src/ASF/thirdparty/freertos/freertos-7.3.0/source/tasks.o
 .bss.uxCurrentNumberOfTasks
                0x20078a88        0x4 src/ASF/thirdparty/freertos/freertos-7.3.0/source/tasks.o
 .bss.uxTopUsedPriority
                0x20078a8c        0x4 src/ASF/thirdparty/freertos/freertos-7.3.0/source/tasks.o
 .bss.pxCurrentTimerList
                0x20078a90        0x4 src/ASF/thirdparty/freertos/freertos-7.3.0/source/timers.o
 .bss.xActiveTimerList1
                0x20078a94       0x14 src/ASF/thirdparty/freertos/freertos-7.3.0/source/timers.o
 .bss.xActiveTimerList2
                0x20078aa8       0x14 src/ASF/thirdparty/freertos/freertos-7.3.0/source/timers.o
 .bss.xLastTime.4460
                0x20078abc        0x2 src/ASF/thirdparty/freertos/freertos-7.3.0/source/timers.o
 *fill*         0x20078abe        0x2 00
 .bss.xTimerQueue
                0x20078ac0        0x4 src/ASF/thirdparty/freertos/freertos-7.3.0/source/timers.o
 .bss.pxOverflowTimerList
                0x20078ac4        0x4 src/ASF/thirdparty/freertos/freertos-7.3.0/source/timers.o
 .bss.semafor_signal
                0x20078ac8        0x4 src/main.o
                0x20078ac8                semafor_signal
 .bss.gs_interrupt_sources
                0x20078acc       0x70 src/ASF/sam/drivers/pio/pio_handler.o
 .bss.heap.5084
                0x20078b3c        0x4 src/ASF/sam/utils/syscalls/gcc/syscalls.o
 .bss.Dreg      0x20078b40        0x8 src/PID.o
                0x20078b40                Dreg
 .bss.Ireg      0x20078b48        0x8 src/PID.o
                0x20078b48                Ireg
 .bss.Preg      0x20078b50        0x8 src/PID.o
                0x20078b50                Preg
 .bss.current_sample
                0x20078b58        0x1 src/PID.o
                0x20078b58                current_sample
 *fill*         0x20078b59        0x1 00
 .bss.startTime
                0x20078b5a        0x2 src/PID.o
                0x20078b5a                startTime
 .bss.sum_error
                0x20078b5c        0x4 src/PID.o
                0x20078b5c                sum_error
 .bss.old_error_value
                0x20078b60        0x4 src/PID.o
                0x20078b60                old_error_value
 .bss.HMI_startTime
                0x20078b64        0x2 src/HMI.o
                0x20078b64                HMI_startTime
 *fill*         0x20078b66        0x2 00
 .bss           0x20078b68       0x34 u:/installedapps/atmel/atmel toolchain/arm gcc/native/4.7.3.1029/arm-gnu-toolchain/bin/../lib/gcc/arm-none-eabi/4.7.3/../../../../arm-none-eabi/lib/armv7-m\libc.a(lib_a-mallocr.o)
                0x20078b68                __malloc_top_pad
                0x20078b6c                __malloc_current_mallinfo
                0x20078b94                __malloc_max_sbrked_mem
                0x20078b98                __malloc_max_total_mem
 *(COMMON)
 COMMON         0x20078b9c        0x4 src/ASF/common/utils/stdio/read.o
                0x20078b9c                ptr_get
 COMMON         0x20078ba0        0x8 src/ASF/common/utils/stdio/write.o
                0x20078ba0                ptr_put
                0x20078ba4                stdio_base
 COMMON         0x20078ba8       0x18 src/main.o
                0x20078ba8                reglering
 COMMON         0x20078bc0        0x4 u:/installedapps/atmel/atmel toolchain/arm gcc/native/4.7.3.1029/arm-gnu-toolchain/bin/../lib/gcc/arm-none-eabi/4.7.3/../../../../arm-none-eabi/lib/armv7-m\libc.a(lib_a-reent.o)
                0x20078bc0                errno
                0x20078bc4                . = ALIGN (0x4)
                0x20078bc4                _ebss = .
                0x20078bc4                _ezero = .

.stack          0x20078bc4     0x2004 load address 0x00090cbc
                0x20078bc8                . = ALIGN (0x8)
 *fill*         0x20078bc4        0x4 00
                0x20078bc8                _sstack = .
                0x2007abc8                . = (. + __stack_size__)
 *fill*         0x20078bc8     0x2000 00
                0x2007abc8                . = ALIGN (0x8)
                0x2007abc8                _estack = .
                0x2007abc8                . = ALIGN (0x4)
                0x2007abc8                _end = .
OUTPUT(examinationsprojekt1.elf elf32-littlearm)

.ARM.attributes
                0x00000000       0x29
 .ARM.attributes
                0x00000000       0x1d u:/installedapps/atmel/atmel toolchain/arm gcc/native/4.7.3.1029/arm-gnu-toolchain/bin/../lib/gcc/arm-none-eabi/4.7.3/armv7-m/crti.o
 .ARM.attributes
                0x0000001d       0x2d u:/installedapps/atmel/atmel toolchain/arm gcc/native/4.7.3.1029/arm-gnu-toolchain/bin/../lib/gcc/arm-none-eabi/4.7.3/armv7-m/crtbegin.o
 .ARM.attributes
                0x0000004a       0x33 src/ASF/sam/drivers/dacc/dacc.o
 .ARM.attributes
                0x0000007d       0x33 src/global_variables.o
 .ARM.attributes
                0x000000b0       0x33 src/timer_delay.o
 .ARM.attributes
                0x000000e3       0x33 src/ASF/common/utils/stdio/read.o
 .ARM.attributes
                0x00000116       0x33 src/ASF/common/utils/stdio/write.o
 .ARM.attributes
                0x00000149       0x33 src/ASF/sam/drivers/adc/adc.o
 .ARM.attributes
                0x0000017c       0x33 src/ASF/sam/drivers/tc/tc.o
 .ARM.attributes
                0x000001af       0x33 src/ASF/sam/drivers/uart/uart.o
 .ARM.attributes
                0x000001e2       0x33 src/ASF/sam/drivers/usart/usart.o
 .ARM.attributes
                0x00000215       0x33 src/ASF/thirdparty/freertos/freertos-7.3.0/source/list.o
 .ARM.attributes
                0x00000248       0x33 src/ASF/thirdparty/freertos/freertos-7.3.0/source/portable/gcc/arm_cm3/port.o
 .ARM.attributes
                0x0000027b       0x33 src/ASF/thirdparty/freertos/freertos-7.3.0/source/portable/memmang/heap_4.o
 .ARM.attributes
                0x000002ae       0x33 src/ASF/thirdparty/freertos/freertos-7.3.0/source/queue.o
 .ARM.attributes
                0x000002e1       0x33 src/ASF/thirdparty/freertos/freertos-7.3.0/source/tasks.o
 .ARM.attributes
                0x00000314       0x33 src/ASF/thirdparty/freertos/freertos-7.3.0/source/timers.o
 .ARM.attributes
                0x00000347       0x33 src/lcd_shield.o
 .ARM.attributes
                0x0000037a       0x33 src/main.o
 .ARM.attributes
                0x000003ad       0x33 src/ASF/common/services/clock/sam3x/sysclk.o
 .ARM.attributes
                0x000003e0       0x33 src/ASF/sam/boards/arduino_due_x/init.o
 .ARM.attributes
                0x00000413       0x33 src/ASF/sam/drivers/pio/pio.o
 .ARM.attributes
                0x00000446       0x33 src/ASF/sam/drivers/pio/pio_handler.o
 .ARM.attributes
                0x00000479       0x33 src/ASF/sam/drivers/pmc/pmc.o
 .ARM.attributes
                0x000004ac       0x33 src/ASF/sam/utils/cmsis/sam3x/source/templates/exceptions.o
 .ARM.attributes
                0x000004df       0x33 src/ASF/sam/utils/cmsis/sam3x/source/templates/gcc/startup_sam3x.o
 .ARM.attributes
                0x00000512       0x33 src/ASF/sam/utils/cmsis/sam3x/source/templates/system_sam3x.o
 .ARM.attributes
                0x00000545       0x33 src/ASF/sam/utils/syscalls/gcc/syscalls.o
 .ARM.attributes
                0x00000578       0x33 src/my_adc.o
 .ARM.attributes
                0x000005ab       0x33 src/PID.o
 .ARM.attributes
                0x000005de       0x33 src/HMI.o
 .ARM.attributes
                0x00000611       0x1d u:/installedapps/atmel/atmel toolchain/arm gcc/native/4.7.3.1029/arm-gnu-toolchain/bin/../lib/gcc/arm-none-eabi/4.7.3/armv7-m\libgcc.a(_arm_addsubdf3.o)
 .ARM.attributes
                0x0000062e       0x1d u:/installedapps/atmel/atmel toolchain/arm gcc/native/4.7.3.1029/arm-gnu-toolchain/bin/../lib/gcc/arm-none-eabi/4.7.3/armv7-m\libgcc.a(_arm_muldivdf3.o)
 .ARM.attributes
                0x0000064b       0x1d u:/installedapps/atmel/atmel toolchain/arm gcc/native/4.7.3.1029/arm-gnu-toolchain/bin/../lib/gcc/arm-none-eabi/4.7.3/armv7-m\libgcc.a(_arm_cmpdf2.o)
 .ARM.attributes
                0x00000668       0x1d u:/installedapps/atmel/atmel toolchain/arm gcc/native/4.7.3.1029/arm-gnu-toolchain/bin/../lib/gcc/arm-none-eabi/4.7.3/armv7-m\libgcc.a(_arm_fixdfsi.o)
 .ARM.attributes
                0x00000685       0x1d u:/installedapps/atmel/atmel toolchain/arm gcc/native/4.7.3.1029/arm-gnu-toolchain/bin/../lib/gcc/arm-none-eabi/4.7.3/armv7-m\libgcc.a(_arm_fixunsdfsi.o)
 .ARM.attributes
                0x000006a2       0x2d u:/installedapps/atmel/atmel toolchain/arm gcc/native/4.7.3.1029/arm-gnu-toolchain/bin/../lib/gcc/arm-none-eabi/4.7.3/../../../../arm-none-eabi/lib/armv7-m\libc.a(lib_a-__atexit.o)
 .ARM.attributes
                0x000006cf       0x2d u:/installedapps/atmel/atmel toolchain/arm gcc/native/4.7.3.1029/arm-gnu-toolchain/bin/../lib/gcc/arm-none-eabi/4.7.3/../../../../arm-none-eabi/lib/armv7-m\libc.a(lib_a-fini.o)
 .ARM.attributes
                0x000006fc       0x2d u:/installedapps/atmel/atmel toolchain/arm gcc/native/4.7.3.1029/arm-gnu-toolchain/bin/../lib/gcc/arm-none-eabi/4.7.3/../../../../arm-none-eabi/lib/armv7-m\libc.a(lib_a-impure.o)
 .ARM.attributes
                0x00000729       0x2d u:/installedapps/atmel/atmel toolchain/arm gcc/native/4.7.3.1029/arm-gnu-toolchain/bin/../lib/gcc/arm-none-eabi/4.7.3/../../../../arm-none-eabi/lib/armv7-m\libc.a(lib_a-init.o)
 .ARM.attributes
                0x00000756       0x2d u:/installedapps/atmel/atmel toolchain/arm gcc/native/4.7.3.1029/arm-gnu-toolchain/bin/../lib/gcc/arm-none-eabi/4.7.3/../../../../arm-none-eabi/lib/armv7-m\libc.a(lib_a-iprintf.o)
 .ARM.attributes
                0x00000783       0x2d u:/installedapps/atmel/atmel toolchain/arm gcc/native/4.7.3.1029/arm-gnu-toolchain/bin/../lib/gcc/arm-none-eabi/4.7.3/../../../../arm-none-eabi/lib/armv7-m\libc.a(lib_a-memcpy.o)
 .ARM.attributes
                0x000007b0       0x2d u:/installedapps/atmel/atmel toolchain/arm gcc/native/4.7.3.1029/arm-gnu-toolchain/bin/../lib/gcc/arm-none-eabi/4.7.3/../../../../arm-none-eabi/lib/armv7-m\libc.a(lib_a-memset.o)
 .ARM.attributes
                0x000007dd       0x2d u:/installedapps/atmel/atmel toolchain/arm gcc/native/4.7.3.1029/arm-gnu-toolchain/bin/../lib/gcc/arm-none-eabi/4.7.3/../../../../arm-none-eabi/lib/armv7-m\libc.a(lib_a-setbuf.o)
 .ARM.attributes
                0x0000080a       0x2d u:/installedapps/atmel/atmel toolchain/arm gcc/native/4.7.3.1029/arm-gnu-toolchain/bin/../lib/gcc/arm-none-eabi/4.7.3/../../../../arm-none-eabi/lib/armv7-m\libc.a(lib_a-setvbuf.o)
 .ARM.attributes
                0x00000837       0x2d u:/installedapps/atmel/atmel toolchain/arm gcc/native/4.7.3.1029/arm-gnu-toolchain/bin/../lib/gcc/arm-none-eabi/4.7.3/../../../../arm-none-eabi/lib/armv7-m\libc.a(lib_a-sprintf.o)
 .ARM.attributes
                0x00000864       0x2d u:/installedapps/atmel/atmel toolchain/arm gcc/native/4.7.3.1029/arm-gnu-toolchain/bin/../lib/gcc/arm-none-eabi/4.7.3/../../../../arm-none-eabi/lib/armv7-m\libc.a(lib_a-strlen.o)
 .ARM.attributes
                0x00000891       0x2d u:/installedapps/atmel/atmel toolchain/arm gcc/native/4.7.3.1029/arm-gnu-toolchain/bin/../lib/gcc/arm-none-eabi/4.7.3/../../../../arm-none-eabi/lib/armv7-m\libc.a(lib_a-strncpy.o)
 .ARM.attributes
                0x000008be       0x2d u:/installedapps/atmel/atmel toolchain/arm gcc/native/4.7.3.1029/arm-gnu-toolchain/bin/../lib/gcc/arm-none-eabi/4.7.3/../../../../arm-none-eabi/lib/armv7-m\libc.a(lib_a-svfprintf.o)
 .ARM.attributes
                0x000008eb       0x2d u:/installedapps/atmel/atmel toolchain/arm gcc/native/4.7.3.1029/arm-gnu-toolchain/bin/../lib/gcc/arm-none-eabi/4.7.3/../../../../arm-none-eabi/lib/armv7-m\libc.a(lib_a-vfiprintf.o)
 .ARM.attributes
                0x00000918       0x2d u:/installedapps/atmel/atmel toolchain/arm gcc/native/4.7.3.1029/arm-gnu-toolchain/bin/../lib/gcc/arm-none-eabi/4.7.3/../../../../arm-none-eabi/lib/armv7-m\libc.a(lib_a-wsetup.o)
 .ARM.attributes
                0x00000945       0x2d u:/installedapps/atmel/atmel toolchain/arm gcc/native/4.7.3.1029/arm-gnu-toolchain/bin/../lib/gcc/arm-none-eabi/4.7.3/../../../../arm-none-eabi/lib/armv7-m\libc.a(lib_a-__call_atexit.o)
 .ARM.attributes
                0x00000972       0x2d u:/installedapps/atmel/atmel toolchain/arm gcc/native/4.7.3.1029/arm-gnu-toolchain/bin/../lib/gcc/arm-none-eabi/4.7.3/../../../../arm-none-eabi/lib/armv7-m\libc.a(lib_a-atexit.o)
 .ARM.attributes
                0x0000099f       0x2d u:/installedapps/atmel/atmel toolchain/arm gcc/native/4.7.3.1029/arm-gnu-toolchain/bin/../lib/gcc/arm-none-eabi/4.7.3/../../../../arm-none-eabi/lib/armv7-m\libc.a(lib_a-fflush.o)
 .ARM.attributes
                0x000009cc       0x2d u:/installedapps/atmel/atmel toolchain/arm gcc/native/4.7.3.1029/arm-gnu-toolchain/bin/../lib/gcc/arm-none-eabi/4.7.3/../../../../arm-none-eabi/lib/armv7-m\libc.a(lib_a-findfp.o)
 .ARM.attributes
                0x000009f9       0x2d u:/installedapps/atmel/atmel toolchain/arm gcc/native/4.7.3.1029/arm-gnu-toolchain/bin/../lib/gcc/arm-none-eabi/4.7.3/../../../../arm-none-eabi/lib/armv7-m\libc.a(lib_a-fputwc.o)
 .ARM.attributes
                0x00000a26       0x2d u:/installedapps/atmel/atmel toolchain/arm gcc/native/4.7.3.1029/arm-gnu-toolchain/bin/../lib/gcc/arm-none-eabi/4.7.3/../../../../arm-none-eabi/lib/armv7-m\libc.a(lib_a-freer.o)
 .ARM.attributes
                0x00000a53       0x2d u:/installedapps/atmel/atmel toolchain/arm gcc/native/4.7.3.1029/arm-gnu-toolchain/bin/../lib/gcc/arm-none-eabi/4.7.3/../../../../arm-none-eabi/lib/armv7-m\libc.a(lib_a-fvwrite.o)
 .ARM.attributes
                0x00000a80       0x2d u:/installedapps/atmel/atmel toolchain/arm gcc/native/4.7.3.1029/arm-gnu-toolchain/bin/../lib/gcc/arm-none-eabi/4.7.3/../../../../arm-none-eabi/lib/armv7-m\libc.a(lib_a-fwalk.o)
 .ARM.attributes
                0x00000aad       0x2d u:/installedapps/atmel/atmel toolchain/arm gcc/native/4.7.3.1029/arm-gnu-toolchain/bin/../lib/gcc/arm-none-eabi/4.7.3/../../../../arm-none-eabi/lib/armv7-m\libc.a(lib_a-locale.o)
 .ARM.attributes
                0x00000ada       0x2d u:/installedapps/atmel/atmel toolchain/arm gcc/native/4.7.3.1029/arm-gnu-toolchain/bin/../lib/gcc/arm-none-eabi/4.7.3/../../../../arm-none-eabi/lib/armv7-m\libc.a(lib_a-makebuf.o)
 .ARM.attributes
                0x00000b07       0x2d u:/installedapps/atmel/atmel toolchain/arm gcc/native/4.7.3.1029/arm-gnu-toolchain/bin/../lib/gcc/arm-none-eabi/4.7.3/../../../../arm-none-eabi/lib/armv7-m\libc.a(lib_a-malloc.o)
 .ARM.attributes
                0x00000b34       0x2d u:/installedapps/atmel/atmel toolchain/arm gcc/native/4.7.3.1029/arm-gnu-toolchain/bin/../lib/gcc/arm-none-eabi/4.7.3/../../../../arm-none-eabi/lib/armv7-m\libc.a(lib_a-mallocr.o)
 .ARM.attributes
                0x00000b61       0x2d u:/installedapps/atmel/atmel toolchain/arm gcc/native/4.7.3.1029/arm-gnu-toolchain/bin/../lib/gcc/arm-none-eabi/4.7.3/../../../../arm-none-eabi/lib/armv7-m\libc.a(lib_a-memchr.o)
 .ARM.attributes
                0x00000b8e       0x2d u:/installedapps/atmel/atmel toolchain/arm gcc/native/4.7.3.1029/arm-gnu-toolchain/bin/../lib/gcc/arm-none-eabi/4.7.3/../../../../arm-none-eabi/lib/armv7-m\libc.a(lib_a-memmove.o)
 .ARM.attributes
                0x00000bbb       0x2d u:/installedapps/atmel/atmel toolchain/arm gcc/native/4.7.3.1029/arm-gnu-toolchain/bin/../lib/gcc/arm-none-eabi/4.7.3/../../../../arm-none-eabi/lib/armv7-m\libc.a(lib_a-mlock.o)
 .ARM.attributes
                0x00000be8       0x2d u:/installedapps/atmel/atmel toolchain/arm gcc/native/4.7.3.1029/arm-gnu-toolchain/bin/../lib/gcc/arm-none-eabi/4.7.3/../../../../arm-none-eabi/lib/armv7-m\libc.a(lib_a-reallocr.o)
 .ARM.attributes
                0x00000c15       0x2d u:/installedapps/atmel/atmel toolchain/arm gcc/native/4.7.3.1029/arm-gnu-toolchain/bin/../lib/gcc/arm-none-eabi/4.7.3/../../../../arm-none-eabi/lib/armv7-m\libc.a(lib_a-sbrkr.o)
 .ARM.attributes
                0x00000c42       0x2d u:/installedapps/atmel/atmel toolchain/arm gcc/native/4.7.3.1029/arm-gnu-toolchain/bin/../lib/gcc/arm-none-eabi/4.7.3/../../../../arm-none-eabi/lib/armv7-m\libc.a(lib_a-stdio.o)
 .ARM.attributes
                0x00000c6f       0x2d u:/installedapps/atmel/atmel toolchain/arm gcc/native/4.7.3.1029/arm-gnu-toolchain/bin/../lib/gcc/arm-none-eabi/4.7.3/../../../../arm-none-eabi/lib/armv7-m\libc.a(lib_a-strcmp.o)
 .ARM.attributes
                0x00000c9c       0x2d u:/installedapps/atmel/atmel toolchain/arm gcc/native/4.7.3.1029/arm-gnu-toolchain/bin/../lib/gcc/arm-none-eabi/4.7.3/../../../../arm-none-eabi/lib/armv7-m\libc.a(lib_a-svfiprintf.o)
 .ARM.attributes
                0x00000cc9       0x2d u:/installedapps/atmel/atmel toolchain/arm gcc/native/4.7.3.1029/arm-gnu-toolchain/bin/../lib/gcc/arm-none-eabi/4.7.3/../../../../arm-none-eabi/lib/armv7-m\libc.a(lib_a-wbuf.o)
 .ARM.attributes
                0x00000cf6       0x2d u:/installedapps/atmel/atmel toolchain/arm gcc/native/4.7.3.1029/arm-gnu-toolchain/bin/../lib/gcc/arm-none-eabi/4.7.3/../../../../arm-none-eabi/lib/armv7-m\libc.a(lib_a-wcrtomb.o)
 .ARM.attributes
                0x00000d23       0x2d u:/installedapps/atmel/atmel toolchain/arm gcc/native/4.7.3.1029/arm-gnu-toolchain/bin/../lib/gcc/arm-none-eabi/4.7.3/../../../../arm-none-eabi/lib/armv7-m\libc.a(lib_a-wctomb_r.o)
 .ARM.attributes
                0x00000d50       0x2d u:/installedapps/atmel/atmel toolchain/arm gcc/native/4.7.3.1029/arm-gnu-toolchain/bin/../lib/gcc/arm-none-eabi/4.7.3/../../../../arm-none-eabi/lib/armv7-m\libc.a(lib_a-writer.o)
 .ARM.attributes
                0x00000d7d       0x2d u:/installedapps/atmel/atmel toolchain/arm gcc/native/4.7.3.1029/arm-gnu-toolchain/bin/../lib/gcc/arm-none-eabi/4.7.3/../../../../arm-none-eabi/lib/armv7-m\libc.a(lib_a-closer.o)
 .ARM.attributes
                0x00000daa       0x2d u:/installedapps/atmel/atmel toolchain/arm gcc/native/4.7.3.1029/arm-gnu-toolchain/bin/../lib/gcc/arm-none-eabi/4.7.3/../../../../arm-none-eabi/lib/armv7-m\libc.a(lib_a-fclose.o)
 .ARM.attributes
                0x00000dd7       0x2d u:/installedapps/atmel/atmel toolchain/arm gcc/native/4.7.3.1029/arm-gnu-toolchain/bin/../lib/gcc/arm-none-eabi/4.7.3/../../../../arm-none-eabi/lib/armv7-m\libc.a(lib_a-fstatr.o)
 .ARM.attributes
                0x00000e04       0x2d u:/installedapps/atmel/atmel toolchain/arm gcc/native/4.7.3.1029/arm-gnu-toolchain/bin/../lib/gcc/arm-none-eabi/4.7.3/../../../../arm-none-eabi/lib/armv7-m\libc.a(lib_a-isattyr.o)
 .ARM.attributes
                0x00000e31       0x2d u:/installedapps/atmel/atmel toolchain/arm gcc/native/4.7.3.1029/arm-gnu-toolchain/bin/../lib/gcc/arm-none-eabi/4.7.3/../../../../arm-none-eabi/lib/armv7-m\libc.a(lib_a-lseekr.o)
 .ARM.attributes
                0x00000e5e       0x2d u:/installedapps/atmel/atmel toolchain/arm gcc/native/4.7.3.1029/arm-gnu-toolchain/bin/../lib/gcc/arm-none-eabi/4.7.3/../../../../arm-none-eabi/lib/armv7-m\libc.a(lib_a-readr.o)
 .ARM.attributes
                0x00000e8b       0x2d u:/installedapps/atmel/atmel toolchain/arm gcc/native/4.7.3.1029/arm-gnu-toolchain/bin/../lib/gcc/arm-none-eabi/4.7.3/../../../../arm-none-eabi/lib/armv7-m\libc.a(lib_a-reent.o)
 .ARM.attributes
                0x00000eb8       0x1d u:/installedapps/atmel/atmel toolchain/arm gcc/native/4.7.3.1029/arm-gnu-toolchain/bin/../lib/gcc/arm-none-eabi/4.7.3/armv7-m\libgcc.a(_aeabi_uldivmod.o)
 .ARM.attributes
                0x00000ed5       0x2d u:/installedapps/atmel/atmel toolchain/arm gcc/native/4.7.3.1029/arm-gnu-toolchain/bin/../lib/gcc/arm-none-eabi/4.7.3/armv7-m\libgcc.a(bpabi.o)
 .ARM.attributes
                0x00000f02       0x1d u:/installedapps/atmel/atmel toolchain/arm gcc/native/4.7.3.1029/arm-gnu-toolchain/bin/../lib/gcc/arm-none-eabi/4.7.3/armv7-m\libgcc.a(_dvmd_tls.o)
 .ARM.attributes
                0x00000f1f       0x2d u:/installedapps/atmel/atmel toolchain/arm gcc/native/4.7.3.1029/arm-gnu-toolchain/bin/../lib/gcc/arm-none-eabi/4.7.3/armv7-m\libgcc.a(_divdi3.o)
 .ARM.attributes
                0x00000f4c       0x2d u:/installedapps/atmel/atmel toolchain/arm gcc/native/4.7.3.1029/arm-gnu-toolchain/bin/../lib/gcc/arm-none-eabi/4.7.3/armv7-m\libgcc.a(_udivdi3.o)
 .ARM.attributes
                0x00000f79       0x2d u:/installedapps/atmel/atmel toolchain/arm gcc/native/4.7.3.1029/arm-gnu-toolchain/bin/../lib/gcc/arm-none-eabi/4.7.3/armv7-m/crtend.o
 .ARM.attributes
                0x00000fa6       0x1d u:/installedapps/atmel/atmel toolchain/arm gcc/native/4.7.3.1029/arm-gnu-toolchain/bin/../lib/gcc/arm-none-eabi/4.7.3/armv7-m/crtn.o

.comment        0x00000000       0x71
 .comment       0x00000000       0x71 u:/installedapps/atmel/atmel toolchain/arm gcc/native/4.7.3.1029/arm-gnu-toolchain/bin/../lib/gcc/arm-none-eabi/4.7.3/armv7-m/crtbegin.o
                                 0x72 (size before relaxing)
 .comment       0x00000000       0x72 src/ASF/sam/drivers/dacc/dacc.o
 .comment       0x00000000       0x72 src/global_variables.o
 .comment       0x00000000       0x72 src/timer_delay.o
 .comment       0x00000000       0x72 src/ASF/common/utils/stdio/read.o
 .comment       0x00000000       0x72 src/ASF/common/utils/stdio/write.o
 .comment       0x00000000       0x72 src/ASF/sam/drivers/adc/adc.o
 .comment       0x00000000       0x72 src/ASF/sam/drivers/tc/tc.o
 .comment       0x00000000       0x72 src/ASF/sam/drivers/uart/uart.o
 .comment       0x00000000       0x72 src/ASF/sam/drivers/usart/usart.o
 .comment       0x00000000       0x72 src/ASF/thirdparty/freertos/freertos-7.3.0/source/list.o
 .comment       0x00000000       0x72 src/ASF/thirdparty/freertos/freertos-7.3.0/source/portable/gcc/arm_cm3/port.o
 .comment       0x00000000       0x72 src/ASF/thirdparty/freertos/freertos-7.3.0/source/portable/memmang/heap_4.o
 .comment       0x00000000       0x72 src/ASF/thirdparty/freertos/freertos-7.3.0/source/queue.o
 .comment       0x00000000       0x72 src/ASF/thirdparty/freertos/freertos-7.3.0/source/tasks.o
 .comment       0x00000000       0x72 src/ASF/thirdparty/freertos/freertos-7.3.0/source/timers.o
 .comment       0x00000000       0x72 src/lcd_shield.o
 .comment       0x00000000       0x72 src/main.o
 .comment       0x00000000       0x72 src/ASF/common/services/clock/sam3x/sysclk.o
 .comment       0x00000000       0x72 src/ASF/sam/boards/arduino_due_x/init.o
 .comment       0x00000000       0x72 src/ASF/sam/drivers/pio/pio.o
 .comment       0x00000000       0x72 src/ASF/sam/drivers/pio/pio_handler.o
 .comment       0x00000000       0x72 src/ASF/sam/drivers/pmc/pmc.o
 .comment       0x00000000       0x72 src/ASF/sam/utils/cmsis/sam3x/source/templates/exceptions.o
 .comment       0x00000000       0x72 src/ASF/sam/utils/cmsis/sam3x/source/templates/gcc/startup_sam3x.o
 .comment       0x00000000       0x72 src/ASF/sam/utils/cmsis/sam3x/source/templates/system_sam3x.o
 .comment       0x00000000       0x72 src/ASF/sam/utils/syscalls/gcc/syscalls.o
 .comment       0x00000000       0x72 src/my_adc.o
 .comment       0x00000000       0x72 src/PID.o
 .comment       0x00000000       0x72 src/HMI.o
 .comment       0x00000000       0x72 u:/installedapps/atmel/atmel toolchain/arm gcc/native/4.7.3.1029/arm-gnu-toolchain/bin/../lib/gcc/arm-none-eabi/4.7.3/../../../../arm-none-eabi/lib/armv7-m\libc.a(lib_a-__atexit.o)
 .comment       0x00000000       0x72 u:/installedapps/atmel/atmel toolchain/arm gcc/native/4.7.3.1029/arm-gnu-toolchain/bin/../lib/gcc/arm-none-eabi/4.7.3/../../../../arm-none-eabi/lib/armv7-m\libc.a(lib_a-fini.o)
 .comment       0x00000000       0x72 u:/installedapps/atmel/atmel toolchain/arm gcc/native/4.7.3.1029/arm-gnu-toolchain/bin/../lib/gcc/arm-none-eabi/4.7.3/../../../../arm-none-eabi/lib/armv7-m\libc.a(lib_a-impure.o)
 .comment       0x00000000       0x72 u:/installedapps/atmel/atmel toolchain/arm gcc/native/4.7.3.1029/arm-gnu-toolchain/bin/../lib/gcc/arm-none-eabi/4.7.3/../../../../arm-none-eabi/lib/armv7-m\libc.a(lib_a-init.o)
 .comment       0x00000000       0x72 u:/installedapps/atmel/atmel toolchain/arm gcc/native/4.7.3.1029/arm-gnu-toolchain/bin/../lib/gcc/arm-none-eabi/4.7.3/../../../../arm-none-eabi/lib/armv7-m\libc.a(lib_a-iprintf.o)
 .comment       0x00000000       0x72 u:/installedapps/atmel/atmel toolchain/arm gcc/native/4.7.3.1029/arm-gnu-toolchain/bin/../lib/gcc/arm-none-eabi/4.7.3/../../../../arm-none-eabi/lib/armv7-m\libc.a(lib_a-memcpy.o)
 .comment       0x00000000       0x72 u:/installedapps/atmel/atmel toolchain/arm gcc/native/4.7.3.1029/arm-gnu-toolchain/bin/../lib/gcc/arm-none-eabi/4.7.3/../../../../arm-none-eabi/lib/armv7-m\libc.a(lib_a-memset.o)
 .comment       0x00000000       0x72 u:/installedapps/atmel/atmel toolchain/arm gcc/native/4.7.3.1029/arm-gnu-toolchain/bin/../lib/gcc/arm-none-eabi/4.7.3/../../../../arm-none-eabi/lib/armv7-m\libc.a(lib_a-setbuf.o)
 .comment       0x00000000       0x72 u:/installedapps/atmel/atmel toolchain/arm gcc/native/4.7.3.1029/arm-gnu-toolchain/bin/../lib/gcc/arm-none-eabi/4.7.3/../../../../arm-none-eabi/lib/armv7-m\libc.a(lib_a-setvbuf.o)
 .comment       0x00000000       0x72 u:/installedapps/atmel/atmel toolchain/arm gcc/native/4.7.3.1029/arm-gnu-toolchain/bin/../lib/gcc/arm-none-eabi/4.7.3/../../../../arm-none-eabi/lib/armv7-m\libc.a(lib_a-sprintf.o)
 .comment       0x00000000       0x72 u:/installedapps/atmel/atmel toolchain/arm gcc/native/4.7.3.1029/arm-gnu-toolchain/bin/../lib/gcc/arm-none-eabi/4.7.3/../../../../arm-none-eabi/lib/armv7-m\libc.a(lib_a-strlen.o)
 .comment       0x00000000       0x72 u:/installedapps/atmel/atmel toolchain/arm gcc/native/4.7.3.1029/arm-gnu-toolchain/bin/../lib/gcc/arm-none-eabi/4.7.3/../../../../arm-none-eabi/lib/armv7-m\libc.a(lib_a-strncpy.o)
 .comment       0x00000000       0x72 u:/installedapps/atmel/atmel toolchain/arm gcc/native/4.7.3.1029/arm-gnu-toolchain/bin/../lib/gcc/arm-none-eabi/4.7.3/../../../../arm-none-eabi/lib/armv7-m\libc.a(lib_a-svfprintf.o)
 .comment       0x00000000       0x72 u:/installedapps/atmel/atmel toolchain/arm gcc/native/4.7.3.1029/arm-gnu-toolchain/bin/../lib/gcc/arm-none-eabi/4.7.3/../../../../arm-none-eabi/lib/armv7-m\libc.a(lib_a-vfiprintf.o)
 .comment       0x00000000       0x72 u:/installedapps/atmel/atmel toolchain/arm gcc/native/4.7.3.1029/arm-gnu-toolchain/bin/../lib/gcc/arm-none-eabi/4.7.3/../../../../arm-none-eabi/lib/armv7-m\libc.a(lib_a-wsetup.o)
 .comment       0x00000000       0x72 u:/installedapps/atmel/atmel toolchain/arm gcc/native/4.7.3.1029/arm-gnu-toolchain/bin/../lib/gcc/arm-none-eabi/4.7.3/../../../../arm-none-eabi/lib/armv7-m\libc.a(lib_a-__call_atexit.o)
 .comment       0x00000000       0x72 u:/installedapps/atmel/atmel toolchain/arm gcc/native/4.7.3.1029/arm-gnu-toolchain/bin/../lib/gcc/arm-none-eabi/4.7.3/../../../../arm-none-eabi/lib/armv7-m\libc.a(lib_a-atexit.o)
 .comment       0x00000000       0x72 u:/installedapps/atmel/atmel toolchain/arm gcc/native/4.7.3.1029/arm-gnu-toolchain/bin/../lib/gcc/arm-none-eabi/4.7.3/../../../../arm-none-eabi/lib/armv7-m\libc.a(lib_a-fflush.o)
 .comment       0x00000000       0x72 u:/installedapps/atmel/atmel toolchain/arm gcc/native/4.7.3.1029/arm-gnu-toolchain/bin/../lib/gcc/arm-none-eabi/4.7.3/../../../../arm-none-eabi/lib/armv7-m\libc.a(lib_a-findfp.o)
 .comment       0x00000000       0x72 u:/installedapps/atmel/atmel toolchain/arm gcc/native/4.7.3.1029/arm-gnu-toolchain/bin/../lib/gcc/arm-none-eabi/4.7.3/../../../../arm-none-eabi/lib/armv7-m\libc.a(lib_a-fputwc.o)
 .comment       0x00000000       0x72 u:/installedapps/atmel/atmel toolchain/arm gcc/native/4.7.3.1029/arm-gnu-toolchain/bin/../lib/gcc/arm-none-eabi/4.7.3/../../../../arm-none-eabi/lib/armv7-m\libc.a(lib_a-freer.o)
 .comment       0x00000000       0x72 u:/installedapps/atmel/atmel toolchain/arm gcc/native/4.7.3.1029/arm-gnu-toolchain/bin/../lib/gcc/arm-none-eabi/4.7.3/../../../../arm-none-eabi/lib/armv7-m\libc.a(lib_a-fvwrite.o)
 .comment       0x00000000       0x72 u:/installedapps/atmel/atmel toolchain/arm gcc/native/4.7.3.1029/arm-gnu-toolchain/bin/../lib/gcc/arm-none-eabi/4.7.3/../../../../arm-none-eabi/lib/armv7-m\libc.a(lib_a-fwalk.o)
 .comment       0x00000000       0x72 u:/installedapps/atmel/atmel toolchain/arm gcc/native/4.7.3.1029/arm-gnu-toolchain/bin/../lib/gcc/arm-none-eabi/4.7.3/../../../../arm-none-eabi/lib/armv7-m\libc.a(lib_a-locale.o)
 .comment       0x00000000       0x72 u:/installedapps/atmel/atmel toolchain/arm gcc/native/4.7.3.1029/arm-gnu-toolchain/bin/../lib/gcc/arm-none-eabi/4.7.3/../../../../arm-none-eabi/lib/armv7-m\libc.a(lib_a-makebuf.o)
 .comment       0x00000000       0x72 u:/installedapps/atmel/atmel toolchain/arm gcc/native/4.7.3.1029/arm-gnu-toolchain/bin/../lib/gcc/arm-none-eabi/4.7.3/../../../../arm-none-eabi/lib/armv7-m\libc.a(lib_a-malloc.o)
 .comment       0x00000000       0x72 u:/installedapps/atmel/atmel toolchain/arm gcc/native/4.7.3.1029/arm-gnu-toolchain/bin/../lib/gcc/arm-none-eabi/4.7.3/../../../../arm-none-eabi/lib/armv7-m\libc.a(lib_a-mallocr.o)
 .comment       0x00000000       0x72 u:/installedapps/atmel/atmel toolchain/arm gcc/native/4.7.3.1029/arm-gnu-toolchain/bin/../lib/gcc/arm-none-eabi/4.7.3/../../../../arm-none-eabi/lib/armv7-m\libc.a(lib_a-memchr.o)
 .comment       0x00000000       0x72 u:/installedapps/atmel/atmel toolchain/arm gcc/native/4.7.3.1029/arm-gnu-toolchain/bin/../lib/gcc/arm-none-eabi/4.7.3/../../../../arm-none-eabi/lib/armv7-m\libc.a(lib_a-memmove.o)
 .comment       0x00000000       0x72 u:/installedapps/atmel/atmel toolchain/arm gcc/native/4.7.3.1029/arm-gnu-toolchain/bin/../lib/gcc/arm-none-eabi/4.7.3/../../../../arm-none-eabi/lib/armv7-m\libc.a(lib_a-mlock.o)
 .comment       0x00000000       0x72 u:/installedapps/atmel/atmel toolchain/arm gcc/native/4.7.3.1029/arm-gnu-toolchain/bin/../lib/gcc/arm-none-eabi/4.7.3/../../../../arm-none-eabi/lib/armv7-m\libc.a(lib_a-reallocr.o)
 .comment       0x00000000       0x72 u:/installedapps/atmel/atmel toolchain/arm gcc/native/4.7.3.1029/arm-gnu-toolchain/bin/../lib/gcc/arm-none-eabi/4.7.3/../../../../arm-none-eabi/lib/armv7-m\libc.a(lib_a-sbrkr.o)
 .comment       0x00000000       0x72 u:/installedapps/atmel/atmel toolchain/arm gcc/native/4.7.3.1029/arm-gnu-toolchain/bin/../lib/gcc/arm-none-eabi/4.7.3/../../../../arm-none-eabi/lib/armv7-m\libc.a(lib_a-stdio.o)
 .comment       0x00000000       0x72 u:/installedapps/atmel/atmel toolchain/arm gcc/native/4.7.3.1029/arm-gnu-toolchain/bin/../lib/gcc/arm-none-eabi/4.7.3/../../../../arm-none-eabi/lib/armv7-m\libc.a(lib_a-strcmp.o)
 .comment       0x00000000       0x72 u:/installedapps/atmel/atmel toolchain/arm gcc/native/4.7.3.1029/arm-gnu-toolchain/bin/../lib/gcc/arm-none-eabi/4.7.3/../../../../arm-none-eabi/lib/armv7-m\libc.a(lib_a-svfiprintf.o)
 .comment       0x00000000       0x72 u:/installedapps/atmel/atmel toolchain/arm gcc/native/4.7.3.1029/arm-gnu-toolchain/bin/../lib/gcc/arm-none-eabi/4.7.3/../../../../arm-none-eabi/lib/armv7-m\libc.a(lib_a-wbuf.o)
 .comment       0x00000000       0x72 u:/installedapps/atmel/atmel toolchain/arm gcc/native/4.7.3.1029/arm-gnu-toolchain/bin/../lib/gcc/arm-none-eabi/4.7.3/../../../../arm-none-eabi/lib/armv7-m\libc.a(lib_a-wcrtomb.o)
 .comment       0x00000000       0x72 u:/installedapps/atmel/atmel toolchain/arm gcc/native/4.7.3.1029/arm-gnu-toolchain/bin/../lib/gcc/arm-none-eabi/4.7.3/../../../../arm-none-eabi/lib/armv7-m\libc.a(lib_a-wctomb_r.o)
 .comment       0x00000000       0x72 u:/installedapps/atmel/atmel toolchain/arm gcc/native/4.7.3.1029/arm-gnu-toolchain/bin/../lib/gcc/arm-none-eabi/4.7.3/../../../../arm-none-eabi/lib/armv7-m\libc.a(lib_a-writer.o)
 .comment       0x00000000       0x72 u:/installedapps/atmel/atmel toolchain/arm gcc/native/4.7.3.1029/arm-gnu-toolchain/bin/../lib/gcc/arm-none-eabi/4.7.3/../../../../arm-none-eabi/lib/armv7-m\libc.a(lib_a-closer.o)
 .comment       0x00000000       0x72 u:/installedapps/atmel/atmel toolchain/arm gcc/native/4.7.3.1029/arm-gnu-toolchain/bin/../lib/gcc/arm-none-eabi/4.7.3/../../../../arm-none-eabi/lib/armv7-m\libc.a(lib_a-fclose.o)
 .comment       0x00000000       0x72 u:/installedapps/atmel/atmel toolchain/arm gcc/native/4.7.3.1029/arm-gnu-toolchain/bin/../lib/gcc/arm-none-eabi/4.7.3/../../../../arm-none-eabi/lib/armv7-m\libc.a(lib_a-fstatr.o)
 .comment       0x00000000       0x72 u:/installedapps/atmel/atmel toolchain/arm gcc/native/4.7.3.1029/arm-gnu-toolchain/bin/../lib/gcc/arm-none-eabi/4.7.3/../../../../arm-none-eabi/lib/armv7-m\libc.a(lib_a-isattyr.o)
 .comment       0x00000000       0x72 u:/installedapps/atmel/atmel toolchain/arm gcc/native/4.7.3.1029/arm-gnu-toolchain/bin/../lib/gcc/arm-none-eabi/4.7.3/../../../../arm-none-eabi/lib/armv7-m\libc.a(lib_a-lseekr.o)
 .comment       0x00000000       0x72 u:/installedapps/atmel/atmel toolchain/arm gcc/native/4.7.3.1029/arm-gnu-toolchain/bin/../lib/gcc/arm-none-eabi/4.7.3/../../../../arm-none-eabi/lib/armv7-m\libc.a(lib_a-readr.o)
 .comment       0x00000000       0x72 u:/installedapps/atmel/atmel toolchain/arm gcc/native/4.7.3.1029/arm-gnu-toolchain/bin/../lib/gcc/arm-none-eabi/4.7.3/../../../../arm-none-eabi/lib/armv7-m\libc.a(lib_a-reent.o)
 .comment       0x00000000       0x72 u:/installedapps/atmel/atmel toolchain/arm gcc/native/4.7.3.1029/arm-gnu-toolchain/bin/../lib/gcc/arm-none-eabi/4.7.3/armv7-m\libgcc.a(bpabi.o)
 .comment       0x00000000       0x72 u:/installedapps/atmel/atmel toolchain/arm gcc/native/4.7.3.1029/arm-gnu-toolchain/bin/../lib/gcc/arm-none-eabi/4.7.3/armv7-m\libgcc.a(_divdi3.o)
 .comment       0x00000000       0x72 u:/installedapps/atmel/atmel toolchain/arm gcc/native/4.7.3.1029/arm-gnu-toolchain/bin/../lib/gcc/arm-none-eabi/4.7.3/armv7-m\libgcc.a(_udivdi3.o)
 .comment       0x00000000       0x72 u:/installedapps/atmel/atmel toolchain/arm gcc/native/4.7.3.1029/arm-gnu-toolchain/bin/../lib/gcc/arm-none-eabi/4.7.3/armv7-m/crtend.o

.debug_info     0x00000000    0x3183d
 .debug_info    0x00000000      0x89e src/ASF/sam/drivers/dacc/dacc.o
 .debug_info    0x0000089e      0xab2 src/global_variables.o
 .debug_info    0x00001350     0x1194 src/timer_delay.o
 .debug_info    0x000024e4      0x1d8 src/ASF/common/utils/stdio/read.o
 .debug_info    0x000026bc      0x1aa src/ASF/common/utils/stdio/write.o
 .debug_info    0x00002866     0x1114 src/ASF/sam/drivers/adc/adc.o
 .debug_info    0x0000397a      0x932 src/ASF/sam/drivers/tc/tc.o
 .debug_info    0x000042ac      0x802 src/ASF/sam/drivers/uart/uart.o
 .debug_info    0x00004aae     0x1b26 src/ASF/sam/drivers/usart/usart.o